10-10 02:00:05.195  1986  1986 D CompatConfig: Adding: com.android.server.compat.config.Change@e67bca9
10-10 02:00:05.195  1986  1986 D CompatConfig: Adding: com.android.server.compat.config.Change@15d022e
10-10 02:00:05.195  1986  1986 D CompatConfig: Adding: com.android.server.compat.config.Change@8d821cf
10-10 02:00:05.195  1986  1986 D CompatConfig: Adding: com.android.server.compat.config.Change@bd67a65
10-10 02:00:05.195  1986  1986 D CompatConfig: Adding: com.android.server.compat.config.Change@2bb133a
10-10 02:00:05.195  1986  2014 I SystemConfig: Reading permissions from /system/etc/permissions/privapp-permissions-platform.xml
10-10 02:00:05.195  1986  1986 D CompatConfig: Adding: com.android.server.compat.config.Change@25f0beb
10-10 02:00:05.195  1986  1986 D CompatConfig: Adding: com.android.server.compat.config.Change@adbdd48
10-10 02:00:05.195  1986  1986 D CompatConfig: Adding: com.android.server.compat.config.Change@ab957e1
10-10 02:00:05.195  1986  1986 D CompatConfig: Adding: com.android.server.compat.config.Change@2b72906
10-10 02:00:05.195  1986  1986 D CompatConfig: Adding: com.android.server.compat.config.Change@7207bc7
10-10 02:00:05.195  1986  1986 D CompatConfig: Adding: com.android.server.compat.config.Change@17585f4
10-10 02:00:05.195  1986  1986 D CompatConfig: Adding: com.android.server.compat.config.Change@c92911d
10-10 02:00:05.195  1986  1986 D CompatConfig: Adding: com.android.server.compat.config.Change@c0ccf92
10-10 02:00:05.195  1986  1986 D CompatConfig: Adding: com.android.server.compat.config.Change@59f0d63
10-10 02:00:05.195  1986  1986 D CompatConfig: Adding: com.android.server.compat.config.Change@85f0d60
10-10 02:00:05.195  1986  1986 D CompatConfig: Adding: com.android.server.compat.config.Change@ecc2219
10-10 02:00:05.195  1986  1986 D CompatConfig: Adding: com.android.server.compat.config.Change@7a452de
10-10 02:00:05.195  1986  1986 D CompatConfig: Adding: com.android.server.compat.config.Change@7eb1cbf
10-10 02:00:05.195  1986  1986 D CompatConfig: Adding: com.android.server.compat.config.Change@c979f8c
10-10 02:00:05.195  1986  1986 D CompatConfig: Adding: com.android.server.compat.config.Change@173c6d5
10-10 02:00:05.195  1986  1986 D CompatConfig: Adding: com.android.server.compat.config.Change@29ebeea
10-10 02:00:05.195  1986  1986 D CompatConfig: Adding: com.android.server.compat.config.Change@ebec5db
10-10 02:00:05.195  1986  1986 D CompatConfig: Adding: com.android.server.compat.config.Change@9e52878
10-10 02:00:05.195  1986  1986 D CompatConfig: Adding: com.android.server.compat.config.Change@db6fb51
10-10 02:00:05.195  1986  1986 D CompatConfig: Adding: com.android.server.compat.config.Change@921dfb6
10-10 02:00:05.195  1986  1986 D CompatConfig: Adding: com.android.server.compat.config.Change@259e4b7
10-10 02:00:05.195  1986  1986 D CompatConfig: Adding: com.android.server.compat.config.Change@805424
10-10 02:00:05.195  1986  1986 D CompatConfig: Adding: com.android.server.compat.config.Change@81efb8d
10-10 02:00:05.195  1986  1986 D CompatConfig: Adding: com.android.server.compat.config.Change@1e44142
10-10 02:00:05.195  1986  1986 D CompatConfig: Adding: com.android.server.compat.config.Change@51e1553
10-10 02:00:05.195  1986  1986 D CompatConfig: Adding: com.android.server.compat.config.Change@9808e90
10-10 02:00:05.195  1986  1986 D CompatConfig: Adding: com.android.server.compat.config.Change@a8cc389
10-10 02:00:05.195  1986  1986 D CompatConfig: Adding: com.android.server.compat.config.Change@6792f8e
10-10 02:00:05.195  1986  1986 D CompatConfig: Adding: com.android.server.compat.config.Change@3eab3af
10-10 02:00:05.195  1986  1986 D CompatConfig: Adding: com.android.server.compat.config.Change@60803bc
10-10 02:00:05.195  1986  1986 D CompatConfig: Adding: com.android.server.compat.config.Change@1f50f45
10-10 02:00:05.196  1986  1986 D CompatConfig: Found a config file: /system/system_ext/etc/compatconfig/settings-platform-compat-config.xml
10-10 02:00:05.196  1986  1986 D CompatConfig: Adding: com.android.server.compat.config.Change@38dbcb
10-10 02:00:05.196  1986  2014 I SystemConfig: Reading permissions from /system/etc/permissions/com.android.documentsui.xml
10-10 02:00:05.197  1986  1986 D CompatConfig: No directory /apex/com.android.vndk.v31/etc/compatconfig, skipping
10-10 02:00:05.197  1986  1986 D CompatConfig: No directory /apex/com.android.vndk.v30/etc/compatconfig, skipping
10-10 02:00:05.197  1986  1986 D CompatConfig: No directory /apex/com.android.wifi/etc/compatconfig, skipping
10-10 02:00:05.197  1986  1986 D CompatConfig: No directory /apex/com.android.vndk.v32/etc/compatconfig, skipping
10-10 02:00:05.197  1986  2014 I SystemConfig: Reading permissions from /system/etc/permissions/com.android.networkstack.tethering.xml
10-10 02:00:05.197  1986  1986 D CompatConfig: No directory /apex/com.android.tzdata/etc/compatconfig, skipping
10-10 02:00:05.197  1986  1986 D CompatConfig: No directory /apex/com.android.tethering/etc/compatconfig, skipping
10-10 02:00:05.197  1986  1986 D CompatConfig: No directory /apex/com.android.sdkext/etc/compatconfig, skipping
10-10 02:00:05.197  1986  1986 D CompatConfig: No directory /apex/com.android.scheduling/etc/compatconfig, skipping
10-10 02:00:05.197  1986  1986 D CompatConfig: No directory /apex/com.android.runtime/etc/compatconfig, skipping
10-10 02:00:05.197  1986  1986 D CompatConfig: No directory /apex/com.android.resolv/etc/compatconfig, skipping
10-10 02:00:05.197  1986  1986 D CompatConfig: No directory /apex/com.android.permission/etc/compatconfig, skipping
10-10 02:00:05.197  1986  2014 I SystemConfig: Reading permissions from /system/etc/permissions/android.software.webview.xml
10-10 02:00:05.197  1986  1986 D CompatConfig: No directory /apex/com.android.os.statsd/etc/compatconfig, skipping
10-10 02:00:05.197  1986  1986 D CompatConfig: No directory /apex/com.android.neuralnetworks/etc/compatconfig, skipping
10-10 02:00:05.197  1986  2014 I SystemConfig: Reading permissions from /system/etc/permissions/com.android.location.provider.xml
10-10 02:00:05.197  1986  1986 D CompatConfig: Found a config file: /apex/com.android.mediaprovider/etc/compatconfig/media-provider-platform-compat-config.xml
10-10 02:00:05.198  1986  2014 I SystemConfig: Reading permissions from /system/etc/permissions/com.android.networkstack.xml
10-10 02:00:05.198  1986  1986 D CompatConfig: Adding: com.android.server.compat.config.Change@9137ef2
10-10 02:00:05.198  1986  1986 D CompatConfig: Adding: com.android.server.compat.config.Change@f26f943
10-10 02:00:05.198  1986  1986 D CompatConfig: Adding: com.android.server.compat.config.Change@5cbbc0
10-10 02:00:05.198  1986  1986 D CompatConfig: Adding: com.android.server.compat.config.Change@f30a0f9
10-10 02:00:05.198  1986  1986 D CompatConfig: Adding: com.android.server.compat.config.Change@256983e
10-10 02:00:05.198  1986  1986 D CompatConfig: Adding: com.android.server.compat.config.Change@f35e69f
10-10 02:00:05.198  1986  1986 D CompatConfig: Adding: com.android.server.compat.config.Change@431d3ec
10-10 02:00:05.198  1986  2014 I SystemConfig: Reading permissions from /system/etc/permissions/javax.obex.xml
10-10 02:00:05.198  1986  1986 D CompatConfig: No directory /apex/com.android.media.swcodec/etc/compatconfig, skipping
10-10 02:00:05.198  1986  1986 D CompatConfig: No directory /apex/com.android.media/etc/compatconfig, skipping
10-10 02:00:05.198  1986  1986 D CompatConfig: No directory /apex/com.android.ipsec/etc/compatconfig, skipping
10-10 02:00:05.199  1986  1986 D CompatConfig: No directory /apex/com.android.i18n/etc/compatconfig, skipping
10-10 02:00:05.199  1986  1986 D CompatConfig: No directory /apex/com.android.extservices/etc/compatconfig, skipping
10-10 02:00:05.199  1986  1986 D CompatConfig: No directory /apex/com.android.conscrypt/etc/compatconfig, skipping
10-10 02:00:05.199  1986  1986 D CompatConfig: Found a config file: /apex/com.android.art/etc/compatconfig/libcore-platform-compat-config.xml
10-10 02:00:05.199  1986  2014 I SystemConfig: Reading permissions from /system/etc/permissions/android.test.runner.xml
10-10 02:00:05.199  1986  1986 D CompatConfig: Adding: com.android.server.compat.config.Change@c907631
10-10 02:00:05.199  1986  2014 I SystemConfig: Reading permissions from /system/etc/permissions/com.android.nfc_extras.xml
10-10 02:00:05.199  1986  1986 D CompatConfig: Adding: com.android.server.compat.config.Change@86b7116
10-10 02:00:05.199  1986  1986 D CompatConfig: Adding: com.android.server.compat.config.Change@f380a97
10-10 02:00:05.199  1986  1986 D CompatConfig: Adding: com.android.server.compat.config.Change@5e0b484
10-10 02:00:05.199  1986  1986 D CompatConfig: Adding: com.android.server.compat.config.Change@9c5446d
10-10 02:00:05.200  1986  1986 D CompatConfig: No directory /apex/com.android.appsearch/etc/compatconfig, skipping
10-10 02:00:05.200  1986  1986 D CompatConfig: No directory /apex/com.android.adbd/etc/compatconfig, skipping
10-10 02:00:05.200  1986  2014 I SystemConfig: Reading permissions from /system/etc/permissions/android.test.base.xml
10-10 02:00:05.200  1986  2014 I SystemConfig: Reading permissions from /system/etc/permissions/org.apache.http.legacy.xml
10-10 02:00:05.200  1986  2014 I SystemConfig: Reading permissions from /system/etc/permissions/com.android.media.remotedisplay.xml
10-10 02:00:05.201  1986  2014 I SystemConfig: Reading permissions from /system/etc/permissions/lynx-priv-app-permissions.xml
10-10 02:00:05.201  1986  2014 I SystemConfig: Reading permissions from /system/etc/permissions/android.software.live_wallpaper.xml
10-10 02:00:05.201  1986  2014 I SystemConfig: Reading permissions from /system/etc/permissions/platform.xml
10-10 02:00:05.202  1986  1986 D SystemServerTiming: StartFileIntegrityService
10-10 02:00:05.202  1986  1986 I SystemServiceManager: Starting com.android.server.security.FileIntegrityService
10-10 02:00:05.203  1986  2014 I SystemConfig: Reading permissions from /vendor/etc/permissions/android.software.midi.xml
10-10 02:00:05.204  1986  2014 I SystemConfig: Reading permissions from /vendor/etc/permissions/android.hardware.camera.full.xml
10-10 02:00:05.204  1986  2014 I SystemConfig: Reading permissions from /vendor/etc/permissions/android.hardware.strongbox_keystore.xml
10-10 02:00:05.204  1986  2014 I SystemConfig: Reading permissions from /vendor/etc/permissions/android.hardware.wifi.rtt.xml
10-10 02:00:05.205  1986  2014 I SystemConfig: Reading permissions from /vendor/etc/permissions/android.hardware.light.xml
10-10 02:00:05.205  1986  2014 I SystemConfig: Reading permissions from /vendor/etc/permissions/android.hardware.sensor.ambient_temperature.xml
10-10 02:00:05.205  1986  2014 I SystemConfig: Reading permissions from /vendor/etc/permissions/android.hardware.sensor.light.xml
10-10 02:00:05.205  1986  2014 I SystemConfig: Reading permissions from /vendor/etc/permissions/android.hardware.se.omapi.uicc.xml
10-10 02:00:05.206  1986  2014 I SystemConfig: Reading permissions from /vendor/etc/permissions/android.hardware.sensor.accelerometer.xml
10-10 02:00:05.206  1986  1986 D SystemServerTiming: StartInstaller
10-10 02:00:05.206  1986  1986 I SystemServiceManager: Starting com.android.server.pm.Installer
10-10 02:00:05.206  1986  2014 I SystemConfig: Reading permissions from /vendor/etc/permissions/android.software.verified_boot.xml
10-10 02:00:05.206  1986  2014 I SystemConfig: Reading permissions from /vendor/etc/permissions/android.hardware.vulkan.compute-0.xml
10-10 02:00:05.207  1986  2014 I SystemConfig: Reading permissions from /vendor/etc/permissions/android.hardware.sensor.gyroscope.xml
10-10 02:00:05.207  1986  2014 I SystemConfig: Reading permissions from /vendor/etc/permissions/android.hardware.sensor.compass.xml
10-10 02:00:05.207  1986  2014 I SystemConfig: Reading permissions from /vendor/etc/permissions/android.hardware.vulkan.version-1_1.xml
10-10 02:00:05.207  1986  2014 I SystemConfig: Reading permissions from /vendor/etc/permissions/android.hardware.wifi.passpoint.xml
10-10 02:00:05.208  1986  2014 I SystemConfig: Reading permissions from /vendor/etc/permissions/android.hardware.wifi.direct.xml
10-10 02:00:05.208  1986  2014 I SystemConfig: Reading permissions from /vendor/etc/permissions/android.hardware.audio.low_latency.xml
10-10 02:00:05.208  1986  2014 I SystemConfig: Reading permissions from /vendor/etc/permissions/vendor-qti-hardware-sensorscalibrate.xml
10-10 02:00:05.209  1986  2014 I SystemConfig: Reading permissions from /vendor/etc/permissions/android.hardware.sensor.barometer.xml
10-10 02:00:05.209  1986  2014 I SystemConfig: Reading permissions from /vendor/etc/permissions/android.software.vulkan.deqp.level.xml
10-10 02:00:05.209  1986  2014 I SystemConfig: Reading permissions from /vendor/etc/permissions/android.hardware.location.gps.xml
10-10 02:00:05.209  1986  2014 I SystemConfig: Reading permissions from /vendor/etc/permissions/android.hardware.sensor.stepdetector.xml
10-10 02:00:05.210  1986  2014 I SystemConfig: Reading permissions from /vendor/etc/permissions/android.hardware.wifi.xml
10-10 02:00:05.210  1986  2014 I SystemConfig: Reading permissions from /vendor/etc/permissions/qti_fingerprint_interface.xml
10-10 02:00:05.210  1986  2014 I SystemConfig: Reading permissions from /vendor/etc/permissions/android.hardware.sensor.stepcounter.xml
10-10 02:00:05.211  1986  2014 I SystemConfig: Reading permissions from /vendor/etc/permissions/android.software.device_id_attestation.xml
10-10 02:00:05.211  1986  2014 I SystemConfig: Reading permissions from /vendor/etc/permissions/android.hardware.sensor.hifi_sensors.xml
10-10 02:00:05.211  1986  2014 I SystemConfig: Reading permissions from /vendor/etc/permissions/android.software.ipsec_tunnels.xml
10-10 02:00:05.211  1986  2014 I SystemConfig: Reading permissions from /vendor/etc/permissions/android.hardware.wifi.aware.xml
10-10 02:00:05.212  1986  2014 I SystemConfig: Reading permissions from /vendor/etc/permissions/vendor.qti.hardware.factory.xml
10-10 02:00:05.212  1986  1986 D SystemServerTiming: DeviceIdentifiersPolicyService
10-10 02:00:05.212  1986  2014 I SystemConfig: Reading permissions from /vendor/etc/permissions/android.hardware.usb.host.xml
10-10 02:00:05.212  1986  1986 I SystemServiceManager: Starting com.android.server.os.DeviceIdentifiersPolicyService
10-10 02:00:05.212  1986  2014 I SystemConfig: Reading permissions from /vendor/etc/permissions/handheld_core_hardware.xml
10-10 02:00:05.212  1986  1986 D SystemServerTiming: UriGrantsManagerService
10-10 02:00:05.212  1986  1986 I SystemServiceManager: Starting com.android.server.uri.UriGrantsManagerService$Lifecycle
10-10 02:00:05.213  1986  2014 I SystemConfig: Reading permissions from /vendor/etc/permissions/android.hardware.bluetooth_le.xml
10-10 02:00:05.213  1986  1986 D SystemServerTiming: StartPowerStatsService
10-10 02:00:05.213  1986  1986 I SystemServiceManager: Starting com.android.server.powerstats.PowerStatsService
10-10 02:00:05.213  1986  2014 I SystemConfig: Reading permissions from /vendor/etc/permissions/android.hardware.camera.flash-autofocus.xml
10-10 02:00:05.213  1986  2014 I SystemConfig: Reading permissions from /vendor/etc/permissions/android.hardware.bluetooth.xml
10-10 02:00:05.216     0     0 I binder  : 1986:1986 ioctl 40046210 7fe2934ae4 returned -22
10-10 02:00:05.217  1986  1986 D SystemServerTiming: StartIStatsService
10-10 02:00:05.218  1986  1986 D SystemServerTiming: MemtrackProxyService
10-10 02:00:05.219  1986  2014 I SystemConfig: Reading permissions from /vendor/etc/permissions/android.hardware.se.omapi.ese.xml
10-10 02:00:05.219  1986  1986 D SystemServerTiming: StartActivityManager
10-10 02:00:05.219  1986  1986 I SystemServiceManager: Starting com.android.server.wm.ActivityTaskManagerService$Lifecycle
10-10 02:00:05.221  1986  2014 I SystemConfig: Reading permissions from /vendor/etc/permissions/android.hardware.sensor.proximity.xml
10-10 02:00:05.223  1986  2014 I SystemConfig: Reading permissions from /vendor/etc/permissions/android.hardware.opengles.aep.xml
10-10 02:00:05.223  1986  2014 I SystemConfig: Reading permissions from /vendor/etc/permissions/android.software.sip.voip.xml
10-10 02:00:05.236  1986  2014 I SystemConfig: Reading permissions from /vendor/etc/permissions/android.hardware.vulkan.level-1.xml
10-10 02:00:05.237  1986  2014 I SystemConfig: Reading permissions from /vendor/etc/permissions/android.hardware.touchscreen.multitouch.jazzhand.xml
10-10 02:00:05.237  1986  2014 I SystemConfig: Reading permissions from /vendor/etc/permissions/android.hardware.audio.pro.xml
10-10 02:00:05.238  1986  2014 I SystemConfig: Reading permissions from /vendor/etc/permissions/android.hardware.camera.raw.xml
10-10 02:00:05.238  1986  2014 I SystemConfig: Reading permissions from /vendor/etc/permissions/android.hardware.sensor.relative_humidity.xml
10-10 02:00:05.238  1986  2014 I SystemConfig: Reading permissions from /vendor/etc/permissions/android.hardware.usb.accessory.xml
10-10 02:00:05.238  1986  1986 I SystemServiceManager: Starting com.android.server.am.ActivityManagerService$Lifecycle
10-10 02:00:05.238  1986  2014 I SystemConfig: Reading permissions from /vendor/etc/permissions/android.hardware.camera.front.xml
10-10 02:00:05.240  1986  2014 I SystemConfig: Reading permissions from /vendor/etc/permissions/noRil/apq_excluded_telephony_features.xml
10-10 02:00:05.241  1986  2014 I SystemConfig: Reading permissions from /product/etc/sysconfig/preinstalled-packages-platform-overlays.xml
10-10 02:00:05.241  1986  2014 I SystemConfig: Reading permissions from /product/etc/sysconfig/preinstalled-packages-platform-handheld-product.xml
10-10 02:00:05.243  1986  2014 I SystemConfig: Reading permissions from /product/etc/permissions/telephony_product_privapp-permissions-qti.xml
10-10 02:00:05.243  1986  2014 I SystemConfig: Reading permissions from /product/etc/permissions/com.qti.snapdragon.sdk.display.xml
10-10 02:00:05.243  1986  2014 I SystemConfig: Reading permissions from /product/etc/permissions/privapp-permissions-soundrecorder.xml
10-10 02:00:05.244  1986  2014 I SystemConfig: Reading permissions from /product/etc/permissions/extphonelib_product.xml
10-10 02:00:05.244  1986  1986 I ActivityManager: Memory class: 512
10-10 02:00:05.244  1986  2014 I SystemConfig: Reading permissions from /product/etc/permissions/vendor.qti.hardware.data.connection-V1.0-java.xml
10-10 02:00:05.245  1986  2014 I SystemConfig: Reading permissions from /product/etc/permissions/UimService.xml
10-10 02:00:05.245  1986  2014 I SystemConfig: Reading permissions from /product/etc/permissions/com.android.settings.intelligence.xml
10-10 02:00:05.245  1986  2017 I Binder  : Setting heavy hitter watcher config: false, 0, 0.0
10-10 02:00:05.245  1986  2014 I SystemConfig: Reading permissions from /product/etc/permissions/com.android.contacts.xml
10-10 02:00:05.246  1986  2014 I SystemConfig: Reading permissions from /product/etc/permissions/ims_ext_common.xml
10-10 02:00:05.246  1986  2014 I SystemConfig: Reading permissions from /product/etc/permissions/vendor.qti.hardware.data.connection-V1.1-java.xml
10-10 02:00:05.247  1986  2014 I SystemConfig: Reading permissions from /system_ext/etc/sysconfig/whitelist_com.qualcomm.qti.uceShimService.xml
10-10 02:00:05.247  1986  2014 I SystemConfig: Reading permissions from /system_ext/etc/sysconfig/qti_telephony_system_packages_config.xml
10-10 02:00:05.248  1986  2014 I SystemConfig: Reading permissions from /system_ext/etc/sysconfig/qti_whitelist_system_ext.xml
10-10 02:00:05.248  1986  2014 I SystemConfig: Reading permissions from /system_ext/etc/permissions/com.qualcomm.qti.imscmservice-V2.0-java.xml
10-10 02:00:05.248  1986  2014 I SystemConfig: Reading permissions from /system_ext/etc/permissions/wfd-system-ext-privapp-permissions-qti.xml
10-10 02:00:05.249  1986  2014 I SystemConfig: Reading permissions from /system_ext/etc/permissions/audiosphere.xml
10-10 02:00:05.249  1986  2014 I SystemConfig: Reading permissions from /system_ext/etc/permissions/com.qti.location.sdk.xml
10-10 02:00:05.249  1986  2014 I SystemConfig: Reading permissions from /system_ext/etc/permissions/dpmapi.xml
10-10 02:00:05.250  1986  2014 I SystemConfig: Reading permissions from /system_ext/etc/permissions/com.android.settings.xml
10-10 02:00:05.250  1986  2014 I SystemConfig: Reading permissions from /system_ext/etc/permissions/com.qualcomm.qti.imscmservice-V2.1-java.xml
10-10 02:00:05.250  1986  2014 I SystemConfig: Reading permissions from /system_ext/etc/permissions/com.qualcomm.location.xml
10-10 02:00:05.251  1986  2014 I SystemConfig: Reading permissions from /system_ext/etc/permissions/com.qualcomm.qti.imscmservice-V2.2-java.xml
10-10 02:00:05.251  1986  2014 I SystemConfig: Reading permissions from /system_ext/etc/permissions/qti_supplicant_interface.xml
10-10 02:00:05.252  1986  2014 I SystemConfig: Reading permissions from /system_ext/etc/permissions/privapp-permissions-aptxals.xml
10-10 02:00:05.252  1986  2014 I SystemConfig: Reading permissions from /system_ext/etc/permissions/com.nxp.nfc.nq.xml
10-10 02:00:05.253  1986  2014 I SystemConfig: Reading permissions from /system_ext/etc/permissions/qti_permissions.xml
10-10 02:00:05.253  1986  2014 I SystemConfig: Reading permissions from /system_ext/etc/permissions/android.software.verified_boot.xml
10-10 02:00:05.254  1986  2014 I SystemConfig: Reading permissions from /system_ext/etc/permissions/telephony_system-ext_privapp-permissions-qti.xml
10-10 02:00:05.254  1986  2014 I SystemConfig: Reading permissions from /system_ext/etc/permissions/vendor.qti.ims.rcsservice.xml
10-10 02:00:05.255  1986  2014 I SystemConfig: Reading permissions from /system_ext/etc/permissions/com.android.carrierconfig.xml
10-10 02:00:05.255  1986  2014 I SystemConfig: Reading permissions from /system_ext/etc/permissions/com.android.provision.xml
10-10 02:00:05.255  1986  2014 I SystemConfig: Reading permissions from /system_ext/etc/permissions/com.qualcomm.qmapbridge.xml
10-10 02:00:05.255  1986  2014 I SystemConfig: Reading permissions from /system_ext/etc/permissions/embms.xml
10-10 02:00:05.256  1986  2014 I SystemConfig: Reading permissions from /system_ext/etc/permissions/com.android.systemui.xml
10-10 02:00:05.256  1986  2014 I SystemConfig: Reading permissions from /system_ext/etc/permissions/izat.xt.srv.xml
10-10 02:00:05.256  1986  2014 I SystemConfig: Reading permissions from /system_ext/etc/permissions/extphonelib.xml
10-10 02:00:05.257  1986  2014 I SystemConfig: Reading permissions from /system_ext/etc/permissions/com.qualcomm.qti.izattools.xml
10-10 02:00:05.257  1986  2014 I SystemConfig: Reading permissions from /system_ext/etc/permissions/com.android.emergency.xml
10-10 02:00:05.257  1986  2014 I SystemConfig: Reading permissions from /system_ext/etc/permissions/com.android.storagemanager.xml
10-10 02:00:05.257  1986  2014 I SystemConfig: Reading permissions from /system_ext/etc/permissions/qti_libpermissions.xml
10-10 02:00:05.258  1986  2014 I SystemConfig: Reading permissions from /system_ext/etc/permissions/embms-noship_product_privapp_permissions_qti.xml
10-10 02:00:05.258  1986  2014 I SystemConfig: Reading permissions from /system_ext/etc/permissions/privapp-permissions-com.qualcomm.location.xml
10-10 02:00:05.258  1986  2014 I SystemConfig: Reading permissions from /system_ext/etc/permissions/com.qti.dpmframework.xml
10-10 02:00:05.259  1986  2014 I SystemConfig: Reading permissions from /system_ext/etc/permissions/com.qti.media.secureprocessor.xml
10-10 02:00:05.259  1986  2014 I SystemConfig: Reading permissions from /system_ext/etc/permissions/com.qualcomm.qti.imscmservice.xml
10-10 02:00:05.259  1986  2014 I SystemConfig: Reading permissions from /system_ext/etc/permissions/privapp-permissions-qti-system-ext.xml
10-10 02:00:05.260  1986  2014 I SystemConfig: Reading permissions from /apex/com.android.ipsec/etc/permissions/android.net.ipsec.ike.xml
10-10 02:00:05.262  1986  2014 D SystemServerInitThreadPool: Finished executing ReadingSystemConfig
10-10 02:00:05.270  1986  1986 I PackageWatchdog: Updated health check state for package com.qualcomm.qti.devicestatisticsservice: INACTIVE -> PASSED
10-10 02:00:05.274  1986  1986 W PowerProfile: screen.on is deprecated! Use screen.on.display0 instead.
10-10 02:00:05.274  1986  1986 W PowerProfile: screen.full is deprecated! Use screen.full.display0 instead.
10-10 02:00:05.275  1986  1986 D BatteryStatsImpl: Reading daily items from /data/system/batterystats-daily.xml
10-10 02:00:05.285  1986  2025 I KernelCpuUidFreqTimeReader: mPerClusterTimesAvailable=false
10-10 02:00:05.286  1986  2025 E KernelCpuSpeedReader: Failed to read cpu-freq: /sys/devices/system/cpu/cpu4/cpufreq/stats/time_in_state: open failed: ENOENT (No such file or directory)
10-10 02:00:05.286  1986  2025 E KernelCpuSpeedReader: Failed to read cpu-freq: /sys/devices/system/cpu/cpu0/cpufreq/stats/time_in_state: open failed: ENOENT (No such file or directory)
10-10 02:00:05.293  1986  2025 W KernelMemoryBandwidthStats: No kernel memory bandwidth stats available
10-10 02:00:05.291     0     0 E init    : Control message: Could not find 'android.frameworks.sensorservice@1.0::ISensorManager/default' for ctl.interface_start from pid: 626 (/system/bin/hwservicemanager)
10-10 02:00:05.294     0     0 E init    : Control message: Could not find 'android.frameworks.sensorservice@1.0::ISensorManager/default' for ctl.interface_start from pid: 626 (/system/bin/hwservicemanager)
10-10 02:00:05.330  1986  1986 I IntentFirewall: Read new rules (A:0 B:0 S:0)
10-10 02:00:05.333  1986  1986 D AppOps  : AppOpsService published
10-10 02:00:05.333  1986  1986 D SystemServerTiming: StartDataLoaderManagerService
10-10 02:00:05.333  1986  1986 I SystemServiceManager: Starting com.android.server.pm.DataLoaderManagerService
10-10 02:00:05.333  1986  1986 D SystemServerTiming: StartIncrementalService
10-10 02:00:05.336  1986  1986 D SystemServerTiming: StartPowerManager
10-10 02:00:05.336  1986  1986 I SystemServiceManager: Starting com.android.server.power.PowerManagerService
10-10 02:00:05.357  1986  1986 D SystemServerTiming: StartThermalManager
10-10 02:00:05.357  1986  1986 I SystemServiceManager: Starting com.android.server.power.ThermalManagerService
10-10 02:00:05.357  1986  1986 D SystemServerTiming: StartHintManager
10-10 02:00:05.357  1986  1986 I SystemServiceManager: Starting com.android.server.power.hint.HintManagerService
10-10 02:00:05.357  1986  1986 D SystemServerTiming: InitPowerManagement
10-10 02:00:05.358  1986  1986 D SystemServerTiming: StartRecoverySystemService
10-10 02:00:05.358  1986  1986 I SystemServiceManager: Starting com.android.server.recoverysystem.RecoverySystemService$Lifecycle
10-10 02:00:05.361  1986  1986 D SystemServerTiming: StartLightsService
10-10 02:00:05.361  1986  1986 I SystemServiceManager: Starting com.android.server.lights.LightsService
10-10 02:00:05.363  1986  1986 D SystemServerTiming: StartSidekickService
10-10 02:00:05.363  1986  1986 D SystemServerTiming: StartDisplayManager
10-10 02:00:05.363  1986  1986 I SystemServiceManager: Starting com.android.server.display.DisplayManagerService
10-10 02:00:05.370  1986  1986 D SystemServerTiming: WaitForDisplay
10-10 02:00:05.370  1986  1986 I SystemServiceManager: Starting phase 100
10-10 02:00:05.370  1986  1986 D SystemServerTiming: OnBootPhase_100
10-10 02:00:05.370  1986  1986 D SystemServerTiming: OnBootPhase_100_com.android.server.security.FileIntegrityService
10-10 02:00:05.370  1986  1986 D SystemServerTiming: OnBootPhase_100_com.android.server.pm.Installer
10-10 02:00:05.370  1986  1986 D SystemServerTiming: OnBootPhase_100_com.android.server.os.DeviceIdentifiersPolicyService
10-10 02:00:05.370  1986  1986 D SystemServerTiming: OnBootPhase_100_com.android.server.uri.UriGrantsManagerService$Lifecycle
10-10 02:00:05.370  1986  1986 D SystemServerTiming: OnBootPhase_100_com.android.server.powerstats.PowerStatsService
10-10 02:00:05.370  1986  1986 D SystemServerTiming: OnBootPhase_100_com.android.server.wm.ActivityTaskManagerService$Lifecycle
10-10 02:00:05.370  1986  1986 D SystemServerTiming: OnBootPhase_100_com.android.server.am.ActivityManagerService$Lifecycle
10-10 02:00:05.370  1986  1986 D SystemServerTiming: OnBootPhase_100_com.android.server.pm.DataLoaderManagerService
10-10 02:00:05.370  1986  1986 D SystemServerTiming: OnBootPhase_100_com.android.server.power.PowerManagerService
10-10 02:00:05.370  1986  1986 D SystemServerTiming: OnBootPhase_100_com.android.server.power.ThermalManagerService
10-10 02:00:05.370  1986  1986 D SystemServerTiming: OnBootPhase_100_com.android.server.power.hint.HintManagerService
10-10 02:00:05.370  1986  1986 D SystemServerTiming: OnBootPhase_100_com.android.server.recoverysystem.RecoverySystemService$Lifecycle
10-10 02:00:05.370  1986  1986 D SystemServerTiming: OnBootPhase_100_com.android.server.lights.LightsService
10-10 02:00:05.370  1986  1986 D SystemServerTiming: OnBootPhase_100_com.android.server.display.DisplayManagerService
10-10 02:00:05.374  1986  2010 I DisplayDeviceRepository: Display device added: DisplayDeviceInfo{"Built-in Screen": uniqueId="local:4630947115492968065", 3200 x 1600, modeId 1, defaultModeId 1, supportedModes [{id=1, width=3200, height=1600, fps=90.0, alternativeRefreshRates=[]}], colorMode 0, supportedColorModes [0], hdrCapabilities HdrCapabilities{mSupportedHdrTypes=[2, 3, 4], mMaxLuminance=420.0, mMaxAverageLuminance=210.1615, mMinLuminance=0.323}, allmSupported false, gameContentTypeSupported false, density 560, 2084.102 x 1042.051 dpi, appVsyncOff 1000000, presDeadline 11111111, touch INTERNAL, rotation 0, type INTERNAL, address {port=129, model=0x40446ddda09406}, deviceProductInfo DeviceProductInfo{name=, manufacturerPnpId=QCM, productId=1, modelYear=null, manufactureDate=ManufactureDate{week=27, year=2006}, connectionToSinkType=0}, state UNKNOWN, frameRateOverride , brightnessMinimum 0.0, brightnessMaximum 1.0, brightnessDefault 0.39763778, FLAG_DEFAULT_DISPLAY, FLAG_ROTATES_WITH_CONTENT, FLAG_SECURE, FLAG_SUPPORTS_PROTECTED_BUFFERS}
10-10 02:00:05.374  1986  2010 I LogicalDisplayMapper: Applying layout: [{addr: {port=129, model=0x40446ddda09406}, dispId: 0(ON)}], Previous layout: null
10-10 02:00:05.375  1986  2010 I LogicalDisplayMapper: Adding new display: 0: DisplayInfo{"Built-in Screen", displayId 0", displayGroupId -1, FLAG_SECURE, FLAG_SUPPORTS_PROTECTED_BUFFERS, FLAG_TRUSTED, real 3200 x 1600, largest app 3200 x 1600, smallest app 3200 x 1600, appVsyncOff 1000000, presDeadline 11111111, mode 1, defaultMode 1, modes [{id=1, width=3200, height=1600, fps=90.0, alternativeRefreshRates=[]}], hdrCapabilities HdrCapabilities{mSupportedHdrTypes=[2, 3, 4], mMaxLuminance=420.0, mMaxAverageLuminance=210.1615, mMinLuminance=0.323}, userDisabledHdrTypes [], minimalPostProcessingSupported false, rotation 0, state UNKNOWN, type INTERNAL, uniqueId "local:4630947115492968065", app 3200 x 1600, density 560 (2084.102 x 1042.051) dpi, layerStack 0, colorMode 0, supportedColorModes [0], address {port=129, model=0x40446ddda09406}, deviceProductInfo DeviceProductInfo{name=, manufacturerPnpId=QCM, productId=1, modelYear=null, manufactureDate=ManufactureDate{week=27, year=2006}, connectionToSinkType=0}, removeMode 0, refreshRateOverride 0.0, brightnessMinimum 0.0, brightnessMaximum 1.0, brightnessDefault 0.39763778}
10-10 02:00:05.375  1986  2010 I LogicalDisplayMapper: Setting new display group 0 for display 0, from previous group: null
10-10 02:00:05.376  1986  2010 E DisplayDeviceConfig: requesting nits when no mapping exists.
10-10 02:00:05.383  1986  2010 E DisplayDeviceConfig: requesting nits when no mapping exists.
10-10 02:00:05.384  1986  1986 D SystemServerTiming: StartDomainVerificationService
10-10 02:00:05.384  1986  2010 I DisplayDeviceRepository: Display device changed state: "Built-in Screen", ON
10-10 02:00:05.388  1986  1986 D SystemServerTiming: StartPackageManagerService
10-10 02:00:05.388  1986  1986 I Watchdog: Pausing HandlerChecker: main thread for reason: packagemanagermain. Pause count: 1
10-10 02:00:05.391  1986  1986 D PackageManagerTiming: create package manager
10-10 02:00:05.393  1986  1986 D PackageManagerTiming: readListOfPackagesToBeDisabled
10-10 02:00:05.393  1986  1986 D PackageManager: Disabling packages for wifi-only device, source: /vendor/etc/telephony_packages.xml
10-10 02:00:05.394  1986  1986 D PackageManagerTiming: createSubComponents
10-10 02:00:05.402  1986  1986 D PackageManagerTiming: addSharedUsers
10-10 02:00:05.402  1986  1986 D PackageManagerTiming: get system config
10-10 02:00:05.403  1986  1986 D PackageManager: Directories scanned as system partitions: [/system:0, /vendor:524288, /odm:4194304, /oem:262144, /product:1048576, /system_ext:2097152, /apex/com.android.vndk.v31:8388608, /apex/com.android.vndk.v30:8388608, /apex/com.android.wifi:8388608, /apex/com.android.vndk.v32:8388608, /apex/com.android.tzdata:8388608, /apex/com.android.tethering:8388608, /apex/com.android.sdkext:8388608, /apex/com.android.scheduling:8388608, /apex/com.android.runtime:8388608, /apex/com.android.resolv:8388608, /apex/com.android.permission:8388608, /apex/com.android.os.statsd:8388608, /apex/com.android.neuralnetworks:8388608, /apex/com.android.mediaprovider:8388608, /apex/com.android.media.swcodec:8388608, /apex/com.android.media:8388608, /apex/com.android.ipsec:8388608, /apex/com.android.i18n:8388608, /apex/com.android.extservices:8388608, /apex/com.android.conscrypt:8388608, /apex/com.android.art:8388608, /apex/com.android.appsearch:8388608, /apex/com.android.adbd:8388608]
10-10 02:00:05.404  1986  1986 D SELinuxMMAC: Using policy file /system/etc/selinux/plat_mac_permissions.xml
10-10 02:00:05.406  1986  1986 D SELinuxMMAC: Using policy file /system_ext/etc/selinux/system_ext_mac_permissions.xml
10-10 02:00:05.406  1986  1986 D SELinuxMMAC: Using policy file /product/etc/selinux/product_mac_permissions.xml
10-10 02:00:05.406  1986  1986 D SELinuxMMAC: Using policy file /vendor/etc/selinux/vendor_mac_permissions.xml
10-10 02:00:05.407  1986  1986 D PackageManagerTiming: loadFallbacks
10-10 02:00:05.407  1986  1986 D PackageManagerTiming: read user settings
10-10 02:00:05.441  1986  1986 W android.permission.PermissionManager: Missing ActivityManager; assuming 1000 holds android.permission.SET_PREFERRED_APPLICATIONS
10-10 02:00:05.441  1986  1986 W android.permission.PermissionManager: Missing ActivityManager; assuming 1000 holds android.permission.SET_PREFERRED_APPLICATIONS
10-10 02:00:05.441  1986  1986 W android.permission.PermissionManager: Missing ActivityManager; assuming 1000 holds android.permission.SET_PREFERRED_APPLICATIONS
10-10 02:00:05.441  1986  1986 W android.permission.PermissionManager: Missing ActivityManager; assuming 1000 holds android.permission.SET_PREFERRED_APPLICATIONS
10-10 02:00:05.441  1986  1986 W android.permission.PermissionManager: Missing ActivityManager; assuming 1000 holds android.permission.SET_PREFERRED_APPLICATIONS
10-10 02:00:05.441  1986  1986 W android.permission.PermissionManager: Missing ActivityManager; assuming 1000 holds android.permission.SET_PREFERRED_APPLICATIONS
10-10 02:00:05.441  1986  1986 W android.permission.PermissionManager: Missing ActivityManager; assuming 1000 holds android.permission.SET_PREFERRED_APPLICATIONS
10-10 02:00:05.441  1986  1986 W android.permission.PermissionManager: Missing ActivityManager; assuming 1000 holds android.permission.SET_PREFERRED_APPLICATIONS
10-10 02:00:05.441  1986  1986 W android.permission.PermissionManager: Missing ActivityManager; assuming 1000 holds android.permission.SET_PREFERRED_APPLICATIONS
10-10 02:00:05.442  1986  1986 W android.permission.PermissionManager: Missing ActivityManager; assuming 1000 holds android.permission.SET_PREFERRED_APPLICATIONS
10-10 02:00:05.442  1986  1986 W android.permission.PermissionManager: Missing ActivityManager; assuming 1000 holds android.permission.SET_PREFERRED_APPLICATIONS
10-10 02:00:05.442  1986  1986 W android.permission.PermissionManager: Missing ActivityManager; assuming 1000 holds android.permission.SET_PREFERRED_APPLICATIONS
10-10 02:00:05.442  1986  1986 W android.permission.PermissionManager: Missing ActivityManager; assuming 1000 holds android.permission.SET_PREFERRED_APPLICATIONS
10-10 02:00:05.442  1986  1986 W android.permission.PermissionManager: Missing ActivityManager; assuming 1000 holds android.permission.SET_PREFERRED_APPLICATIONS
10-10 02:00:05.442  1986  1986 W android.permission.PermissionManager: Missing ActivityManager; assuming 1000 holds android.permission.SET_PREFERRED_APPLICATIONS
10-10 02:00:05.442  1986  1986 W android.permission.PermissionManager: Missing ActivityManager; assuming 1000 holds android.permission.SET_PREFERRED_APPLICATIONS
10-10 02:00:05.442  1986  1986 W android.permission.PermissionManager: Missing ActivityManager; assuming 1000 holds android.permission.SET_PREFERRED_APPLICATIONS
10-10 02:00:05.442  1986  1986 W android.permission.PermissionManager: Missing ActivityManager; assuming 1000 holds android.permission.SET_PREFERRED_APPLICATIONS
10-10 02:00:05.442  1986  1986 W android.permission.PermissionManager: Missing ActivityManager; assuming 1000 holds android.permission.SET_PREFERRED_APPLICATIONS
10-10 02:00:05.442  1986  1986 W android.permission.PermissionManager: Missing ActivityManager; assuming 1000 holds android.permission.SET_PREFERRED_APPLICATIONS
10-10 02:00:05.442  1986  1986 W android.permission.PermissionManager: Missing ActivityManager; assuming 1000 holds android.permission.SET_PREFERRED_APPLICATIONS
10-10 02:00:05.442  1986  1986 W android.permission.PermissionManager: Missing ActivityManager; assuming 1000 holds android.permission.SET_PREFERRED_APPLICATIONS
10-10 02:00:05.442  1986  1986 W android.permission.PermissionManager: Missing ActivityManager; assuming 1000 holds android.permission.SET_PREFERRED_APPLICATIONS
10-10 02:00:05.443  1986  1986 W android.permission.PermissionManager: Missing ActivityManager; assuming 1000 holds android.permission.SET_PREFERRED_APPLICATIONS
10-10 02:00:05.443  1986  1986 W android.permission.PermissionManager: Missing ActivityManager; assuming 1000 holds android.permission.SET_PREFERRED_APPLICATIONS
10-10 02:00:05.443  1986  1986 W android.permission.PermissionManager: Missing ActivityManager; assuming 1000 holds android.permission.SET_PREFERRED_APPLICATIONS
10-10 02:00:05.443  1986  1986 W android.permission.PermissionManager: Missing ActivityManager; assuming 1000 holds android.permission.SET_PREFERRED_APPLICATIONS
10-10 02:00:05.443  1986  1986 W android.permission.PermissionManager: Missing ActivityManager; assuming 1000 holds android.permission.SET_PREFERRED_APPLICATIONS
10-10 02:00:05.443  1986  1986 W android.permission.PermissionManager: Missing ActivityManager; assuming 1000 holds android.permission.SET_PREFERRED_APPLICATIONS
10-10 02:00:05.443  1986  1986 W android.permission.PermissionManager: Missing ActivityManager; assuming 1000 holds android.permission.SET_PREFERRED_APPLICATIONS
10-10 02:00:05.443  1986  1986 W android.permission.PermissionManager: Missing ActivityManager; assuming 1000 holds android.permission.SET_PREFERRED_APPLICATIONS
10-10 02:00:05.443  1986  1986 W android.permission.PermissionManager: Missing ActivityManager; assuming 1000 holds android.permission.SET_PREFERRED_APPLICATIONS
10-10 02:00:05.443  1986  1986 W android.permission.PermissionManager: Missing ActivityManager; assuming 1000 holds android.permission.SET_PREFERRED_APPLICATIONS
10-10 02:00:05.443  1986  1986 W android.permission.PermissionManager: Missing ActivityManager; assuming 1000 holds android.permission.SET_PREFERRED_APPLICATIONS
10-10 02:00:05.443  1986  1986 W android.permission.PermissionManager: Missing ActivityManager; assuming 1000 holds android.permission.SET_PREFERRED_APPLICATIONS
10-10 02:00:05.443  1986  1986 W android.permission.PermissionManager: Missing ActivityManager; assuming 1000 holds android.permission.SET_PREFERRED_APPLICATIONS
10-10 02:00:05.443  1986  1986 W android.permission.PermissionManager: Missing ActivityManager; assuming 1000 holds android.permission.SET_PREFERRED_APPLICATIONS
10-10 02:00:05.444  1986  1986 W android.permission.PermissionManager: Missing ActivityManager; assuming 1000 holds android.permission.SET_PREFERRED_APPLICATIONS
10-10 02:00:05.444  1986  1986 W android.permission.PermissionManager: Missing ActivityManager; assuming 1000 holds android.permission.SET_PREFERRED_APPLICATIONS
10-10 02:00:05.444  1986  1986 W android.permission.PermissionManager: Missing ActivityManager; assuming 1000 holds android.permission.SET_PREFERRED_APPLICATIONS
10-10 02:00:05.444  1986  1986 W android.permission.PermissionManager: Missing ActivityManager; assuming 1000 holds android.permission.SET_PREFERRED_APPLICATIONS
10-10 02:00:05.444  1986  1986 W android.permission.PermissionManager: Missing ActivityManager; assuming 1000 holds android.permission.SET_PREFERRED_APPLICATIONS
10-10 02:00:05.444  1986  1986 W android.permission.PermissionManager: Missing ActivityManager; assuming 1000 holds android.permission.SET_PREFERRED_APPLICATIONS
10-10 02:00:05.444  1986  1986 W android.permission.PermissionManager: Missing ActivityManager; assuming 1000 holds android.permission.SET_PREFERRED_APPLICATIONS
10-10 02:00:05.444  1986  1986 W android.permission.PermissionManager: Missing ActivityManager; assuming 1000 holds android.permission.SET_PREFERRED_APPLICATIONS
10-10 02:00:05.444  1986  1986 W android.permission.PermissionManager: Missing ActivityManager; assuming 1000 holds android.permission.SET_PREFERRED_APPLICATIONS
10-10 02:00:05.444  1986  1986 W android.permission.PermissionManager: Missing ActivityManager; assuming 1000 holds android.permission.SET_PREFERRED_APPLICATIONS
10-10 02:00:05.444  1986  1986 W android.permission.PermissionManager: Missing ActivityManager; assuming 1000 holds android.permission.SET_PREFERRED_APPLICATIONS
10-10 02:00:05.444  1986  1986 W android.permission.PermissionManager: Missing ActivityManager; assuming 1000 holds android.permission.SET_PREFERRED_APPLICATIONS
10-10 02:00:05.444  1986  1986 W android.permission.PermissionManager: Missing ActivityManager; assuming 1000 holds android.permission.SET_PREFERRED_APPLICATIONS
10-10 02:00:05.444  1986  1986 W android.permission.PermissionManager: Missing ActivityManager; assuming 1000 holds android.permission.SET_PREFERRED_APPLICATIONS
10-10 02:00:05.445  1986  1986 W android.permission.PermissionManager: Missing ActivityManager; assuming 1000 holds android.permission.SET_PREFERRED_APPLICATIONS
10-10 02:00:05.445  1986  1986 W android.permission.PermissionManager: Missing ActivityManager; assuming 1000 holds android.permission.SET_PREFERRED_APPLICATIONS
10-10 02:00:05.445  1986  1986 W android.permission.PermissionManager: Missing ActivityManager; assuming 1000 holds android.permission.SET_PREFERRED_APPLICATIONS
10-10 02:00:05.445  1986  1986 W android.permission.PermissionManager: Missing ActivityManager; assuming 1000 holds android.permission.SET_PREFERRED_APPLICATIONS
10-10 02:00:05.445  1986  1986 W android.permission.PermissionManager: Missing ActivityManager; assuming 1000 holds android.permission.SET_PREFERRED_APPLICATIONS
10-10 02:00:05.445  1986  1986 W android.permission.PermissionManager: Missing ActivityManager; assuming 1000 holds android.permission.SET_PREFERRED_APPLICATIONS
10-10 02:00:05.445  1986  1986 W android.permission.PermissionManager: Missing ActivityManager; assuming 1000 holds android.permission.SET_PREFERRED_APPLICATIONS
10-10 02:00:05.445  1986  1986 W android.permission.PermissionManager: Missing ActivityManager; assuming 1000 holds android.permission.SET_PREFERRED_APPLICATIONS
10-10 02:00:05.445  1986  1986 W android.permission.PermissionManager: Missing ActivityManager; assuming 1000 holds android.permission.SET_PREFERRED_APPLICATIONS
10-10 02:00:05.445  1986  1986 W android.permission.PermissionManager: Missing ActivityManager; assuming 1000 holds android.permission.SET_PREFERRED_APPLICATIONS
10-10 02:00:05.445  1986  1986 W android.permission.PermissionManager: Missing ActivityManager; assuming 1000 holds android.permission.SET_PREFERRED_APPLICATIONS
10-10 02:00:05.445  1986  1986 W android.permission.PermissionManager: Missing ActivityManager; assuming 1000 holds android.permission.SET_PREFERRED_APPLICATIONS
10-10 02:00:05.445  1986  1986 W android.permission.PermissionManager: Missing ActivityManager; assuming 1000 holds android.permission.SET_PREFERRED_APPLICATIONS
10-10 02:00:05.445  1986  1986 W android.permission.PermissionManager: Missing ActivityManager; assuming 1000 holds android.permission.SET_PREFERRED_APPLICATIONS
10-10 02:00:05.446  1986  1986 W android.permission.PermissionManager: Missing ActivityManager; assuming 1000 holds android.permission.SET_PREFERRED_APPLICATIONS
10-10 02:00:05.446  1986  1986 W android.permission.PermissionManager: Missing ActivityManager; assuming 1000 holds android.permission.SET_PREFERRED_APPLICATIONS
10-10 02:00:05.446  1986  1986 W android.permission.PermissionManager: Missing ActivityManager; assuming 1000 holds android.permission.SET_PREFERRED_APPLICATIONS
10-10 02:00:05.446  1986  1986 W android.permission.PermissionManager: Missing ActivityManager; assuming 1000 holds android.permission.SET_PREFERRED_APPLICATIONS
10-10 02:00:05.446  1986  1986 W android.permission.PermissionManager: Missing ActivityManager; assuming 1000 holds android.permission.SET_PREFERRED_APPLICATIONS
10-10 02:00:05.446  1986  1986 W android.permission.PermissionManager: Missing ActivityManager; assuming 1000 holds android.permission.SET_PREFERRED_APPLICATIONS
10-10 02:00:05.446  1986  1986 W android.permission.PermissionManager: Missing ActivityManager; assuming 1000 holds android.permission.SET_PREFERRED_APPLICATIONS
10-10 02:00:05.446  1986  1986 W android.permission.PermissionManager: Missing ActivityManager; assuming 1000 holds android.permission.SET_PREFERRED_APPLICATIONS
10-10 02:00:05.446  1986  1986 W android.permission.PermissionManager: Missing ActivityManager; assuming 1000 holds android.permission.SET_PREFERRED_APPLICATIONS
10-10 02:00:05.446  1986  1986 W android.permission.PermissionManager: Missing ActivityManager; assuming 1000 holds android.permission.SET_PREFERRED_APPLICATIONS
10-10 02:00:05.446  1986  1986 W android.permission.PermissionManager: Missing ActivityManager; assuming 1000 holds android.permission.SET_PREFERRED_APPLICATIONS
10-10 02:00:05.447  1986  1986 W android.permission.PermissionManager: Missing ActivityManager; assuming 1000 holds android.permission.SET_PREFERRED_APPLICATIONS
10-10 02:00:05.447  1986  1986 W android.permission.PermissionManager: Missing ActivityManager; assuming 1000 holds android.permission.SET_PREFERRED_APPLICATIONS
10-10 02:00:05.447  1986  1986 W android.permission.PermissionManager: Missing ActivityManager; assuming 1000 holds android.permission.SET_PREFERRED_APPLICATIONS
10-10 02:00:05.447  1986  1986 W android.permission.PermissionManager: Missing ActivityManager; assuming 1000 holds android.permission.SET_PREFERRED_APPLICATIONS
10-10 02:00:05.447  1986  1986 W android.permission.PermissionManager: Missing ActivityManager; assuming 1000 holds android.permission.SET_PREFERRED_APPLICATIONS
10-10 02:00:05.447  1986  1986 W android.permission.PermissionManager: Missing ActivityManager; assuming 1000 holds android.permission.SET_PREFERRED_APPLICATIONS
10-10 02:00:05.447  1986  1986 W android.permission.PermissionManager: Missing ActivityManager; assuming 1000 holds android.permission.SET_PREFERRED_APPLICATIONS
10-10 02:00:05.447  1986  1986 W android.permission.PermissionManager: Missing ActivityManager; assuming 1000 holds android.permission.SET_PREFERRED_APPLICATIONS
10-10 02:00:05.447  1986  1986 W android.permission.PermissionManager: Missing ActivityManager; assuming 1000 holds android.permission.SET_PREFERRED_APPLICATIONS
10-10 02:00:05.448  1986  1986 W android.permission.PermissionManager: Missing ActivityManager; assuming 1000 holds android.permission.SET_PREFERRED_APPLICATIONS
10-10 02:00:05.448  1986  1986 W android.permission.PermissionManager: Missing ActivityManager; assuming 1000 holds android.permission.SET_PREFERRED_APPLICATIONS
10-10 02:00:05.448  1986  1986 W android.permission.PermissionManager: Missing ActivityManager; assuming 1000 holds android.permission.SET_PREFERRED_APPLICATIONS
10-10 02:00:05.448  1986  1986 W android.permission.PermissionManager: Missing ActivityManager; assuming 1000 holds android.permission.SET_PREFERRED_APPLICATIONS
10-10 02:00:05.448  1986  1986 W android.permission.PermissionManager: Missing ActivityManager; assuming 1000 holds android.permission.SET_PREFERRED_APPLICATIONS
10-10 02:00:05.448  1986  1986 W android.permission.PermissionManager: Missing ActivityManager; assuming 1000 holds android.permission.SET_PREFERRED_APPLICATIONS
10-10 02:00:05.448  1986  1986 W android.permission.PermissionManager: Missing ActivityManager; assuming 1000 holds android.permission.SET_PREFERRED_APPLICATIONS
10-10 02:00:05.448  1986  1986 W android.permission.PermissionManager: Missing ActivityManager; assuming 1000 holds android.permission.SET_PREFERRED_APPLICATIONS
10-10 02:00:05.448  1986  1986 W android.permission.PermissionManager: Missing ActivityManager; assuming 1000 holds android.permission.SET_PREFERRED_APPLICATIONS
10-10 02:00:05.449  1986  1986 W android.permission.PermissionManager: Missing ActivityManager; assuming 1000 holds android.permission.SET_PREFERRED_APPLICATIONS
10-10 02:00:05.449  1986  1986 W android.permission.PermissionManager: Missing ActivityManager; assuming 1000 holds android.permission.SET_PREFERRED_APPLICATIONS
