10-10 02:00:02.005     0     0 I init    : processing action (khungtask.enable=0) from (/system/etc/init/llkd.rc:21)
10-10 02:00:02.005     0     0 I init    : processing action (init.svc.media=*) from (/system/etc/init/mediaserver.rc:1)
10-10 02:00:02.006     0     0 I init    : processing action (ro.vendor.radio.noril=*) from (/vendor/etc/init/hw/init.qcom.rc:894)
10-10 02:00:02.006     0     0 E init    : Unable to set property 'ro.radio.noril' from uid:0 gid:0 pid:595: Read-only property was already set
10-10 02:00:02.007     0     0 I init    : processing action (vendor.ims.QMI_DAEMON_STATUS=1) from (/vendor/etc/init/imsdatadaemon.rc:14)
10-10 02:00:02.007     0     0 I init    : starting service 'vendor.imsdatadaemon'...
10-10 02:00:02.007     0     0 I init    : Created socket '/dev/socket/ims_datad', mode 660, user 1000, group 1001
10-10 02:00:02.009     0     0 I init    : Service 'qcom-c_main-sh' (pid 1466) exited with status 0 oneshot service took 0.128000 seconds in background
10-10 02:00:02.009     0     0 I init    : Sending signal 9 to service 'qcom-c_main-sh' (pid 1466) process group...
10-10 02:00:02.009     0     0 I libprocessgroup: Successfully killed process cgroup uid 0 pid 1466 in 0ms
10-10 02:00:02.013  1498  1498 I imsrcsd : Uce Service HAL  is starting up...
10-10 02:00:02.009     0     0 I init    : processing action (khungtask.enable=false) from (/system/etc/init/llkd.rc:31)
10-10 02:00:02.013  1498  1498 I imsrcsd : Uce Service HAL  loading imsrcsbaseimpl
10-10 02:00:02.039     0     0 I binder  : 1473:1473 ioctl 40046210 7fc5343e74 returned -22
10-10 02:00:02.045     0     0 I binder  : 1481:1481 ioctl 40046210 7fe157bae4 returned -22
10-10 02:00:02.046     0     0 I binder  : 1481:1481 ioctl 40046210 7fe157ba14 returned -22
10-10 02:00:02.056     0     0 I init    : Service 'vendor-sensor-sh' (pid 1539) exited with status 1 oneshot service took 0.059000 seconds in background
10-10 02:00:02.056     0     0 I init    : Sending signal 9 to service 'vendor-sensor-sh' (pid 1539) process group...
10-10 02:00:02.056     0     0 I libprocessgroup: Successfully killed process cgroup uid 0 pid 1539 in 0ms
10-10 02:00:02.060     0     0 I binder  : 1483:1483 ioctl 40046210 7ffd47cca4 returned -22
10-10 02:00:02.067     0     0 I         : read descriptors
10-10 02:00:02.067     0     0 I         : read strings
10-10 02:00:02.106  1538  1538 I TLOC    : [main       ]"TLOC DAEMON main thread"
10-10 02:00:02.106  1538  1538 D TLOC    : [TLOCDaemon ]"---------- TLOC Daemon Starts ----------"
10-10 02:00:02.111     0     0 I binder  : 1474:1474 ioctl 40046210 7fc475af84 returned -22
10-10 02:00:02.128     0     0 W QSEECOM : qseecom_load_app: App (featenabler) does'nt exist, loading apps for first time
10-10 02:00:02.131     0     0 I binder  : 1448:1448 ioctl 40046210 7fc33c7644 returned -22
10-10 02:00:02.131  1448  1448 I iorapd  : Opened existing database at '/data/misc/iorapd/sqlite.db'
10-10 02:00:02.131  1448  1448 W iorapd  : Reconnect to package manager service: 1 times
10-10 02:00:02.144     0     0 W QSEECOM : qseecom_load_app: App with id 5 (featenabler) now loaded
10-10 02:00:02.151     0     0 I binder  : 1478:1478 ioctl 40046210 ffe3fb68 returned -22
10-10 02:00:02.153     0     0 I binder  : 1478:1478 ioctl 40046210 ffe3fb50 returned -22
10-10 02:00:02.166     0     0 I binder  : 1530:1530 ioctl 40046210 7fcf2b4704 returned -22
10-10 02:00:02.172  1538  1538 D TLOC    : [TLOCChannel]"The channel was initialized successfully for TLOCD"
10-10 02:00:02.173     0     0 I init    : Service 'vendor.qti-chg-policy-sh' (pid 1420) exited with status 0 oneshot service took 0.416000 seconds in background
10-10 02:00:02.173     0     0 I init    : Sending signal 9 to service 'vendor.qti-chg-policy-sh' (pid 1420) process group...
10-10 02:00:02.173     0     0 I libprocessgroup: Successfully killed process cgroup uid 0 pid 1420 in 0ms
10-10 02:00:02.173     0     0 I init    : Service 'vendor.mutualex' (pid 1504) exited with status 0 oneshot service took 0.229000 seconds in background
10-10 02:00:02.181  1482  1482 I wificond: wificond is starting up...
10-10 02:00:02.173     0     0 I init    : Sending signal 9 to service 'vendor.mutualex' (pid 1504) process group...
10-10 02:00:02.173     0     0 I libprocessgroup: Successfully killed process cgroup uid 1001 pid 1504 in 0ms
10-10 02:00:02.174     0     0 I init    : Service 'usbd' (pid 1530) exited with status 0 oneshot service took 0.184000 seconds in background
10-10 02:00:02.174     0     0 I init    : Sending signal 9 to service 'usbd' (pid 1530) process group...
10-10 02:00:02.174     0     0 I libprocessgroup: Successfully killed process cgroup uid 0 pid 1530 in 0ms
10-10 02:00:02.175     0     0 I init    : Untracked pid 1544 exited with status 0
10-10 02:00:02.175     0     0 I init    : starting service 'vendor.msm_irqbalance'...
10-10 02:00:02.176     0     0 I init    : Control message: Processed ctl.start for 'vendor.msm_irqbalance' from pid: 1563 (start vendor.msm_irqbalance)
10-10 02:00:02.177     0     0 I init    : processing action (persist.vendor.hvdcp_opti.start=1) from (/vendor/etc/init/vendor.qti.hardware.charger_monitor@1.0-service.rc:39)
10-10 02:00:02.177     0     0 I init    : starting service 'vendor.hvdcp_opti'...
10-10 02:00:02.182     0     0 I binder  : 1482:1482 ioctl 40046210 7fc6c2bc94 returned -22
10-10 02:00:02.183  1482  1482 I HidlServiceManagement: Registered android.system.wifi.keystore@1.0::IKeystore/default
10-10 02:00:02.183     0     0 I binder  : 1482:1482 ioctl 40046210 7fc6c2bc14 returned -22
10-10 02:00:02.193  1538  1538 D TLOC    : [TLOCChannel]"The channel was initialized successfully for TLOCL"
10-10 02:00:02.232  1538  1538 D TLOC    : [TLOCChannel]"The channel was initialized successfully for MODEM"
10-10 02:00:02.232  1538  1538 D TLOC    : [TLOCChannel]"TLOCChannel was initialized successfully"
10-10 02:00:02.232  1538  1538 D TLOC    : [TLOCChannel] "TLOCChannel is already initialized"
10-10 02:00:02.231     0     0 I cnss-daemon: NL group_id 11, cnss_nl.family_id 31
10-10 02:00:02.231     0     0 I cnss-daemon: wlfw_start: Starting
10-10 02:00:02.236     0     0 I cnss-daemon: wlfw_service_request: Start the pthread: 0x0K
10-10 02:00:02.236     0     0 I cnss-daemon: no interop issues ap currently
10-10 02:00:02.236     0     0 I cnss-daemon: No Modem support for this target
10-10 02:00:02.236     0     0 I cnss-daemon: DMS MAC Address Provisioning not supported
10-10 02:00:02.237     0     0 I cnss-daemon: pm_release_vote: pm_handle is NULL
10-10 02:00:02.237     0     0 I cnss-daemon: pm_release_vote: pm_handle is NULL
10-10 02:00:02.237     0     0 I cnss-daemon: wlfw_build_cal_table: not read /data/vendor/wifi/wlfw_cal_00.bin
10-10 02:00:02.252     0     0 I binder  : 1536:1536 ioctl 40046210 7fdec0e114 returned -22
10-10 02:00:02.253     0     0 I binder  : 1526:1526 ioctl 40046210 7ff233e144 returned -22
10-10 02:00:02.253     0     0 I binder  : 1526:1526 ioctl 40046210 7ff233df74 returned -22
10-10 02:00:02.253     0     0 I binder  : 1655:1655 ioctl 40046210 7fd602e1b4 returned -22
10-10 02:00:02.261     0     0 I init    : Command 'setprop persist.vendor.hvdcp_opti.start 0' action=persist.vendor.hvdcp_opti.start=1 (/vendor/etc/init/vendor.qti.hardware.charger_monitor@1.0-service.rc:43) took 82ms and succeeded
10-10 02:00:02.262     0     0 I init    : processing action (sys.usb.config=adb && sys.usb.configfs=1 && sys.usb.ffs.ready=1) from (/system/etc/init/hw/init.usb.configfs.rc:20)
10-10 02:00:02.266     0     0 I android_work: did not send uevent (0 0 0000000000000000)
10-10 02:00:02.267     0     0 I capability: warning: `msm_irqbalance' uses 32-bit capabilities (legacy support in use)
10-10 02:00:02.287     0     0 I cnss-daemon: wlfw_build_cal_table: not read /data/vendor/wifi/wlfw_cal_02.bin
10-10 02:00:02.287     0     0 I cnss-daemon: wlfw_build_cal_table: not read /data/vendor/wifi/wlfw_cal_03.bin
10-10 02:00:02.287     0     0 I cnss-daemon: wlfw_build_cal_table: not read /data/vendor/wifi/wlfw_cal_04.bin
10-10 02:00:02.292     0     0 D cnss    : Received QMI WLFW request memory indication
10-10 02:00:02.292     0     0 D cnss    : FW requests for memory, size: 0x5e0000, type: 1
10-10 02:00:02.292     0     0 D cnss    : FW requests for memory, size: 0xd8000, type: 4
10-10 02:00:02.292     0     0 D cnss    : Posting event: REQUEST_MEM(2), state: 0x9 flags: 0x0
10-10 02:00:02.292     0     0 D cnss    : PM stay awake, state: 0x9, count: 1
10-10 02:00:02.292     0     0 D cnss    : PM relax, state: 0x9, count: 0
10-10 02:00:02.292     0     0 D cnss    : PM stay awake, state: 0x9, count: 1
10-10 02:00:02.292     0     0 D cnss    : Processing driver event: REQUEST_MEM(2), state: 0x9
10-10 02:00:02.293     0     0 D cnss    : Sending respond memory message, state: 0x9
10-10 02:00:02.293     0     0 D cnss    : Memory for FW, va: 0x0000000000000000, pa: 0x00000000a1000000, size: 0x5e0000, type: 1
10-10 02:00:02.293     0     0 D cnss    : Memory for FW, va: 0x0000000000000000, pa: 0x00000000a1600000, size: 0xd8000, type: 4
10-10 02:00:02.296     0     0 D cnss    : PM relax, state: 0x9, count: 0
10-10 02:00:02.296     0     0 I cnss-daemon: wlfw_qmi_ind_cb: Receive Ind : 0x37
10-10 02:00:02.297     0     0 D cnss    : Received QMI WLFW FW memory ready indication
10-10 02:00:02.297     0     0 D cnss    : Posting event: FW_MEM_READY(3), state: 0x9 flags: 0x0
10-10 02:00:02.297     0     0 D cnss    : PM stay awake, state: 0x9, count: 1
10-10 02:00:02.297     0     0 D cnss    : PM relax, state: 0x9, count: 0
10-10 02:00:02.297     0     0 D cnss    : PM stay awake, state: 0x9, count: 1
10-10 02:00:02.297     0     0 D cnss    : Processing driver event: FW_MEM_READY(3), state: 0x9
10-10 02:00:02.297     0     0 D cnss    : Sending target capability message, state: 0xb
10-10 02:00:02.308     0     0 D cnss    : Voltage for CPR: 948mV
10-10 02:00:02.308     0     0 D cnss    : Got voltage 800mV from i: 0, j: 0
10-10 02:00:02.308     0     0 D cnss    : Got voltage 1012mV from i: 4, j: 1
10-10 02:00:02.308     0     0 D cnss    : Update TCS CMD data address 0x000000000b2e5844 with voltage 950mV
10-10 02:00:02.308     0     0 D cnss    : Device frequency is 24000000 HZ
10-10 02:00:02.308     0     0 D cnss    : Target capability: chip_id: 0x0, chip_family: 0xb, board_id: 0xff, soc_id: 0xffffffff, fw_version: 0x101a0521, fw_build_timestamp: 2021-12-20 07:54, fw_build_id: QC_IMAGE_VERSION_STRING=WLAN.HST.1.0.1.r1-01313-QCAHSTSWPL_SILICONZ-1, otp_version: 0x0
10-10 02:00:02.308     0     0 D cnss    : Sending BDF download message, state: 0xb, type: 4
10-10 02:00:02.308     0     0 D cnss    : FW name added with prefix: qca6390/regdb.bin
10-10 02:00:02.308     0     0 W cnss2 b0000000.qcom,cnss-qca6390: Falling back to syfs fallback for: qca6390/regdb.bin
10-10 02:00:02.309     0     0 I ueventd : firmware: loading 'qca6390/regdb.bin' for '/devices/platform/soc/b0000000.qcom,cnss-qca6390/firmware/qca6390!regdb.bin'
10-10 02:00:02.310     0     0 E ueventd : firmware: could not find firmware for qca6390/regdb.bin
10-10 02:00:02.310     0     0 E ueventd : firmware: attempted /etc/firmware/qca6390/regdb.bin, open failed: No such file or directory
10-10 02:00:02.310     0     0 E ueventd : firmware: attempted /odm/firmware/qca6390/regdb.bin, open failed: No such file or directory
10-10 02:00:02.310     0     0 E ueventd : firmware: attempted /vendor/firmware/qca6390/regdb.bin, open failed: No such file or directory
10-10 02:00:02.310     0     0 E ueventd : firmware: attempted /firmware/image/qca6390/regdb.bin, open failed: No such file or directory
10-10 02:00:02.310     0     0 E ueventd : firmware: attempted /vendor/firmware_mnt/image/qca6390/regdb.bin, open failed: No such file or directory
10-10 02:00:02.310     0     0 I ueventd : loading /devices/platform/soc/b0000000.qcom,cnss-qca6390/firmware/qca6390!regdb.bin took 0ms
10-10 02:00:02.310     0     0 E cnss    : Failed to load BDF: qca6390/regdb.bin
10-10 02:00:02.310     0     0 D cnss    : Sending BDF download message, state: 0xb, type: 1
10-10 02:00:02.310     0     0 D cnss    : FW name added with prefix: qca6390/bdwlan.elf
10-10 02:00:02.310     0     0 W cnss2 b0000000.qcom,cnss-qca6390: Falling back to syfs fallback for: qca6390/bdwlan.elf
10-10 02:00:02.311     0     0 I ueventd : firmware: loading 'qca6390/bdwlan.elf' for '/devices/platform/soc/b0000000.qcom,cnss-qca6390/firmware/qca6390!bdwlan.elf'
10-10 02:00:02.326     0     0 I init    : Command 'setprop sys.usb.state ${sys.usb.config}' action=sys.usb.config=adb && sys.usb.configfs=1 && sys.usb.ffs.ready=1 (/system/etc/init/hw/init.usb.configfs.rc:24) took 63ms and succeeded
10-10 02:00:02.326     0     0 E init    : Control message: Could not find 'android.frameworks.sensorservice@1.0::ISensorManager/default' for ctl.interface_start from pid: 626 (/system/bin/hwservicemanager)
10-10 02:00:02.326     0     0 I init    : processing action (ro.vendor.ril.mbn_copy_completed=1) from (/vendor/etc/init/hw/init.qcom.rc:741)
10-10 02:00:02.327     0     0 E init    : Control message: Could not find 'android.frameworks.sensorservice@1.0::ISensorManager/default' for ctl.interface_start from pid: 626 (/system/bin/hwservicemanager)
10-10 02:00:02.327     0     0 E init    : Control message: Could not find 'android.frameworks.sensorservice@1.0::ISensorManager/default' for ctl.interface_start from pid: 626 (/system/bin/hwservicemanager)
10-10 02:00:02.327     0     0 E init    : Control message: Could not find 'android.frameworks.sensorservice@1.0::ISensorManager/default' for ctl.interface_start from pid: 626 (/system/bin/hwservicemanager)
10-10 02:00:02.336     0     0 I ueventd : loading /devices/platform/soc/b0000000.qcom,cnss-qca6390/firmware/qca6390!bdwlan.elf took 25ms
10-10 02:00:02.336     0     0 D cnss    : Downloading BDF: qca6390/bdwlan.elf, size: 57992
10-10 02:00:02.341     0     0 I init    : Service 'qcom-sh' (pid 1525) exited with status 0 oneshot service took 0.356000 seconds in background
10-10 02:00:02.341     0     0 I init    : Sending signal 9 to service 'qcom-sh' (pid 1525) process group...
10-10 02:00:02.341     0     0 I libprocessgroup: Successfully killed process cgroup uid 0 pid 1525 in 0ms
10-10 02:00:02.371     0     0 D cnss    : FW name added with prefix: qca6390/m3.bin
10-10 02:00:02.371     0     0 W cnss_pci 0000: 01:00.0: Falling back to syfs fallback for: qca6390/m3.bin
10-10 02:00:02.373     0     0 I ueventd : firmware: loading 'qca6390/m3.bin' for '/devices/platform/soc/1c00000.qcom,pcie/pci0000:00/0000:00:00.0/0000:01:00.0/firmware/qca6390!m3.bin'
10-10 02:00:02.401     0     0 I ueventd : loading /devices/platform/soc/1c00000.qcom,pcie/pci0000:00/0000:00:00.0/0000:01:00.0/firmware/qca6390!m3.bin took 28ms
10-10 02:00:02.406     0     0 D cnss    : Sending M3 information message, state: 0xb
10-10 02:00:02.406     0     0 D cnss    : M3 memory, va: 0x0000000000000000, pa: 0x00000000a1800000, size: 0x411bc
10-10 02:00:02.407     0     0 I binder  : 1513:1513 ioctl 40046210 7fcc2b1ac4 returned -22
10-10 02:00:02.411     0     0 D cnss    : PM relax, state: 0xb, count: 0
10-10 02:00:02.411     0     0 D cnss    : Received QMI WLFW FW initialization done indication
10-10 02:00:02.411     0     0 D cnss    : Posting event: FW_READY(4), state: 0xb flags: 0x0
10-10 02:00:02.411     0     0 D cnss    : PM stay awake, state: 0xb, count: 1
10-10 02:00:02.411     0     0 D cnss    : PM relax, state: 0xb, count: 0
10-10 02:00:02.411     0     0 D cnss    : PM stay awake, state: 0xb, count: 1
10-10 02:00:02.411     0     0 D cnss    : Processing driver event: FW_READY(4), state: 0xb
10-10 02:00:02.411     0     0 D cnss    : PCIE Gen speed not setup
10-10 02:00:02.411     0     0 D cnss    : Sending antenna switch sync request, state: 0xf
10-10 02:00:02.414     0     0 E cnss    : Antenna switch request failed, result: 1, err: 94
10-10 02:00:02.414     0     0 D cnss    : Sending mode message, mode: CALIBRATION(7), state: 0xf
10-10 02:00:02.433     0     0 E         : msm_qti_pp_get_rms_value_control, back not active to query rms be_idx:3
10-10 02:00:02.437     0     0 I core_get_license_status: cmdrsp_license_result.result = 0x15 for module 0x131ff
10-10 02:00:02.437     0     0 E msm_ext_disp_update_audio_ops: Display not found (EXT_DISPLAY_TYPE_DP) ctld (0) stream (0)
10-10 02:00:02.437     0     0 E msm_ext_disp_update_audio_ops: Display not found (EXT_DISPLAY_TYPE_HDMI) ctld (0) stream (0)
10-10 02:00:02.437     0     0 E msm_ext_disp_update_audio_ops: Display not found (EXT_DISPLAY_TYPE_DP) ctld (0) stream (0)
10-10 02:00:02.437     0     0 E msm_ext_disp_update_audio_ops: Display not found (EXT_DISPLAY_TYPE_DP) ctld (0) stream (0)
10-10 02:00:02.437     0     0 E msm_ext_disp_update_audio_ops: Display not found (EXT_DISPLAY_TYPE_DP) ctld (0) stream (0)
10-10 02:00:02.437     0     0 E msm-ext-disp-audio-codec-rx soc: qcom,msm-ext-disp:qcom,msm-ext-disp-audio-codec-rx: msm_ext_disp_audio_type_get: get_audio_edid_blk() or get_intf_id is NULL
10-10 02:00:02.437     0     0 E msm_ext_disp_update_audio_ops: Display not found (EXT_DISPLAY_TYPE_DP) ctld (0) stream (0)
10-10 02:00:02.437     0     0 E msm-ext-disp-audio-codec-rx soc: qcom,msm-ext-disp:qcom,msm-ext-disp-audio-codec-rx: msm_ext_disp_audio_type_get: get_audio_edid_blk() or get_intf_id is NULL
10-10 02:00:02.437     0     0 E msm_ext_disp_update_audio_ops: Display not found (EXT_DISPLAY_TYPE_DP) ctld (0) stream (0)
10-10 02:00:02.437     0     0 E msm-ext-disp-audio-codec-rx soc: qcom,msm-ext-disp:qcom,msm-ext-disp-audio-codec-rx: msm_ext_disp_audio_type_get: get_audio_edid_blk() or get_intf_id is NULL
10-10 02:00:02.437     0     0 E msm-ext-disp-audio-codec-rx soc: qcom,msm-ext-disp:qcom,msm-ext-disp-audio-codec-rx: msm_ext_disp_audio_device_get: invalid dai id: 4
10-10 02:00:02.438     0     0 I binder  : 1380:1725 ioctl 40046210 7809082144 returned -22
10-10 02:00:02.454     0     0 E         : msm_pcm_volume_ctl_get substream not found
10-10 02:00:02.523     0     0 I binder  : 1528:1528 ioctl 40046210 7fc1fff614 returned -22
10-10 02:00:02.524     0     0 I binder  : 1531:1531 ioctl 40046210 7fe9111754 returned -22
10-10 02:00:02.536     0     0 I binder  : 1528:1528 ioctl 40046210 7fc1fff214 returned -22
10-10 02:00:02.540  1498  1498 I imsrcsd : Starting Service for First Time imsbaseimpl
10-10 02:00:02.541  1498  1498 I imsrcsd : Interface com.qualcomm.qti.uceservice@2.3::IUceService  com.qualcomm.qti.uceservice is found in manifest
10-10 02:00:02.541  1498  1498 I HidlServiceManagement: Registered com.qualcomm.qti.uceservice@2.3::IUceService/com.qualcomm.qti.uceservice
10-10 02:00:02.541  1498  1498 I imsrcsd : Interface com.qualcomm.qti.imscmservice@2.2::IImsCmService  qti.ims.connectionmanagerservice is found in manifest
10-10 02:00:02.542  1498  1498 I HidlServiceManagement: Registered com.qualcomm.qti.imscmservice@2.2::IImsCmService/qti.ims.connectionmanagerservice
10-10 02:00:02.542  1498  1498 I imsrcsd : Interface vendor.qti.ims.factory@1.1::IImsFactory  default is not found in manifest
10-10 02:00:02.542  1498  1498 I imsrcsd : Interface vendor.qti.ims.factory@1.0::IImsFactory  default is found in manifest
10-10 02:00:02.542  1498  1498 I HidlServiceManagement: Registered vendor.qti.ims.factory@1.0::IImsFactory/default
10-10 02:00:02.543  1498  1498 I imsrcsd : Interface vendor.qti.ims.callinfo@1.0::IService  default is found in manifest
10-10 02:00:02.543  1498  1498 I HidlServiceManagement: Registered vendor.qti.ims.callinfo@1.0::IService/default
10-10 02:00:02.543  1498  1498 I imsrcsd : ImsRcsBaseImpl ImsCallInfo After Registering Service
10-10 02:00:02.575     0     0 W cnss-daemon: wlfw_qmi_ind_cb: Receive Ind : 0x28
10-10 02:00:02.577     0     0 D cnss    : Received QMI WLFW pin connect result indication
10-10 02:00:02.577     0     0 D cnss    : Pin connect Result: pwr_pin: 0x1 phy_io_pin: 0x0 rf_io_pin: 0x0
10-10 02:00:02.577     0     0 D cnss    : Removing vote for Regulator vdd-wlan-rfa2
10-10 02:00:02.577     0     0 D cnss    : Removing vote for Regulator vdd-wlan-rfa1
10-10 02:00:02.577     0     0 D cnss    : Removing vote for Regulator vdd-wlan-dig
10-10 02:00:02.577     0     0 D cnss    : Removing vote for Regulator vdd-wlan-aon
10-10 02:00:02.577     0     0 D cnss    : Removing vote for Regulator vdd-wlan-io
10-10 02:00:02.577     0     0 D cnss    : PM relax, state: 0xf, count: 0
10-10 02:00:02.684  1380  1725 D BootAnimation: BootAnimationShownTiming start time: 7702ms
10-10 02:00:02.714     0     0 E         : msm_qti_pp_get_rms_value_control, back not active to query rms be_idx:3
10-10 02:00:02.719     0     0 I core_get_license_status: cmdrsp_license_result.result = 0x15 for module 0x131ff
10-10 02:00:02.719     0     0 E msm_ext_disp_update_audio_ops: Display not found (EXT_DISPLAY_TYPE_DP) ctld (0) stream (0)
10-10 02:00:02.719     0     0 E msm_ext_disp_update_audio_ops: Display not found (EXT_DISPLAY_TYPE_HDMI) ctld (0) stream (0)
10-10 02:00:02.719     0     0 E msm_ext_disp_update_audio_ops: Display not found (EXT_DISPLAY_TYPE_DP) ctld (0) stream (0)
10-10 02:00:02.719     0     0 E msm_ext_disp_update_audio_ops: Display not found (EXT_DISPLAY_TYPE_DP) ctld (0) stream (0)
10-10 02:00:02.720     0     0 E msm_ext_disp_update_audio_ops: Display not found (EXT_DISPLAY_TYPE_DP) ctld (0) stream (0)
10-10 02:00:02.720     0     0 E msm-ext-disp-audio-codec-rx soc: qcom,msm-ext-disp:qcom,msm-ext-disp-audio-codec-rx: msm_ext_disp_audio_type_get: get_audio_edid_blk() or get_intf_id is NULL
10-10 02:00:02.720     0     0 E msm_ext_disp_update_audio_ops: Display not found (EXT_DISPLAY_TYPE_DP) ctld (0) stream (0)
10-10 02:00:02.720     0     0 E msm-ext-disp-audio-codec-rx soc: qcom,msm-ext-disp:qcom,msm-ext-disp-audio-codec-rx: msm_ext_disp_audio_type_get: get_audio_edid_blk() or get_intf_id is NULL
10-10 02:00:02.720     0     0 E msm_ext_disp_update_audio_ops: Display not found (EXT_DISPLAY_TYPE_DP) ctld (0) stream (0)
10-10 02:00:02.720     0     0 E msm-ext-disp-audio-codec-rx soc: qcom,msm-ext-disp:qcom,msm-ext-disp-audio-codec-rx: msm_ext_disp_audio_type_get: get_audio_edid_blk() or get_intf_id is NULL
10-10 02:00:02.720     0     0 E msm-ext-disp-audio-codec-rx soc: qcom,msm-ext-disp:qcom,msm-ext-disp-audio-codec-rx: msm_ext_disp_audio_device_get: invalid dai id: 4
10-10 02:00:02.739     0     0 I qcom,camera ac50000.qcom,cci: qcom,cam-sensor4: Linked as a consumer to regulator.56
10-10 02:00:02.741     0     0 I [drm:dsi_conn_get_mode_info] [msm-dsi-info]: ToDo: Set different dsc compression ratio per 'qcom,mdss_dsi_xrsmrtvwr_video_jdi'
10-10 02:00:02.741     0     0 I [drm:dsi_conn_get_mode_info] [msm-dsi-info]: COMPRESSION_RATIO_2_TO_1 Enabled
10-10 02:00:02.744     0     0 I qcom,camera ac50000.qcom,cci: qcom,cam-sensor4: Linked as a consumer to regulator.57
10-10 02:00:02.745     0     0 I qcom,camera ac50000.qcom,cci: qcom,cam-sensor4: Linked as a consumer to regulator.79
10-10 02:00:02.748     0     0 E         : msm_pcm_volume_ctl_get substream not found
10-10 02:00:02.759     0     0 E swr-wcd wsa_swr_ctrl: swrm_runtime_suspend: clk stop mode not supported or SSR entry
10-10 02:00:02.768     0     0 I CAM_INFO: CAM-SENSOR: cam_sensor_driver_cmd: 960 Probe success,slot:4,slave_addr:0xc0,sensor_id:0x9281
10-10 02:00:02.768     0     0 I qcom,camera ac50000.qcom,cci: qcom,cam-sensor4: Dropping the link to regulator.79
10-10 02:00:02.772     0     0 I qcom,camera ac50000.qcom,cci: qcom,cam-sensor4: Dropping the link to regulator.57
10-10 02:00:02.772     0     0 I qcom,camera ac50000.qcom,cci: qcom,cam-sensor4: Dropping the link to regulator.56
10-10 02:00:02.772     0     0 I CAM_INFO: CAM: cam_res_mgr_shared_pinctrl_put: 270 Need hold put this pinctrl
10-10 02:00:02.799     0     0 I qcom,camera ac4f000.qcom,cci: qcom,cam-sensor1: Linked as a consumer to regulator.56
10-10 02:00:02.801     0     0 I qcom,camera ac4f000.qcom,cci: qcom,cam-sensor1: Linked as a consumer to regulator.53
10-10 02:00:02.804     0     0 I qcom,camera ac4f000.qcom,cci: qcom,cam-sensor1: Linked as a consumer to regulator.57
10-10 02:00:02.804     0     0 I qcom,camera ac4f000.qcom,cci: qcom,cam-sensor1: Linked as a consumer to regulator.79
10-10 02:00:02.828     0     0 I CAM_INFO: CAM-SENSOR: cam_sensor_driver_cmd: 960 Probe success,slot:1,slave_addr:0xc0,sensor_id:0x9281
10-10 02:00:02.828     0     0 I qcom,camera ac4f000.qcom,cci: qcom,cam-sensor1: Dropping the link to regulator.79
10-10 02:00:02.832     0     0 I qcom,camera ac4f000.qcom,cci: qcom,cam-sensor1: Dropping the link to regulator.57
10-10 02:00:02.832     0     0 I qcom,camera ac4f000.qcom,cci: qcom,cam-sensor1: Dropping the link to regulator.53
10-10 02:00:02.832     0     0 I qcom,camera ac4f000.qcom,cci: qcom,cam-sensor1: Dropping the link to regulator.56
10-10 02:00:02.832     0     0 I CAM_INFO: CAM: cam_res_mgr_shared_pinctrl_put: 270 Need hold put this pinctrl
10-10 02:00:02.844     0     0 I binder  : 1469:1469 ioctl 40046210 7fd8e26eb4 returned -22
10-10 02:00:02.845     0     0 I binder  : 1469:1469 ioctl 40046210 7fd8e26ed4 returned -22
10-10 02:00:02.845     0     0 I qcom,camera ac4f000.qcom,cci: qcom,cam-sensor2: Linked as a consumer to regulator.57
10-10 02:00:02.846     0     0 I qcom,camera ac4f000.qcom,cci: qcom,cam-sensor2: Linked as a consumer to regulator.56
10-10 02:00:02.846     0     0 I qcom,camera ac4f000.qcom,cci: qcom,cam-sensor2: Linked as a consumer to regulator.53
10-10 02:00:02.851     0     0 I init    : Control message: Processed ctl.interface_start for 'android.hardware.camera.provider@2.4::ICameraProvider/legacy/0' from pid: 626 (/system/bin/hwservicemanager)
10-10 02:00:02.860     0     0 E wcdcal_hwdep_ioctl_shared: codec didn't set this 0!!
10-10 02:00:02.860     0     0 E wcdcal_hwdep_ioctl_shared: codec didn't set this 3!!
10-10 02:00:02.872     0     0 I qcom,camera ac4f000.qcom,cci: qcom,cam-sensor2: Linked as a consumer to regulator.79
10-10 02:00:02.885     0     0 I CAM_INFO: CAM-SENSOR: cam_sensor_driver_cmd: 960 Probe success,slot:2,slave_addr:0x6c,sensor_id:0x4688
10-10 02:00:02.885     0     0 I qcom,camera ac4f000.qcom,cci: qcom,cam-sensor2: Dropping the link to regulator.79
10-10 02:00:02.891     0     0 I qcom,camera ac4f000.qcom,cci: qcom,cam-sensor2: Dropping the link to regulator.53
10-10 02:00:02.891     0     0 I qcom,camera ac4f000.qcom,cci: qcom,cam-sensor2: Dropping the link to regulator.56
10-10 02:00:02.891     0     0 I qcom,camera ac4f000.qcom,cci: qcom,cam-sensor2: Dropping the link to regulator.57
10-10 02:00:02.891     0     0 I CAM_INFO: CAM: cam_res_mgr_shared_pinctrl_put: 270 Need hold put this pinctrl
10-10 02:00:02.918     0     0 I qcom,camera ac4f000.qcom,cci: qcom,cam-sensor3: Linked as a consumer to regulator.56
10-10 02:00:02.921     0     0 I qcom,camera ac4f000.qcom,cci: qcom,cam-sensor3: Linked as a consumer to regulator.53
10-10 02:00:02.923     0     0 I qcom,camera ac4f000.qcom,cci: qcom,cam-sensor3: Linked as a consumer to regulator.57
10-10 02:00:02.924     0     0 I qcom,camera ac4f000.qcom,cci: qcom,cam-sensor3: Linked as a consumer to regulator.79
10-10 02:00:02.946     0     0 I CAM_INFO: CAM-SENSOR: cam_sensor_driver_cmd: 960 Probe success,slot:3,slave_addr:0xc0,sensor_id:0x9281
10-10 02:00:02.946     0     0 I qcom,camera ac4f000.qcom,cci: qcom,cam-sensor3: Dropping the link to regulator.79
10-10 02:00:02.950     0     0 I qcom,camera ac4f000.qcom,cci: qcom,cam-sensor3: Dropping the link to regulator.57
10-10 02:00:02.950     0     0 I qcom,camera ac4f000.qcom,cci: qcom,cam-sensor3: Dropping the link to regulator.53
10-10 02:00:02.950     0     0 I qcom,camera ac4f000.qcom,cci: qcom,cam-sensor3: Dropping the link to regulator.56
10-10 02:00:02.950     0     0 I CAM_INFO: CAM: cam_res_mgr_shared_pinctrl_put: 270 Need hold put this pinctrl
10-10 02:00:02.969     0     0 I qcom,camera ac50000.qcom,cci: qcom,cam-sensor5: Linked as a consumer to regulator.56
10-10 02:00:02.973     0     0 I qcom,camera ac50000.qcom,cci: qcom,cam-sensor5: Linked as a consumer to regulator.57
10-10 02:00:02.973     0     0 I qcom,camera ac50000.qcom,cci: qcom,cam-sensor5: Linked as a consumer to regulator.79
10-10 02:00:02.996     0     0 I CAM_INFO: CAM-SENSOR: cam_sensor_driver_cmd: 960 Probe success,slot:5,slave_addr:0x20,sensor_id:0x9281
10-10 02:00:02.996     0     0 I qcom,camera ac50000.qcom,cci: qcom,cam-sensor5: Dropping the link to regulator.79
10-10 02:00:03.000     0     0 I qcom,camera ac50000.qcom,cci: qcom,cam-sensor5: Dropping the link to regulator.57
10-10 02:00:03.000     0     0 I qcom,camera ac50000.qcom,cci: qcom,cam-sensor5: Dropping the link to regulator.56
10-10 02:00:03.000     0     0 I CAM_INFO: CAM: cam_res_mgr_shared_pinctrl_put: 270 Need hold put this pinctrl
10-10 02:00:03.013     0     0 I qcom,camera ac4f000.qcom,cci: qcom,cam-sensor0: Linked as a consumer to regulator.57
10-10 02:00:03.014     0     0 I qcom,camera ac4f000.qcom,cci: qcom,cam-sensor0: Linked as a consumer to regulator.56
10-10 02:00:03.014     0     0 I qcom,camera ac4f000.qcom,cci: qcom,cam-sensor0: Linked as a consumer to regulator.53
10-10 02:00:03.040     0     0 I qcom,camera ac4f000.qcom,cci: qcom,cam-sensor0: Linked as a consumer to regulator.79
10-10 02:00:03.052     0     0 I CAM_INFO: CAM-SENSOR: cam_sensor_driver_cmd: 960 Probe success,slot:0,slave_addr:0x6c,sensor_id:0x4688
10-10 02:00:03.053     0     0 I qcom,camera ac4f000.qcom,cci: qcom,cam-sensor0: Dropping the link to regulator.79
10-10 02:00:03.058     0     0 I qcom,camera ac4f000.qcom,cci: qcom,cam-sensor0: Dropping the link to regulator.53
10-10 02:00:03.058     0     0 I qcom,camera ac4f000.qcom,cci: qcom,cam-sensor0: Dropping the link to regulator.56
10-10 02:00:03.058     0     0 I qcom,camera ac4f000.qcom,cci: qcom,cam-sensor0: Dropping the link to regulator.57
10-10 02:00:03.058     0     0 I CAM_INFO: CAM: cam_res_mgr_shared_pinctrl_put: 270 Need hold put this pinctrl
10-10 02:00:03.291     0     0 E init    : Control message: Could not find 'android.frameworks.sensorservice@1.0::ISensorManager/default' for ctl.interface_start from pid: 626 (/system/bin/hwservicemanager)
10-10 02:00:03.293     0     0 E init    : Control message: Could not find 'android.frameworks.sensorservice@1.0::ISensorManager/default' for ctl.interface_start from pid: 626 (/system/bin/hwservicemanager)
10-10 02:00:03.327     0     0 I msm_vidc: high: 00000001: ....e: Opening video instance: 0000000000000000, 0
10-10 02:00:03.327     0     0 I msm_vidc: err : 00000001: ....e: Failed to create debugfs for msm_vidc
10-10 02:00:03.327     0     0 I msm_vidc: err : 00000001: ....e: Unsupported WxH (320)x(240), max supported is (0)x(0)
10-10 02:00:03.327     0     0 I msm_vidc: err : 00000001: ....e: msm_vidc_check_session_supported: Resolution unsupported
10-10 02:00:03.327     0     0 I msm_vidc: err : 00000001: ....e: msm_venc_s_fmt: session not supported
10-10 02:00:03.332     0     0 I msm_vidc: high: 00000001: h265e: Closed video instance: 0000000000000000
10-10 02:00:03.359     0     0 I msm_vidc: high: 00000001: ....d: Opening video instance: 0000000000000000, 1
10-10 02:00:03.359     0     0 I msm_vidc: err : 00000001: ....d: Failed to create debugfs for msm_vidc
10-10 02:00:03.362     0     0 I msm_vidc: high: 00000001: h264d: Closed video instance: 0000000000000000
10-10 02:00:03.368     0     0 I msm_vidc: high: 00000001: ....d: Opening video instance: 0000000000000000, 1
10-10 02:00:03.368     0     0 I msm_vidc: err : 00000001: ....d: Failed to create debugfs for msm_vidc
10-10 02:00:03.383     0     0 I msm_vidc: high: 00000001: h264d: Closed video instance: 0000000000000000
10-10 02:00:03.439     0     0 I msm_vidc: high: 00000001: ....d: Opening video instance: 0000000000000000, 1
10-10 02:00:03.439     0     0 I msm_vidc: err : 00000001: ....d: Failed to create debugfs for msm_vidc
10-10 02:00:03.446     0     0 I msm_vidc: high: 00000001: h265d: Closed video instance: 0000000000000000
10-10 02:00:03.451     0     0 I msm_vidc: high: 00000001: ....d: Opening video instance: 0000000000000000, 1
10-10 02:00:03.452     0     0 I msm_vidc: err : 00000001: ....d: Failed to create debugfs for msm_vidc
10-10 02:00:03.455     0     0 I msm_vidc: high: 00000001: h265d: Closed video instance: 0000000000000000
10-10 02:00:03.469     0     0 I msm_vidc: high: 00000001: ....d: Opening video instance: 0000000000000000, 1
10-10 02:00:03.469     0     0 I msm_vidc: err : 00000001: ....d: Failed to create debugfs for msm_vidc
10-10 02:00:03.474     0     0 I msm_vidc: high: 00000001: mpg2d: Closed video instance: 0000000000000000
10-10 02:00:03.480     0     0 I msm_vidc: high: 00000001: ....d: Opening video instance: 0000000000000000, 1
10-10 02:00:03.480     0     0 I msm_vidc: err : 00000001: ....d: Failed to create debugfs for msm_vidc
10-10 02:00:03.483     0     0 I msm_vidc: high: 00000001: mpg2d: Closed video instance: 0000000000000000
10-10 02:00:03.501     0     0 I msm_vidc: high: 00000001: ....d: Opening video instance: 0000000000000000, 1
10-10 02:00:03.501     0     0 I msm_vidc: err : 00000001: ....d: Failed to create debugfs for msm_vidc
10-10 02:00:03.504     0     0 I msm_vidc: high: 00000001:  vp8d: Closed video instance: 0000000000000000
10-10 02:00:03.528     0     0 I msm_vidc: high: 00000001: ....d: Opening video instance: 0000000000000000, 1
10-10 02:00:03.528     0     0 I msm_vidc: err : 00000001: ....d: Failed to create debugfs for msm_vidc
10-10 02:00:03.530     0     0 I msm_vidc: high: 00000001:  vp9d: Closed video instance: 0000000000000000
10-10 02:00:03.536     0     0 I msm_vidc: high: 00000001: ....d: Opening video instance: 0000000000000000, 1
10-10 02:00:03.536     0     0 I msm_vidc: err : 00000001: ....d: Failed to create debugfs for msm_vidc
10-10 02:00:03.539     0     0 I msm_vidc: high: 00000001:  vp9d: Closed video instance: 0000000000000000
10-10 02:00:03.556     0     0 I msm_vidc: high: 00000001: ....e: Opening video instance: 0000000000000000, 0
10-10 02:00:03.556     0     0 I msm_vidc: err : 00000001: ....e: Failed to create debugfs for msm_vidc
10-10 02:00:03.556     0     0 I msm_vidc: err : 00000001: ....e: Unsupported WxH (320)x(240), max supported is (0)x(0)
10-10 02:00:03.556     0     0 I msm_vidc: err : 00000001: ....e: msm_vidc_check_session_supported: Resolution unsupported
10-10 02:00:03.556     0     0 I msm_vidc: err : 00000001: ....e: msm_venc_s_fmt: session not supported
10-10 02:00:03.567     0     0 I msm_vidc: high: 00000001: h264e: Closed video instance: 0000000000000000
10-10 02:00:03.599     0     0 I msm_vidc: high: 00000001: ....e: Opening video instance: 0000000000000000, 0
10-10 02:00:03.599     0     0 I msm_vidc: err : 00000001: ....e: Failed to create debugfs for msm_vidc
10-10 02:00:03.599     0     0 I msm_vidc: err : 00000001: ....e: Unsupported WxH (320)x(240), max supported is (0)x(0)
10-10 02:00:03.599     0     0 I msm_vidc: err : 00000001: ....e: msm_vidc_check_session_supported: Resolution unsupported
10-10 02:00:03.599     0     0 I msm_vidc: err : 00000001: ....e: msm_venc_s_fmt: session not supported
10-10 02:00:03.602     0     0 I msm_vidc: high: 00000001: h265e: Closed video instance: 0000000000000000
10-10 02:00:03.611     0     0 I msm_vidc: high: 00000001: ....e: Opening video instance: 0000000000000000, 0
10-10 02:00:03.611     0     0 I msm_vidc: err : 00000001: ....e: Failed to create debugfs for msm_vidc
10-10 02:00:03.611     0     0 I msm_vidc: err : 00000001: ....e: Unsupported WxH (320)x(240), max supported is (0)x(0)
10-10 02:00:03.611     0     0 I msm_vidc: err : 00000001: ....e: msm_vidc_check_session_supported: Resolution unsupported
10-10 02:00:03.611     0     0 I msm_vidc: err : 00000001: ....e: msm_venc_s_fmt: session not supported
10-10 02:00:03.618     0     0 I msm_vidc: high: 00000001: h265e: Closed video instance: 0000000000000000
10-10 02:00:03.649     0     0 I msm_vidc: high: 00000001: ....e: Opening video instance: 0000000000000000, 0
10-10 02:00:03.649     0     0 I msm_vidc: err : 00000001: ....e: Failed to create debugfs for msm_vidc
10-10 02:00:03.649     0     0 I msm_vidc: err : 00000001: ....e: Unsupported WxH (320)x(240), max supported is (0)x(0)
10-10 02:00:03.649     0     0 I msm_vidc: err : 00000001: ....e: msm_vidc_check_session_supported: Resolution unsupported
10-10 02:00:03.649     0     0 I msm_vidc: err : 00000001: ....e: msm_venc_s_fmt: session not supported
10-10 02:00:03.649     0     0 I msm_vidc: err : 00000001: ....e: msm_vidc_comm_update_ctrl: failed: control name Ltr Count, min 0, max 0, step 0, default_value 0
10-10 02:00:03.654     0     0 I msm_vidc: high: 00000001:  vp8e: Closed video instance: 0000000000000000
10-10 02:00:03.723     0     0 I [drm:dsi_conn_get_mode_info] [msm-dsi-info]: ToDo: Set different dsc compression ratio per 'qcom,mdss_dsi_xrsmrtvwr_video_jdi'
10-10 02:00:03.723     0     0 I [drm:dsi_conn_get_mode_info] [msm-dsi-info]: COMPRESSION_RATIO_2_TO_1 Enabled
10-10 02:00:03.724     0     0 I [drm:dsi_display_set_mode] [msm-dsi-info]: mdp_transfer_time_us=0 us
10-10 02:00:03.724     0     0 I [drm:dsi_display_set_mode] [msm-dsi-info]: hactive= 3200,vactive= 1600,fps=90
10-10 02:00:03.742     0     0 W ALERT   : changing window size from 20000000 to 12000000 at 8760014944
10-10 02:00:04.291     0     0 E init    : Control message: Could not find 'android.frameworks.sensorservice@1.0::ISensorManager/default' for ctl.interface_start from pid: 626 (/system/bin/hwservicemanager)
10-10 02:00:04.293     0     0 E init    : Control message: Could not find 'android.frameworks.sensorservice@1.0::ISensorManager/default' for ctl.interface_start from pid: 626 (/system/bin/hwservicemanager)
10-10 02:00:04.654     0     0 I binder  : 1986:1986 ioctl 40046210 7fe29353e4 returned -22
10-10 02:00:04.702  1986  1986 D SystemServerTiming: InitBeforeStartServices
10-10 02:00:04.703  1986  1986 I SystemServer: Entered the Android system server!
10-10 02:00:04.835  1986  1986 I SystemServerInitThreadPool: Creating instance with 8 threads
10-10 02:00:05.147     0     0 W healthd : battery l=20 v=3911 t=23.7 h=2 st=2 c=1471190 fc=8910000 cc=1 chg=a
10-10 02:00:05.158     0     0 W healthd : battery l=20 v=3911 t=23.7 h=2 st=2 c=1471190 fc=8910000 cc=1 chg=a
10-10 02:00:05.177     0     0 W healthd : battery l=20 v=3911 t=23.7 h=2 st=2 c=1471190 fc=8910000 cc=1 chg=a
10-10 02:00:05.180  1986  1986 D SystemServerTiming: StartServices
10-10 02:00:05.180  1986  1986 D SystemServerTiming: startBootstrapServices
10-10 02:00:05.180  1986  1986 D SystemServerTiming: StartWatchdog
10-10 02:00:05.187  1986  1986 I SystemServer: Reading configuration...
10-10 02:00:05.187  1986  1986 D SystemServerTiming: ReadingSystemConfig
10-10 02:00:05.187  1986  1986 D SystemServerTiming: PlatformCompat
10-10 02:00:05.187  1986  2014 D SystemServerTimingAsync: InitThreadPoolExec:ReadingSystemConfig
10-10 02:00:05.187  1986  2014 D SystemServerInitThreadPool: Started executing ReadingSystemConfig
10-10 02:00:05.189  1986  2014 I SystemConfig: Reading permissions from /system/etc/sysconfig/preinstalled-packages-com.android.providers.media.module.xml
10-10 02:00:05.189     0     0 W healthd : battery l=20 v=3911 t=23.7 h=2 st=2 c=1471190 fc=8910000 cc=1 chg=a
10-10 02:00:05.191  1986  2014 I SystemConfig: Reading permissions from /system/etc/sysconfig/preinstalled-packages-platform-full-base.xml
10-10 02:00:05.191  1986  1986 D CompatConfig: Found a config file: /system/etc/compatconfig/icu4j-platform-compat-config.xml
10-10 02:00:05.191  1986  2014 I SystemConfig: Reading permissions from /system/etc/sysconfig/preinstalled-packages-platform.xml
10-10 02:00:05.191  1986  1986 D CompatConfig: Adding: com.android.server.compat.config.Change@ae59a0e
10-10 02:00:05.191  1986  2014 I SystemConfig: Reading permissions from /system/etc/sysconfig/framework-sysconfig.xml
10-10 02:00:05.191  1986  1986 D CompatConfig: Found a config file: /system/etc/compatconfig/calendar-provider-compat-config.xml
10-10 02:00:05.192  1986  1986 D CompatConfig: Adding: com.android.server.compat.config.Change@1525bc5
10-10 02:00:05.192  1986  2014 I SystemConfig: Reading permissions from /system/etc/sysconfig/hiddenapi-package-whitelist.xml
10-10 02:00:05.192  1986  1986 D CompatConfig: Found a config file: /system/etc/compatconfig/documents-ui-compat-config.xml
10-10 02:00:05.192  1986  2014 I SystemConfig: Reading permissions from /system/etc/sysconfig/qti_whitelist.xml
10-10 02:00:05.192  1986  1986 D CompatConfig: Adding: com.android.server.compat.config.Change@501ef41
10-10 02:00:05.192  1986  1986 D CompatConfig: Found a config file: /system/etc/compatconfig/framework-platform-compat-config.xml
10-10 02:00:05.193  1986  2014 I SystemConfig: Reading permissions from /system/etc/permissions/privapp-permissions-qti.xml
10-10 02:00:05.193  1986  1986 D CompatConfig: Adding: com.android.server.compat.config.Change@fd30cd4
10-10 02:00:05.193  1986  1986 D CompatConfig: Adding: com.android.server.compat.config.Change@abd3e7d
10-10 02:00:05.193  1986  1986 D CompatConfig: Adding: com.android.server.compat.config.Change@d4be172
10-10 02:00:05.193  1986  1986 D CompatConfig: Adding: com.android.server.compat.config.Change@82be9c3
10-10 02:00:05.193  1986  1986 D CompatConfig: Adding: com.android.server.compat.config.Change@bbe2240
10-10 02:00:05.193  1986  1986 D CompatConfig: Adding: com.android.server.compat.config.Change@be44579
10-10 02:00:05.193  1986  1986 D CompatConfig: Adding: com.android.server.compat.config.Change@1f2a2be
10-10 02:00:05.193  1986  1986 D CompatConfig: Adding: com.android.server.compat.config.Change@ed95f1f
10-10 02:00:05.193  1986  1986 D CompatConfig: Adding: com.android.server.compat.config.Change@e83226c
10-10 02:00:05.193  1986  1986 D CompatConfig: Adding: com.android.server.compat.config.Change@ddac035
10-10 02:00:05.193  1986  1986 D CompatConfig: Adding: com.android.server.compat.config.Change@ab22cca
10-10 02:00:05.193  1986  1986 D CompatConfig: Adding: com.android.server.compat.config.Change@5bece3b
10-10 02:00:05.193  1986  1986 D CompatConfig: Adding: com.android.server.compat.config.Change@1b5f958
10-10 02:00:05.193  1986  1986 D CompatConfig: Adding: com.android.server.compat.config.Change@e842ab1
10-10 02:00:05.193  1986  1986 D CompatConfig: Adding: com.android.server.compat.config.Change@92e4b96
10-10 02:00:05.193  1986  1986 D CompatConfig: Adding: com.android.server.compat.config.Change@fc21317
10-10 02:00:05.193  1986  1986 D CompatConfig: Adding: com.android.server.compat.config.Change@23d5304
10-10 02:00:05.193  1986  1986 D CompatConfig: Adding: com.android.server.compat.config.Change@c7fc0ed
10-10 02:00:05.193  1986  1986 D CompatConfig: Adding: com.android.server.compat.config.Change@37b8b22
10-10 02:00:05.193  1986  1986 D CompatConfig: Adding: com.android.server.compat.config.Change@e4ac9b3
10-10 02:00:05.193  1986  1986 D CompatConfig: Adding: com.android.server.compat.config.Change@2be9b70
10-10 02:00:05.193  1986  1986 D CompatConfig: Adding: com.android.server.compat.config.Change@7247ee9
10-10 02:00:05.193  1986  1986 D CompatConfig: Adding: com.android.server.compat.config.Change@a6b376e
10-10 02:00:05.193  1986  1986 D CompatConfig: Adding: com.android.server.compat.config.Change@79e4e0f
10-10 02:00:05.193  1986  1986 D CompatConfig: Adding: com.android.server.compat.config.Change@8c9fe9c
10-10 02:00:05.193  1986  1986 D CompatConfig: Adding: com.android.server.compat.config.Change@23d20a5
10-10 02:00:05.193  1986  1986 D CompatConfig: Adding: com.android.server.compat.config.Change@8975c7a
10-10 02:00:05.193  1986  1986 D CompatConfig: Adding: com.android.server.compat.config.Change@6fbbc2b
10-10 02:00:05.193  1986  1986 D CompatConfig: Adding: com.android.server.compat.config.Change@c66888
10-10 02:00:05.193  1986  1986 D CompatConfig: Adding: com.android.server.compat.config.Change@9842221
10-10 02:00:05.193  1986  1986 D CompatConfig: Adding: com.android.server.compat.config.Change@62ec646
10-10 02:00:05.193  1986  1986 D CompatConfig: Adding: com.android.server.compat.config.Change@277f007
10-10 02:00:05.193  1986  1986 D CompatConfig: Adding: com.android.server.compat.config.Change@49d8534
10-10 02:00:05.193  1986  1986 D CompatConfig: Adding: com.android.server.compat.config.Change@fdfbf5d
10-10 02:00:05.193  1986  1986 D CompatConfig: Adding: com.android.server.compat.config.Change@d8100d2
10-10 02:00:05.193  1986  1986 D CompatConfig: Adding: com.android.server.compat.config.Change@29985a3
10-10 02:00:05.193  1986  1986 D CompatConfig: Adding: com.android.server.compat.config.Change@127c0a0
10-10 02:00:05.193  1986  1986 D CompatConfig: Adding: com.android.server.compat.config.Change@65df459
10-10 02:00:05.193  1986  1986 D CompatConfig: Adding: com.android.server.compat.config.Change@c4a581e
10-10 02:00:05.193  1986  1986 D CompatConfig: Adding: com.android.server.compat.config.Change@7b4d8ff
10-10 02:00:05.193  1986  1986 D CompatConfig: Adding: com.android.server.compat.config.Change@65846cc
10-10 02:00:05.193  1986  1986 D CompatConfig: Adding: com.android.server.compat.config.Change@6f07d15
10-10 02:00:05.193  1986  1986 D CompatConfig: Adding: com.android.server.compat.config.Change@dbfd82a
10-10 02:00:05.193  1986  1986 D CompatConfig: Adding: com.android.server.compat.config.Change@908061b
10-10 02:00:05.193  1986  1986 D CompatConfig: Adding: com.android.server.compat.config.Change@e2903b8
10-10 02:00:05.194  1986  1986 D CompatConfig: Adding: com.android.server.compat.config.Change@ee8d591
10-10 02:00:05.194  1986  1986 D CompatConfig: Adding: com.android.server.compat.config.Change@996e8f7
10-10 02:00:05.194  1986  1986 D CompatConfig: Adding: com.android.server.compat.config.Change@646a364
10-10 02:00:05.194  1986  1986 D CompatConfig: Adding: com.android.server.compat.config.Change@53439cd
10-10 02:00:05.194  1986  2014 I SystemConfig: Reading permissions from /system/etc/permissions/com.android.future.usb.accessory.xml
10-10 02:00:05.194  1986  1986 D CompatConfig: Adding: com.android.server.compat.config.Change@2674282
10-10 02:00:05.194  1986  1986 D CompatConfig: Adding: com.android.server.compat.config.Change@ec71d93
10-10 02:00:05.194  1986  1986 D CompatConfig: Adding: com.android.server.compat.config.Change@87c91d0
10-10 02:00:05.194  1986  1986 D CompatConfig: Adding: com.android.server.compat.config.Change@857a5c9
10-10 02:00:05.194  1986  1986 D CompatConfig: Adding: com.android.server.compat.config.Change@44b04ce
10-10 02:00:05.194  1986  1986 D CompatConfig: Adding: com.android.server.compat.config.Change@4bbffef
10-10 02:00:05.194  1986  1986 D CompatConfig: Adding: com.android.server.compat.config.Change@de0fafc
10-10 02:00:05.194  1986  1986 D CompatConfig: Adding: com.android.server.compat.config.Change@2bd585
10-10 02:00:05.194  1986  1986 D CompatConfig: Adding: com.android.server.compat.config.Change@7969fda
10-10 02:00:05.194  1986  1986 D CompatConfig: Adding: com.android.server.compat.config.Change@c72ac0b
10-10 02:00:05.194  1986  1986 D CompatConfig: Adding: com.android.server.compat.config.Change@8c0cae8
10-10 02:00:05.194  1986  1986 D CompatConfig: Adding: com.android.server.compat.config.Change@f594501
10-10 02:00:05.194  1986  1986 D CompatConfig: Found a config file: /system/etc/compatconfig/services-platform-compat-config.xml
10-10 02:00:05.194  1986  2014 I SystemConfig: Reading permissions from /system/etc/permissions/android.test.mock.xml
10-10 02:00:05.194  1986  2014 I SystemConfig: Reading permissions from /system/etc/permissions/wolvic-priv-app-permissions.xml
10-10 02:00:05.194  1986  2014 I SystemConfig: Reading permissions from /system/etc/permissions/com.android.mediadrm.signer.xml
10-10 02:00:05.194  1986  1986 D CompatConfig: Adding: com.android.server.compat.config.Change@1f95032
10-10 02:00:05.194  1986  1986 D CompatConfig: Adding: com.android.server.compat.config.Change@6429183
10-10 02:00:05.195  1986  1986 D CompatConfig: Adding: com.android.server.compat.config.Change@1000f00
10-10 02:00:05.195  1986  1986 D CompatConfig: Adding: com.android.server.compat.config.Change@b989339
10-10 02:00:05.195  1986  1986 D CompatConfig: Adding: com.android.server.compat.config.Change@3e83d7e
10-10 02:00:05.195  1986  1986 D CompatConfig: Adding: com.android.server.compat.config.Change@a12c2df
10-10 02:00:05.195  1986  1986 D CompatConfig: Adding: com.android.server.compat.config.Change@8d71b2c
10-10 02:00:05.195  1986  1986 D CompatConfig: Adding: com.android.server.compat.config.Change@de629f5
10-10 02:00:05.195  1986  1986 D CompatConfig: Adding: com.android.server.compat.config.Change@446b38a
10-10 02:00:05.195  1986  1986 D CompatConfig: Adding: com.android.server.compat.config.Change@38aadfb
10-10 02:00:05.195  1986  1986 D CompatConfig: Adding: com.android.server.compat.config.Change@e30be18
10-10 02:00:05.195  1986  1986 D CompatConfig: Adding: com.android.server.compat.config.Change@33c7071
10-10 02:00:05.195  1986  1986 D CompatConfig: Adding: com.android.server.compat.config.Change@3647e56
10-10 02:00:05.195  1986  1986 D CompatConfig: Adding: com.android.server.compat.config.Change@ccc2ed7
10-10 02:00:05.195  1986  1986 D CompatConfig: Adding: com.android.server.compat.config.Change@a7fa3c4
10-10 02:00:05.195  1986  1986 D CompatConfig: Adding: com.android.server.compat.config.Change@9d6a2ad
10-10 02:00:05.195  1986  1986 D CompatConfig: Adding: com.android.server.compat.config.Change@4c229e2
10-10 02:00:05.195  1986  1986 D CompatConfig: Adding: com.android.server.compat.config.Change@63ae173
10-10 02:00:05.195  1986  1986 D CompatConfig: Adding: com.android.server.compat.config.Change@9b53830
