02-02 07:15:11.961   693   693 D spcomlib: [spcom_unregister_client] spcom_unregister_client() name [cryptoapp] fd [8] pid [545211499768].
02-02 07:15:11.961   693   693 D spcomlib: [del_ssr_cb] ssr cb deleted!
02-02 07:15:11.961   693   693 D spcomlib: [stop_ssr_thread] ssr_cb_num [1] > 0 , Don't kill yet
02-02 07:15:11.961   693   693 D spcomlib: [del_ch] del ch [cryptoapp].
02-02 07:15:11.961   693   693 D spcomlib: [spcom_unregister_client] spcom_unregister_client() pid [545211499768] done.
02-02 07:15:11.961   693   693 D spcomlib: [spcom_signal_event] event [2] [spu_ready] EVENT_STATUS_SIGNALED
02-02 07:15:11.961   693   693 D sp_uim_remote: [sp_uim_remote_create_thread] created thread for modem uim remote communication with SP for instance [0]
02-02 07:15:11.961   693   746 D sp_uim_remote: [sp_uim_remote_start_func] Slot in sp_uim_remote_start_func 0
02-02 07:15:11.961   693   693 D sp_uim_remote: [sp_uim_remote_create_thread] created thread for modem uim remote communication with SP for instance [1]
02-02 07:15:11.961   693   693 D spdaemon: Go to sleep , nothing to do now , wake up upon SP reset event.
02-02 07:15:11.961   693   747 D sp_uim_remote: [sp_uim_remote_start_func] Slot in sp_uim_remote_start_func 1
02-02 07:15:11.962   693   746 E sp_uim_remote: [sp_uim_remote_register_with_modem] Registration failed with UIM REMOTE
02-02 07:15:12.682     0     0 W ServiceManager: Waited one second for android.system.keystore2.IKeystoreService/default (is service started? are binder threads started and available?)
02-02 07:15:12.683     0     0 I wait_for_keymaster: Keymaster device ready
02-02 07:15:12.683     0     0 I init    : Service 'wait_for_keymaster' (pid 714) exited with status 0 waiting took 1.012000 seconds
02-02 07:15:12.683     0     0 I init    : Sending signal 9 to service 'wait_for_keymaster' (pid 714) process group...
02-02 07:15:12.683     0     0 I libprocessgroup: Successfully killed process cgroup uid 0 pid 714 in 0ms
02-02 07:15:12.684     0     0 I init    : Calling: /system/bin/vdc checkpoint needsCheckpoint
02-02 07:15:12.686     0     0 I binder  : undelivered transaction 295, process died.
02-02 07:15:12.689     0     0 I binder  : 748:748 ioctl 40046210 7fc9283d54 returned -22
02-02 07:15:12.689     0     0 D ProcessState: Binder ioctl to enable oneway spam detection failed: Invalid argument
02-02 07:15:12.689     0     0 D vdc     : Waited 0ms for vold
02-02 07:15:12.695     0     0 I init    : [libfs_mgr]Invalid f2fs superblock on '/dev/block/bootdevice/by-name/userdata'
02-02 07:15:12.696     0     0 E init    : [libfs_mgr]mount_with_alternatives(): skipping mount due to invalid magic, mountpoint=/data blk_dev=/dev/block/sda15 rec[6].fs_type=f2fs
02-02 07:15:12.696     0     0 I init    : Calling: /system/bin/vdc cryptfs mountFstab /dev/block/bootdevice/by-name/userdata /data
02-02 07:15:12.700     0     0 I binder  : 749:749 ioctl 40046210 7fe1d67f74 returned -22
02-02 07:15:12.700     0     0 D ProcessState: Binder ioctl to enable oneway spam detection failed: Invalid argument
02-02 07:15:12.700     0     0 D vdc     : Waited 0ms for vold
02-02 07:15:12.700   643   643 D vold    : fscrypt_mount_metadata_encrypted: /data encrypt: 0 format: 0 with null
02-02 07:15:12.700   643   643 D vold    : metadata_key_dir/key: /metadata/vold/metadata_encryption/key
02-02 07:15:12.702   643   643 D vold    : Key exists, using: /metadata/vold/metadata_encryption/key
02-02 07:15:12.711   643   643 D vold    : Mounting metadata-encrypted filesystem:/data
02-02 07:15:12.714   643   643 I vold    : [libfs_mgr]Running /system/bin/fsck.f2fs -a -c 10000 --debug-cache /dev/block/dm-10
02-02 07:15:12.719     0     0 I fsck.f2fs: Info: Fix the reported corruption.
02-02 07:15:12.719     0     0 I fsck.f2fs: Info: No support kernel version!
02-02 07:15:12.719     0     0 I fsck.f2fs: Info: Segments per section = 1
02-02 07:15:12.719     0     0 I fsck.f2fs: Info: Sections per zone = 1
02-02 07:15:12.719     0     0 I fsck.f2fs: Info: sector size = 4096
02-02 07:15:12.719     0     0 I fsck.f2fs: Info: total sectors = 28968403 (113157 MB)
02-02 07:15:12.721     0     0 I fsck.f2fs: Info: MKFS version
02-02 07:15:12.721     0     0 I fsck.f2fs: "5.15.0-107-generic #117~20.04.1-Ubuntu SMP Tue Apr 30 10:35:57 UTC 2024"
02-02 07:15:12.721     0     0 I fsck.f2fs: Info: FSCK version
02-02 07:15:12.721     0     0 I fsck.f2fs: from "4.19.157-perf"
02-02 07:15:12.721     0     0 I fsck.f2fs: to "4.19.157-perf"
02-02 07:15:12.721     0     0 I fsck.f2fs: Info: version timestamp cur: 2787312, prev: 2776768
02-02 07:15:12.721     0     0 I fsck.f2fs: Info: superblock features = 481 :  encrypt verity quota_ino
02-02 07:15:12.721     0     0 I fsck.f2fs: Info: superblock encrypt level = 0, salt = 00000000000000000000000000000000
02-02 07:15:12.721     0     0 I fsck.f2fs: Info: total FS sectors = 26214400 (102400 MB)
02-02 07:15:12.721     0     0 I fsck.f2fs: Info: CKPT version = 6df037a0
02-02 07:15:12.757     0     0 I fsck.f2fs: Info: checkpoint state = 44 :  crc compacted_summary sudden-power-off
02-02 07:15:12.757     0     0 I fsck.f2fs: Info: No error was reported
02-02 07:15:12.757     0     0 I fsck.f2fs:
02-02 07:15:12.757     0     0 I fsck.f2fs: c, u, RA, CH, CM, Repl=
02-02 07:15:12.757     0     0 I fsck.f2fs: 10000 2473 52525 50052 2473 0
02-02 07:15:12.797     0     0 I F2FS-fs (dm-10): Mounted with checkpoint version = 6df037a0
02-02 07:15:12.797   643   643 I vold    : [libfs_mgr]__mount(source=/dev/block/dm-10,target=/data,type=f2fs)=0: Success
02-02 07:15:12.797   643   643 D vold    : Mounted /data
02-02 07:15:12.797   643   681 D vold    : Disk at 252:10 changed
02-02 07:15:12.798     0     0 I init    : Userdata mounted using /vendor/etc/fstab.qcom result : 7
02-02 07:15:12.798     0     0 I init    : Keyring created with id 915068415 in process 1
02-02 07:15:12.798     0     0 I init    : Command 'mount_all /vendor/etc/fstab.qcom --late' action=late-fs (/vendor/etc/init/hw/init.target.rc:72) took 114ms and succeeded
02-02 07:15:12.799     0     0 I init    : processing action (late-fs) from (/vendor/etc/init/keymasterd.rc:5)
02-02 07:15:12.799     0     0 I init    : starting service 'vendor.keymasterd'...
02-02 07:15:12.800     0     0 I init    : processing action (post-fs-data) from (/system/etc/init/hw/init.rc:689)
02-02 07:15:12.800     0     0 I init    : starting service 'exec 9 (/system/bin/vdc checkpoint prepareCheckpoint)'...
02-02 07:15:12.801     0     0 I init    : SVC_EXEC service 'exec 9 (/system/bin/vdc checkpoint prepareCheckpoint)' pid 756 (uid 1000 gid 1000+0 context default) started; waiting...
02-02 07:15:12.805     0     0 I binder  : 756:756 ioctl 40046210 7fc72fd5f4 returned -22
02-02 07:15:12.805     0     0 D ProcessState: Binder ioctl to enable oneway spam detection failed: Invalid argument
02-02 07:15:12.805   643   643 I Checkpoint: cp_prepareCheckpoint called
02-02 07:15:12.805     0     0 D vdc     : Waited 0ms for vold
02-02 07:15:12.806     0     0 I init    : Service 'exec 9 (/system/bin/vdc checkpoint prepareCheckpoint)' (pid 756) exited with status 0 waiting took 0.004000 seconds
02-02 07:15:12.806     0     0 I init    : Sending signal 9 to service 'exec 9 (/system/bin/vdc checkpoint prepareCheckpoint)' (pid 756) process group...
02-02 07:15:12.806     0     0 I libprocessgroup: Successfully killed process cgroup uid 1000 pid 756 in 0ms
02-02 07:15:12.808     0     0 I init    : starting service 'exec 10 (/system/bin/vdc --wait cryptfs enablefilecrypto)'...
02-02 07:15:12.809     0     0 I init    : SVC_EXEC service 'exec 10 (/system/bin/vdc --wait cryptfs enablefilecrypto)' pid 758 (uid 0 gid 0+0 context default) started; waiting...
02-02 07:15:12.812     0     0 I binder  : 758:758 ioctl 40046210 7fd9499944 returned -22
02-02 07:15:12.812     0     0 D ProcessState: Binder ioctl to enable oneway spam detection failed: Invalid argument
02-02 07:15:12.813     0     0 D vdc     : Waited 0ms for vold
02-02 07:15:12.813   643   643 I vold    : fscrypt_initialize_systemwide_keys
02-02 07:15:12.814   643   643 D vold    : Key exists, using: /data/unencrypted/key
02-02 07:15:12.823   643   643 D vold    : Installed fscrypt key with ref 1205de1cb1edc6b0ee93559ed0264b1e to /data
02-02 07:15:12.823   643   643 D vold    : Added fscrypt-provisioning key for 1205de1cb1edc6b0ee93559ed0264b1e to session keyring
02-02 07:15:12.825   643   643 I vold    : Wrote system DE key reference to:/data/unencrypted/ref
02-02 07:15:12.825   643   643 D vold    : Generating wrapped storage key
02-02 07:15:12.826   643   643 E vold    : keystore2 Keystore generateKey returned service specific error: -67
02-02 07:15:12.826   643   643 W vold    : Failed to generate rollback-resistant key.  This is expected if keymaster doesn't support rollback resistance.  Falling back to non-rollback-resistant key.
02-02 07:15:12.830   755   757 D spcomlib: [spcom_register_service] spcom_register_service() name [sp_keymaster_ssr] pid [490811681968]
02-02 07:15:12.830   755   757 D spcomlib: [spcom_open] ch [sp_keymaster_ssr] doesn't exist, create it.
02-02 07:15:12.830   755   757 D spcomlib: [spcom_create_channel] Create Channel [sp_keymaster_ssr].
02-02 07:15:12.833   643   643 D vold    : Installed fscrypt key with ref fa8c05d0b7f809254647a4537f723d38 to /data
02-02 07:15:12.833   643   643 D vold    : Added fscrypt-provisioning key for fa8c05d0b7f809254647a4537f723d38 to session keyring
02-02 07:15:12.834   643   643 I vold    : Wrote per boot key reference to:/data/unencrypted/per_boot_ref
02-02 07:15:12.834     0     0 I init    : Service 'exec 10 (/system/bin/vdc --wait cryptfs enablefilecrypto)' (pid 758) exited with status 0 waiting took 0.026000 seconds
02-02 07:15:12.834     0     0 I init    : Sending signal 9 to service 'exec 10 (/system/bin/vdc --wait cryptfs enablefilecrypto)' (pid 758) process group...
02-02 07:15:12.835     0     0 I libprocessgroup: Successfully killed process cgroup uid 0 pid 758 in 0ms
02-02 07:15:12.835     0     0 I fscrypt : AES-256-CTS-CBC using implementation "cts(cbc-aes-ce)"
02-02 07:15:12.835     0     0 I init    : Verified that /data/bootchart has the encryption policy 1205de1cb1edc6b0ee93559ed0264b1e v2 modes 1/4 flags 0xa
02-02 07:15:12.840     0     0 I init    : Verified that /data/vendor has the encryption policy 1205de1cb1edc6b0ee93559ed0264b1e v2 modes 1/4 flags 0xa
02-02 07:15:12.840     0     0 I init    : Not setting encryption policy on: /data/vendor_ce
02-02 07:15:12.840     0     0 I init    : Not setting encryption policy on: /data/vendor_de
02-02 07:15:12.840     0     0 I init    : Verified that /data/anr has the encryption policy 1205de1cb1edc6b0ee93559ed0264b1e v2 modes 1/4 flags 0xa
02-02 07:15:12.841     0     0 I init    : Verified that /data/tombstones has the encryption policy 1205de1cb1edc6b0ee93559ed0264b1e v2 modes 1/4 flags 0xa
02-02 07:15:12.842   755   757 D spcomlib: [add_ssr_cb] ssr cb added!
02-02 07:15:12.842   755   757 D spcomlib: [start_ssr_thread] ch [spcom] ready!
02-02 07:15:12.842   755   757 D spcomlib: [start_ssr_thread] main pthread self_id [0x46a7ecb0].
02-02 07:15:12.842   755   757 D spcomlib: [start_ssr_thread] pthread_create() ret [0] thread-id [0x45980cb0].
02-02 07:15:12.842   755   757 D spcomlib: [start_ssr_thread] Wait for SSR thread to run.
02-02 07:15:12.842   755   765 D spcomlib: [notify_ssr_thread] SSR pthread self_id [0x45980cb0].
02-02 07:15:12.842   755   757 D spcomlib: [start_ssr_thread] pthread_cond_wait() ret [0].
02-02 07:15:12.842   755   757 D spcomlib: [start_ssr_thread] done.
02-02 07:15:12.842   755   757 D spcomlib: [add_ch] add ch [sp_keymaster_ssr].
02-02 07:15:12.842   755   757 D spcomlib: [spcom_register_service] spcom_register_service() name [sp_keymaster_ssr] pid [490811681968] done
02-02 07:15:12.841     0     0 I init    : starting service 'tombstoned'...
02-02 07:15:12.841     0     0 I init    : Created socket '/dev/socket/tombstoned_crash', mode 666, user 1000, group 1000
02-02 07:15:12.841     0     0 I init    : Created socket '/dev/socket/tombstoned_intercept', mode 666, user 1000, group 1000
02-02 07:15:12.842     0     0 I init    : Created socket '/dev/socket/tombstoned_java_trace', mode 666, user 1000, group 1000
02-02 07:15:12.843     0     0 I init    : Switched to default mount namespace
02-02 07:15:12.844     0     0 I init    : Verified that /data/misc has the encryption policy 1205de1cb1edc6b0ee93559ed0264b1e v2 modes 1/4 flags 0xa
02-02 07:15:12.845     0     0 I init    : starting service 'exec 11 (/system/bin/vdc keymaster earlyBootEnded)'...
02-02 07:15:12.845     0     0 I init    : SVC_EXEC service 'exec 11 (/system/bin/vdc keymaster earlyBootEnded)' pid 767 (uid 1000 gid 1000+0 context default) started; waiting...
02-02 07:15:12.849     0     0 I binder  : 767:767 ioctl 40046210 7fc1733f34 returned -22
02-02 07:15:12.849     0     0 D ProcessState: Binder ioctl to enable oneway spam detection failed: Invalid argument
02-02 07:15:12.849     0     0 D vdc     : Waited 0ms for vold
02-02 07:15:12.849   643   643 I incfs   : Initial API level of the device: 30
02-02 07:15:12.849   643   643 I incfs   : ro.incremental.enable: 1
02-02 07:15:12.849   643   643 I incfs   : isFsAvailable: true
02-02 07:15:12.849   643   643 I incfs   : isFsAvailable: true
02-02 07:15:12.849   643   643 I incfs   : IncFs_Features: v1
02-02 07:15:12.858     0     0 I init    : Service 'exec 11 (/system/bin/vdc keymaster earlyBootEnded)' (pid 767) exited with status 0 waiting took 0.012000 seconds
02-02 07:15:12.858     0     0 I init    : Sending signal 9 to service 'exec 11 (/system/bin/vdc keymaster earlyBootEnded)' (pid 767) process group...
02-02 07:15:12.858     0     0 I libprocessgroup: Successfully killed process cgroup uid 1000 pid 767 in 0ms
02-02 07:15:12.858     0     0 I init    : Not setting encryption policy on: /data/apex
02-02 07:15:12.859     0     0 W init    : Inferred action different from explicit one, expected 0 but got 2
02-02 07:15:12.860     0     0 I init    : Verified that /data/apex/decompressed has the encryption policy 1205de1cb1edc6b0ee93559ed0264b1e v2 modes 1/4 flags 0xa
02-02 07:15:12.860     0     0 W init    : Inferred action different from explicit one, expected 0 but got 3
02-02 07:15:12.860     0     0 I init    : Verified that /data/app-staging has the encryption policy 1205de1cb1edc6b0ee93559ed0264b1e v2 modes 1/4 flags 0xa
02-02 07:15:12.860     0     0 W init    : Inferred action different from explicit one, expected 0 but got 2
02-02 07:15:12.860     0     0 I init    : Verified that /data/apex/ota_reserved has the encryption policy 1205de1cb1edc6b0ee93559ed0264b1e v2 modes 1/4 flags 0xa
02-02 07:15:12.860     0     0 I init    : starting service 'apexd'...
02-02 07:15:12.867     0     0 I apexd   : This device does not support updatable APEX. Exiting
02-02 07:15:12.867     0     0 I apexd   : Marking APEXd as activated
02-02 07:15:12.868     0     0 I init    : Service 'apexd' (pid 770) exited with status 0 oneshot service took 0.007000 seconds in background
02-02 07:15:12.868     0     0 I init    : Sending signal 9 to service 'apexd' (pid 770) process group...
02-02 07:15:12.868     0     0 I libprocessgroup: Successfully killed process cgroup uid 0 pid 770 in 0ms
02-02 07:15:12.870     0     0 I init    : Verified that /data/local has the encryption policy 1205de1cb1edc6b0ee93559ed0264b1e v2 modes 1/4 flags 0xa
02-02 07:15:12.873     0     0 I init    : Not setting encryption policy on: /data/preloads
02-02 07:15:12.873     0     0 I init    : Not setting encryption policy on: /data/data
02-02 07:15:12.873     0     0 I init    : Verified that /data/app-private has the encryption policy 1205de1cb1edc6b0ee93559ed0264b1e v2 modes 1/4 flags 0xa
02-02 07:15:12.874     0     0 I init    : Verified that /data/app-ephemeral has the encryption policy 1205de1cb1edc6b0ee93559ed0264b1e v2 modes 1/4 flags 0xa
02-02 07:15:12.874     0     0 I init    : Verified that /data/app-asec has the encryption policy 1205de1cb1edc6b0ee93559ed0264b1e v2 modes 1/4 flags 0xa
02-02 07:15:12.874     0     0 I init    : Verified that /data/app-lib has the encryption policy 1205de1cb1edc6b0ee93559ed0264b1e v2 modes 1/4 flags 0xa
02-02 07:15:12.874     0     0 I init    : Verified that /data/app has the encryption policy 1205de1cb1edc6b0ee93559ed0264b1e v2 modes 1/4 flags 0xa
02-02 07:15:12.874     0     0 I init    : Verified that /data/property has the encryption policy 1205de1cb1edc6b0ee93559ed0264b1e v2 modes 1/4 flags 0xa
02-02 07:15:12.874     0     0 W init    : Inferred action different from explicit one, expected 0 but got 2
02-02 07:15:12.874     0     0 I init    : Verified that /data/fonts/ has the encryption policy 1205de1cb1edc6b0ee93559ed0264b1e v2 modes 1/4 flags 0xa
02-02 07:15:12.875     0     0 I init    : Verified that /data/dalvik-cache has the encryption policy 1205de1cb1edc6b0ee93559ed0264b1e v2 modes 1/4 flags 0xa
02-02 07:15:12.876     0     0 I init    : Verified that /data/ota has the encryption policy 1205de1cb1edc6b0ee93559ed0264b1e v2 modes 1/4 flags 0xa
02-02 07:15:12.876     0     0 I init    : Verified that /data/ota_package has the encryption policy 1205de1cb1edc6b0ee93559ed0264b1e v2 modes 1/4 flags 0xa
02-02 07:15:12.876     0     0 I init    : Verified that /data/resource-cache has the encryption policy 1205de1cb1edc6b0ee93559ed0264b1e v2 modes 1/4 flags 0xa
02-02 07:15:12.876     0     0 I init    : Not setting encryption policy on: /data/lost+found
02-02 07:15:12.876     0     0 I init    : Verified that /data/drm has the encryption policy 1205de1cb1edc6b0ee93559ed0264b1e v2 modes 1/4 flags 0xa
02-02 07:15:12.876     0     0 I init    : Verified that /data/mediadrm has the encryption policy 1205de1cb1edc6b0ee93559ed0264b1e v2 modes 1/4 flags 0xa
02-02 07:15:12.877     0     0 I init    : Verified that /data/nfc has the encryption policy 1205de1cb1edc6b0ee93559ed0264b1e v2 modes 1/4 flags 0xa
02-02 07:15:12.877     0     0 I init    : Verified that /data/backup has the encryption policy 1205de1cb1edc6b0ee93559ed0264b1e v2 modes 1/4 flags 0xa
02-02 07:15:12.877     0     0 I init    : Verified that /data/ss has the encryption policy 1205de1cb1edc6b0ee93559ed0264b1e v2 modes 1/4 flags 0xa
02-02 07:15:12.877     0     0 I init    : Verified that /data/system has the encryption policy 1205de1cb1edc6b0ee93559ed0264b1e v2 modes 1/4 flags 0xa
02-02 07:15:12.878     0     0 I init    : Not setting encryption policy on: /data/system_de
02-02 07:15:12.878     0     0 I init    : Not setting encryption policy on: /data/system_ce
02-02 07:15:12.878     0     0 I init    : Not setting encryption policy on: /data/misc_de
02-02 07:15:12.878     0     0 I init    : Not setting encryption policy on: /data/misc_ce
02-02 07:15:12.878     0     0 I init    : Not setting encryption policy on: /data/user
02-02 07:15:12.878     0     0 I init    : Not setting encryption policy on: /data/user_de
02-02 07:15:12.879     0     0 I init    : Command 'rm /data/user/0' action=post-fs-data (/system/etc/init/hw/init.rc:920) took 0ms and failed: unlink() failed: Is a directory
02-02 07:15:12.884     0     0 I init    : Verified that /data/cache has the encryption policy 1205de1cb1edc6b0ee93559ed0264b1e v2 modes 1/4 flags 0xa
02-02 07:15:12.885     0     0 I init    : Verified that /data/rollback has the encryption policy 1205de1cb1edc6b0ee93559ed0264b1e v2 modes 1/4 flags 0xa
02-02 07:15:12.885     0     0 I init    : Verified that /data/rollback-observer has the encryption policy 1205de1cb1edc6b0ee93559ed0264b1e v2 modes 1/4 flags 0xa
02-02 07:15:12.885     0     0 W init    : Inferred action different from explicit one, expected 2 but got 3
02-02 07:15:12.885     0     0 I init    : Verified that /data/rollback-history has the encryption policy 1205de1cb1edc6b0ee93559ed0264b1e v2 modes 1/4 flags 0xa
02-02 07:15:12.885     0     0 I init    : Verified that /data/incremental has the encryption policy 1205de1cb1edc6b0ee93559ed0264b1e v2 modes 1/4 flags 0xa
02-02 07:15:12.886     0     0 I init    : start_waiting_for_property("apexd.status", "activated"): already set
02-02 07:15:12.889     0     0 I init    : Parsing file /apex/com.android.adbd/etc/init.rc...
02-02 07:15:12.889     0     0 I init    : Parsing file /apex/com.android.media.swcodec/etc/init.rc...
02-02 07:15:12.890     0     0 I init    : Parsing file /apex/com.android.media/etc/init.rc...
02-02 07:15:12.890     0     0 I init    : Parsing file /apex/com.android.os.statsd/etc/init.rc...
02-02 07:15:12.891     0     0 I init    : Parsing file /apex/com.android.sdkext/etc/derive_classpath.rc...
02-02 07:15:12.891     0     0 I init    : Parsing file /apex/com.android.sdkext/etc/derive_sdk.rc...
02-02 07:15:12.891     0     0 I init    : Not setting encryption policy on: /data/media
02-02 07:15:12.891     0     0 I init    : starting service 'exec 12 (/system/bin/chattr +F /data/media)'...
02-02 07:15:12.892     0     0 I init    : SVC_EXEC service 'exec 12 (/system/bin/chattr +F /data/media)' pid 771 (uid 1023 gid 1023+0 context default) started; waiting...
02-02 07:15:12.898     0     0 I init    : Service 'exec 12 (/system/bin/chattr +F /data/media)' (pid 771) exited with status 1 waiting took 0.006000 seconds
02-02 07:15:12.898     0     0 I init    : Sending signal 9 to service 'exec 12 (/system/bin/chattr +F /data/media)' (pid 771) process group...
02-02 07:15:12.898     0     0 I libprocessgroup: Successfully killed process cgroup uid 1023 pid 771 in 0ms
02-02 07:15:12.900     0     0 I init    : Verified that /data/media/obb has the encryption policy 1205de1cb1edc6b0ee93559ed0264b1e v2 modes 1/4 flags 0xa
02-02 07:15:12.900     0     0 I init    : starting service 'derive_sdk'...
02-02 07:15:12.901     0     0 I init    : SVC_EXEC service 'derive_sdk' pid 772 (uid 9999 gid 9999+0 context default) started; waiting...
02-02 07:15:12.908     0     0 I init    : Service 'derive_sdk' (pid 772) exited with status 0 waiting took 0.007000 seconds
02-02 07:15:12.908     0     0 I init    : Sending signal 9 to service 'derive_sdk' (pid 772) process group...
02-02 07:15:12.908     0     0 I libprocessgroup: Successfully killed process cgroup uid 9999 pid 772 in 0ms
02-02 07:15:12.908     0     0 I init    : starting service 'exec 13 (/system/bin/vdc --wait cryptfs init_user0)'...
02-02 07:15:12.909     0     0 I init    : SVC_EXEC service 'exec 13 (/system/bin/vdc --wait cryptfs init_user0)' pid 773 (uid 0 gid 0+0 context default) started; waiting...
02-02 07:15:12.913     0     0 I binder  : 773:773 ioctl 40046210 7ffeaaa084 returned -22
02-02 07:15:12.913     0     0 D ProcessState: Binder ioctl to enable oneway spam detection failed: Invalid argument
02-02 07:15:12.913     0     0 D vdc     : Waited 0ms for vold
02-02 07:15:12.913   643   643 D vold    : fscrypt_init_user0
02-02 07:15:12.913   643   643 D vold    : Preparing: /data/misc/vold/user_keys
02-02 07:15:12.914   643   643 D vold    : Preparing: /data/misc/vold/user_keys/ce
02-02 07:15:12.914   643   643 D vold    : Preparing: /data/misc/vold/user_keys/de
02-02 07:15:12.925   643   643 D vold    : Installed fscrypt key with ref b831b360605fbb6606de41cb353fa07f to /data
02-02 07:15:12.925   643   643 D vold    : Added fscrypt-provisioning key for b831b360605fbb6606de41cb353fa07f to session keyring
02-02 07:15:12.925   643   643 D vold    : Installed de key for user 0
02-02 07:15:12.925   643   643 D vold    : fscrypt_prepare_user_storage for volume null, user 0, serial 0, flags 1
02-02 07:15:12.925   643   643 D vold    : Preparing: /data/system/users/0
02-02 07:15:12.926   643   643 D vold    : Preparing: /data/misc/profiles/cur/0
02-02 07:15:12.926   643   643 D vold    : Preparing: /data/system_de/0
02-02 07:15:12.926   643   643 D vold    : Preparing: /data/misc_de/0
02-02 07:15:12.926   643   643 D vold    : Preparing: /data/vendor_de/0
02-02 07:15:12.927   643   643 D vold    : Preparing: /data/user_de/0
02-02 07:15:12.927   643   643 I vold    : Verified that /data/system_de/0 has the encryption policy b831b360605fbb6606de41cb353fa07f v2 modes 1/4 flags 0xa
02-02 07:15:12.927   643   643 I vold    : Verified that /data/misc_de/0 has the encryption policy b831b360605fbb6606de41cb353fa07f v2 modes 1/4 flags 0xa
02-02 07:15:12.927   643   643 I vold    : Verified that /data/vendor_de/0 has the encryption policy b831b360605fbb6606de41cb353fa07f v2 modes 1/4 flags 0xa
02-02 07:15:12.927   643   643 I vold    : Verified that /data/user_de/0 has the encryption policy b831b360605fbb6606de41cb353fa07f v2 modes 1/4 flags 0xa
02-02 07:15:12.927   643   643 D vold    : /system/bin/vold_prepare_subdirs
02-02 07:15:12.927   643   643 D vold    :     prepare
02-02 07:15:12.927   643   643 D vold    :
02-02 07:15:12.927   643   643 D vold    :     0
02-02 07:15:12.927   643   643 D vold    :     1
02-02 07:15:12.944   643   643 D vold    : Detected support for FS_IOC_ADD_ENCRYPTION_KEY
02-02 07:15:12.945     0     0 I init    : Service 'exec 13 (/system/bin/vdc --wait cryptfs init_user0)' (pid 773) exited with status 0 waiting took 0.035000 seconds
02-02 07:15:12.945     0     0 I init    : Sending signal 9 to service 'exec 13 (/system/bin/vdc --wait cryptfs init_user0)' (pid 773) process group...
02-02 07:15:12.945     0     0 I libprocessgroup: Successfully killed process cgroup uid 0 pid 773 in 0ms
02-02 07:15:12.945     0     0 I selinux : SELinux: Skipping restorecon on directory(/data)
02-02 07:15:12.945     0     0 I selinux :
02-02 07:15:12.945     0     0 I init    : starting service 'derive_classpath'...
02-02 07:15:12.946     0     0 I init    : SVC_EXEC service 'derive_classpath' pid 776 (uid 1000 gid 1000+1 context default) started; waiting...
02-02 07:15:12.973     0     0 I init    : Service 'derive_classpath' (pid 776) exited with status 0 waiting took 0.027000 seconds
02-02 07:15:12.973     0     0 I init    : Sending signal 9 to service 'derive_classpath' (pid 776) process group...
02-02 07:15:12.973     0     0 I libprocessgroup: Successfully killed process cgroup uid 1000 pid 776 in 0ms
02-02 07:15:12.974     0     0 I init    : starting service 'odsign'...
02-02 07:15:13.002     0     0 I init    : Wait for property 'odsign.key.done=1' took 27ms
02-02 07:15:13.002     0     0 I init    : starting service 'exec 14 (/system/bin/fsverity_init --lock)'...
02-02 07:15:13.003     0     0 I init    : SVC_EXEC service 'exec 14 (/system/bin/fsverity_init --lock)' pid 778 (uid 0 gid 0+0 context default) started; waiting...
02-02 07:15:13.003     0     0 I init    : Sending signal 9 to service 'odsign' (pid 777) process group...
02-02 07:15:13.008     0     0 I libprocessgroup: Successfully killed process cgroup uid 0 pid 777 in 5ms
02-02 07:15:13.008     0     0 I init    : Control message: Processed ctl.stop for 'odsign' from pid: 777 (/system/bin/odsign)
02-02 07:15:13.008     0     0 I init    : Service 'odsign' (pid 777) received signal 9
02-02 07:15:13.008     0     0 I init    : Service 'exec 14 (/system/bin/fsverity_init --lock)' (pid 778) exited with status 0 waiting took 0.005000 seconds
02-02 07:15:13.008     0     0 I init    : Sending signal 9 to service 'exec 14 (/system/bin/fsverity_init --lock)' (pid 778) process group...
02-02 07:15:13.008     0     0 I libprocessgroup: Successfully killed process cgroup uid 0 pid 778 in 0ms
02-02 07:15:13.009     0     0 I init    : starting service 'apexd-snapshotde'...
02-02 07:15:13.009     0     0 I init    : SVC_EXEC service 'apexd-snapshotde' pid 779 (uid 0 gid 1000+0 context default) started; waiting...
02-02 07:15:13.015     0     0 I apexd   : This device does not support updatable APEX. Exiting
02-02 07:15:13.015     0     0 I apexd   : Marking APEXd as ready
02-02 07:15:13.015     0     0 I init    : Service 'apexd-snapshotde' (pid 779) exited with status 0 waiting took 0.006000 seconds
02-02 07:15:13.015     0     0 I init    : Sending signal 9 to service 'apexd-snapshotde' (pid 779) process group...
02-02 07:15:13.015     0     0 I libprocessgroup: Successfully killed process cgroup uid 0 pid 779 in 0ms
02-02 07:15:13.016     0     0 I init    : starting service 'exec 15 (/system/bin/tzdatacheck /apex/com.android.tzdata/etc/tz /data/misc/zoneinfo)'...
02-02 07:15:13.017     0     0 I init    : SVC_EXEC service 'exec 15 (/system/bin/tzdatacheck /apex/com.android.tzdata/etc/tz /data/misc/zoneinfo)' pid 780 (uid 1000 gid 1000+0 context default) started; waiting...
02-02 07:15:13.022     0     0 I init    : Service 'exec 15 (/system/bin/tzdatacheck /apex/com.android.tzdata/etc/tz /data/misc/zoneinfo)' (pid 780) exited with status 0 waiting took 0.006000 seconds
02-02 07:15:13.022     0     0 I init    : Sending signal 9 to service 'exec 15 (/system/bin/tzdatacheck /apex/com.android.tzdata/etc/tz /data/misc/zoneinfo)' (pid 780) process group...
02-02 07:15:13.023     0     0 I libprocessgroup: Successfully killed process cgroup uid 1000 pid 780 in 0ms
02-02 07:15:13.023     0     0 I init    : processing action (post-fs-data) from (/system/etc/init/hw/init.rc:1351)
02-02 07:15:13.023     0     0 I init    : starting service 'exec 16 (/debug_ramdisk/magisk --post-fs-data)'...
02-02 07:15:13.024     0     0 I init    : SVC_EXEC service 'exec 16 (/debug_ramdisk/magisk --post-fs-data)' pid 781 (uid 0 gid 0+0 context u:r:magisk:s0) started; waiting...
02-02 07:15:13.059     0     0 I init    : Untracked pid 789 received signal 9
02-02 07:15:13.059     0     0 I init    : Untracked pid 787 exited with status 0
02-02 07:15:13.065     0     0 I init    : Untracked pid 791 received signal 9
02-02 07:15:13.100     0     0 I init    : Service 'exec 16 (/debug_ramdisk/magisk --post-fs-data)' (pid 781) exited with status 0 waiting took 0.077000 seconds
02-02 07:15:13.100     0     0 I init    : Sending signal 9 to service 'exec 16 (/debug_ramdisk/magisk --post-fs-data)' (pid 781) process group...
02-02 07:15:13.100     0     0 I libprocessgroup: Successfully killed process cgroup uid 0 pid 781 in 0ms
02-02 07:15:13.101     0     0 I init    : processing action (post-fs-data) from (/system/etc/init/hw/init.usb.rc:6)
02-02 07:15:13.102     0     0 I init    : Verified that /data/adb has the encryption policy 1205de1cb1edc6b0ee93559ed0264b1e v2 modes 1/4 flags 0xa
02-02 07:15:13.102     0     0 I init    : processing action (post-fs-data) from (/vendor/etc/init/hw/init.qcom.rc:232)
02-02 07:15:13.107     0     0 I init    : Command 'rm /data/vendor/radio/shmbus' action=post-fs-data (/vendor/etc/init/hw/init.qcom.rc:294) took 0ms and failed: unlink() failed: No such file or directory
02-02 07:15:13.111     0     0 I init    : Command 'copy /vendor/radio/qcril_database/qcril.db /data/vendor/radio/qcril_prebuilt.db' action=post-fs-data (/vendor/etc/init/hw/init.qcom.rc:359) took 0ms and failed: Could not read input file '/vendor/radio/qcril_database/qcril.db': open() failed: No such file or directory
02-02 07:15:13.111     0     0 I init    : Command 'copy /vendor/radio/qcril_database/qcrilNr.db /data/vendor/radio/qcrilNr_prebuilt.db' action=post-fs-data (/vendor/etc/init/hw/init.qcom.rc:362) took 0ms and failed: Could not read input file '/vendor/radio/qcril_database/qcrilNr.db': open() failed: No such file or directory
02-02 07:15:13.111     0     0 I init    : Command 'copy /vendor/etc/qcril_database/qcrilNr.db /data/vendor/radio/qcrilNr_prebuilt.db' action=post-fs-data (/vendor/etc/init/hw/init.qcom.rc:363) took 0ms and failed: Could not read input file '/vendor/etc/qcril_database/qcrilNr.db': open() failed: No such file or directory
02-02 07:15:13.114     0     0 I init    : processing action (post-fs-data) from (/vendor/etc/init/hw/init.target.rc:74)
02-02 07:15:13.114     0     0 D cnss    : File system is ready, fs_ready is 1, count is 1
02-02 07:15:13.114     0     0 D cnss    : Posting event: COLD_BOOT_CAL_START(5), state: 0x0 flags: 0x0
02-02 07:15:13.114     0     0 D cnss    : PM stay awake, state: 0x0, count: 1
02-02 07:15:13.114     0     0 D cnss    : PM relax, state: 0x0, count: 0
02-02 07:15:13.114     0     0 D cnss    : PM stay awake, state: 0x0, count: 1
02-02 07:15:13.114     0     0 D cnss    : Processing driver event: COLD_BOOT_CAL_START(5), state: 0x0
02-02 07:15:13.114     0     0 D cnss    : Regulator vdd-wlan-io is being enabled
02-02 07:15:13.114     0     0 D cnss    : Regulator wlan-ant-switch is being enabled
02-02 07:15:13.114     0     0 I init    : processing action (post-fs-data) from (/system/etc/init/bootstat.rc:9)
02-02 07:15:13.114     0     0 D cnss    : Regulator vdd-wlan-aon is being enabled
02-02 07:15:13.114     0     0 D cnss    : Regulator vdd-wlan-dig is being enabled
02-02 07:15:13.115     0     0 D cnss    : Regulator vdd-wlan-rfa1 is being enabled
02-02 07:15:13.115     0     0 D cnss    : Regulator vdd-wlan-rfa2 is being enabled
02-02 07:15:13.115     0     0 D cnss    : BT_EN_GPIO State: Off. Delay WLAN_GPIO enable
02-02 07:15:13.117     0     0 I init    : processing action (post-fs-data) from (/system/etc/init/gsid.rc:17)
02-02 07:15:13.117     0     0 I init    : Not setting encryption policy on: /data/gsi
02-02 07:15:13.118     0     0 I init    : processing action (post-fs-data) from (/system/etc/init/incidentd.rc:21)
02-02 07:15:13.118     0     0 I init    : processing action (post-fs-data) from (/system/etc/init/iorapd.rc:29)
02-02 07:15:13.118     0     0 I init    : processing action (post-fs-data) from (/system/etc/init/perfetto.rc:73)
02-02 07:15:13.118     0     0 I init    : Command 'rm /data/misc/perfetto-traces/.guardraildata' action=post-fs-data (/system/etc/init/perfetto.rc:74) took 0ms and failed: unlink() failed: No such file or directory
02-02 07:15:13.118     0     0 I init    : processing action (post-fs-data) from (/system/etc/init/recovery-persist.rc:1)
02-02 07:15:13.118     0     0 I init    : starting service 'exec 17 (/system/bin/recovery-persist)'...
02-02 07:15:13.119     0     0 I init    : processing action (post-fs-data) from (/system/etc/init/wifi.rc:18)
02-02 07:15:13.120     0     0 I selinux : SELinux: Skipping restorecon on directory(/data/misc/apexdata/com.android.wifi)
02-02 07:15:13.120     0     0 I selinux :
02-02 07:15:13.120     0     0 I init    : processing action (post-fs-data) from (/system_ext/etc/init/dpmd.rc:7)
02-02 07:15:13.120     0     0 W init    : Top-level directory needs encryption action, eg mkdir /data/dpm <mode> <uid> <gid> encryption=Require
02-02 07:15:13.120     0     0 I init    : Verified that /data/dpm has the encryption policy 1205de1cb1edc6b0ee93559ed0264b1e v2 modes 1/4 flags 0xa
02-02 07:15:13.120     0     0 I init    : processing action (post-fs-data) from (/system_ext/etc/init/sxrauxd_ext.rc:7)
02-02 07:15:13.120     0     0 I init    : processing action (post-fs-data) from (/vendor/etc/init/android.hardware.neuralnetworks@1.3-service-qti.rc:13)
02-02 07:15:13.121     0     0 I init    : processing action (post-fs-data) from (/vendor/etc/init/android.hardware.wifi.supplicant-service.rc:20)
02-02 07:15:13.121     0     0 I init    : processing action (post-fs-data) from (/vendor/etc/init/dataqti.rc:8)
02-02 07:15:13.121     0     0 I init    : processing action (post-fs-data) from (/vendor/etc/init/feature_enabler_client.rc:1)
02-02 07:15:13.122     0     0 I init    : processing action (post-fs-data) from (/vendor/etc/init/hostapd.android.rc:9)
02-02 07:15:13.122     0     0 I init    : processing action (post-fs-data) from (/vendor/etc/init/init.qti.media.rc:43)
02-02 07:15:13.123     0     0 I init    : Command 'setprop vendor.sys.media.target.version ${vendor.media.target.version}' action=post-fs-data (/vendor/etc/init/init.qti.media.rc:44) took 0ms and failed: property 'vendor.media.target.version' doesn't exist while expanding '${vendor.media.target.version}'
02-02 07:15:13.123     0     0 I init    : processing action (ro.crypto.state=encrypted && ro.crypto.type=file && post-fs-data) from (/vendor/etc/init/init.time_daemon.rc:7)
02-02 07:15:13.123     0     0 I init    : starting service 'time_daemon'...
02-02 07:15:13.124     0     0 I init    : processing action (post-fs-data) from (/vendor/etc/init/init_qfp_daemon.rc:11)
02-02 07:15:13.124     0     0 I init    : Service 'exec 17 (/system/bin/recovery-persist)' (pid 794) exited with status 0 oneshot service took 0.005000 seconds in background
02-02 07:15:13.124     0     0 I init    : Sending signal 9 to service 'exec 17 (/system/bin/recovery-persist)' (pid 794) process group...
02-02 07:15:13.124     0     0 I libprocessgroup: Successfully killed process cgroup uid 1000 pid 794 in 0ms
02-02 07:15:13.125     0     0 I init    : processing action (post-fs-data) from (/vendor/etc/init/ipacm-diag.rc:7)
02-02 07:15:13.125     0     0 I init    : processing action (post-fs-data) from (/vendor/etc/init/ipacm.rc:33)
02-02 07:15:13.125     0     0 I init    : starting service 'vendor.ipacm'...
02-02 07:15:13.126     0     0 I init    : processing action (post-fs-data) from (/vendor/etc/init/netmgrd.rc:22)
02-02 07:15:13.127     0     0 I init    : processing action (post-fs-data) from (/vendor/etc/init/port-bridge.rc:11)
02-02 07:15:13.127     0     0 I init    : processing action (post-fs-data) from (/vendor/etc/init/qmipriod.rc:17)
02-02 07:15:13.128     0     0 I init    : processing action (post-fs-data) from (/vendor/etc/init/qvrd_vndr.rc:7)
02-02 07:15:13.128     0     0 I init    : processing action (post-fs-data) from (/vendor/etc/init/shsusrd.rc:11)
02-02 07:15:13.128     0     0 I init    : processing action (post-fs-data) from (/vendor/etc/init/ssgtzd.rc:7)
02-02 07:15:13.128     0     0 I init    : processing action (post-fs-data) from (/vendor/etc/init/sxrd.rc:7)
02-02 07:15:13.129     0     0 I init    : processing action (post-fs-data) from (/vendor/etc/init/tloc_daemon.rc:8)
02-02 07:15:13.129     0     0 I init    : processing action (post-fs-data) from (/vendor/etc/init/vendor.qti.qspmhal@1.0-service.rc:13)
02-02 07:15:13.130     0     0 I init    : processing action (post-fs-data) from (/vendor/etc/init/vendor.qti.tftp.rc:8)
02-02 07:15:13.130     0     0 I init    : processing action (post-fs-data) from (/product/etc/init/init.qti.display.rc:16)
02-02 07:15:13.131     0     0 I init    : Command 'start vendor_sys_qti_display' action=post-fs-data (/product/etc/init/init.qti.display.rc:17) took 0ms and failed: Could not start service: Cannot find '/product/bin/init.qti.display.sh': Permission denied
02-02 07:15:13.131     0     0 I init    : processing action (load_persist_props_action) from (/system/etc/init/hw/init.rc:529)
02-02 07:15:13.132     0     0 I init    : Wait for property 'ro.persistent_properties.ready=true' took 0ms
02-02 07:15:13.132     0     0 I init    : starting service 'logd-reinit'...
02-02 07:15:13.133     0     0 I init    : processing action (load_persist_props_action) from (/system/etc/init/flags_health_check.rc:1)
02-02 07:15:13.133     0     0 W init    : Top-level directory needs encryption action, eg mkdir /data/server_configurable_flags <mode> <uid> <gid> encryption=Require
02-02 07:15:13.133     0     0 I init    : Verified that /data/server_configurable_flags has the encryption policy 1205de1cb1edc6b0ee93559ed0264b1e v2 modes 1/4 flags 0xa
02-02 07:15:13.133     0     0 I init    : starting service 'exec 18 (/system/bin/flags_health_check BOOT_FAILURE)'...
02-02 07:15:13.134     0     0 I init    : SVC_EXEC service 'exec 18 (/system/bin/flags_health_check BOOT_FAILURE)' pid 799 (uid 1000 gid 1000+0 context default) started; waiting...
02-02 07:15:13.136     0     0 I logd    : logd reinit
02-02 07:15:13.136     0     0 E logd    : Cannot read /data/misc/logd/event-log-tags
02-02 07:15:13.136     0     0 E logd    : FrameworkListener: read() failed (Connection reset by peer)
02-02 07:15:13.136     0     0 I init    : Service 'logd-reinit' (pid 797) exited with status 0 oneshot service took 0.003000 seconds in background
02-02 07:15:13.136     0     0 I init    : Sending signal 9 to service 'logd-reinit' (pid 797) process group...
02-02 07:15:13.136     0     0 I libprocessgroup: Successfully killed process cgroup uid 1036 pid 797 in 0ms
02-02 07:15:13.141     0     0 I init    : Service 'exec 18 (/system/bin/flags_health_check BOOT_FAILURE)' (pid 799) exited with status 0 waiting took 0.007000 seconds
02-02 07:15:13.141     0     0 I init    : Sending signal 9 to service 'exec 18 (/system/bin/flags_health_check BOOT_FAILURE)' (pid 799) process group...
02-02 07:15:13.141     0     0 I libprocessgroup: Successfully killed process cgroup uid 1000 pid 799 in 0ms
02-02 07:15:13.141     0     0 I init    : processing action (load_bpf_programs) from (/system/etc/init/bpfloader.rc:17)
02-02 07:15:13.141     0     0 I init    : starting service 'bpfloader'...
02-02 07:15:13.142     0     0 I init    : SVC_EXEC service 'bpfloader' pid 800 (uid 0 gid 0+0 context default) started; waiting...
02-02 07:15:13.194     0     0 I init    : Service 'bpfloader' (pid 800) exited with status 0 waiting took 0.052000 seconds
02-02 07:15:13.194     0     0 I init    : Sending signal 9 to service 'bpfloader' (pid 800) process group...
02-02 07:15:13.194     0     0 I libprocessgroup: Successfully killed process cgroup uid 0 pid 800 in 0ms
02-02 07:15:13.194     0     0 I init    : processing action (ro.crypto.state=encrypted && ro.crypto.type=file && zygote-start) from (/system/etc/init/hw/init.rc:1053)
02-02 07:15:13.194     0     0 I init    : start_waiting_for_property("odsign.verification.done", "1"): already set
02-02 07:15:13.194     0     0 I init    : starting service 'update_verifier_nonencrypted'...
02-02 07:15:13.195     0     0 I init    : SVC_EXEC service 'update_verifier_nonencrypted' pid 805 (uid 0 gid 2001+1 context default) started; waiting...
02-02 07:15:13.205     0     0 I update_verifier: Started with arg 1: nonencrypted
02-02 07:15:13.205     0     0 I binder  : 805:805 ioctl 40046210 7fdc2caeb4 returned -22
02-02 07:15:13.205     0     0 D hw-ProcessState: Binder ioctl to enable oneway spam detection failed: Invalid argument
02-02 07:15:13.205     0     0 I update_verifier: Booting slot 0: isSlotMarkedSuccessful=1
02-02 07:15:13.205     0     0 I update_verifier: Leaving update_verifier.
02-02 07:15:13.206     0     0 I init    : Service 'update_verifier_nonencrypted' (pid 805) exited with status 0 waiting took 0.010000 seconds
02-02 07:15:13.206     0     0 I init    : Sending signal 9 to service 'update_verifier_nonencrypted' (pid 805) process group...
02-02 07:15:13.206     0     0 I libprocessgroup: Successfully killed process cgroup uid 0 pid 805 in 0ms
02-02 07:15:13.207     0     0 I init    : starting service 'statsd'...
02-02 07:15:13.207     0     0 I init    : Created socket '/dev/socket/statsdw', mode 222, user 1066, group 1066
02-02 07:15:13.209     0     0 I init    : starting service 'netd'...
02-02 07:15:13.209     0     0 I init    : Created socket '/dev/socket/dnsproxyd', mode 660, user 0, group 3003
02-02 07:15:13.209     0     0 I init    : Created socket '/dev/socket/mdns', mode 660, user 0, group 1000
02-02 07:15:13.209     0     0 I init    : Created socket '/dev/socket/fwmarkd', mode 660, user 0, group 3003
02-02 07:15:13.210     0     0 I init    : starting service 'zygote'...
02-02 07:15:13.210     0     0 I init    : Created socket '/dev/socket/zygote', mode 660, user 0, group 1000
02-02 07:15:13.210     0     0 I init    : Created socket '/dev/socket/usap_pool_primary', mode 660, user 0, group 1000
02-02 07:15:13.211     0     0 I init    : starting service 'zygote_secondary'...
02-02 07:15:13.211     0     0 I init    : Created socket '/dev/socket/zygote_secondary', mode 660, user 0, group 1000
02-02 07:15:13.211     0     0 I init    : Created socket '/dev/socket/usap_pool_secondary', mode 660, user 0, group 1000
02-02 07:15:13.214     0     0 I init    : processing action (firmware_mounts_complete) from (/system/etc/init/hw/init.rc:535)
02-02 07:15:13.214     0     0 I init    : processing action (early-boot) from (/vendor/etc/init/hw/init.qcom.rc:87)
02-02 07:15:13.214     0     0 W subsys-pil-tz 17300000.qcom,lpass: Falling back to syfs fallback for: adsp.mdt
02-02 07:15:13.215     0     0 W subsys-pil-tz 8300000.qcom,turing: Falling back to syfs fallback for: cdsp.mdt
02-02 07:15:13.215     0     0 I ueventd : firmware: loading 'adsp.mdt' for '/devices/platform/soc/17300000.qcom,lpass/firmware/adsp.mdt'
02-02 07:15:13.216     0     0 I ueventd : loading /devices/platform/soc/17300000.qcom,lpass/firmware/adsp.mdt took 1ms
02-02 07:15:13.216     0     0 I subsys-pil-tz 17300000.qcom,lpass: adsp: loading from 0x000000008a100000 to 0x000000008be00000
02-02 07:15:13.219     0     0 W subsys-pil-tz 17300000.qcom,lpass: Falling back to syfs fallback for: adsp.b02
02-02 07:15:13.219     0     0 W subsys-pil-tz 17300000.qcom,lpass: Falling back to syfs fallback for: adsp.b03
02-02 07:15:13.219     0     0 W subsys-pil-tz 17300000.qcom,lpass: Falling back to syfs fallback for: adsp.b04
02-02 07:15:13.219     0     0 W subsys-pil-tz 17300000.qcom,lpass: Falling back to syfs fallback for: adsp.b05
02-02 07:15:13.220     0     0 I binder  : 806:806 ioctl 40046210 7fddba6ae4 returned -22
02-02 07:15:13.220     0     0 I ueventd : firmware: loading 'cdsp.mdt' for '/devices/platform/soc/8300000.qcom,turing/firmware/cdsp.mdt'
02-02 07:15:13.220     0     0 W subsys-pil-tz 17300000.qcom,lpass: Falling back to syfs fallback for: adsp.b06
02-02 07:15:13.220     0     0 W subsys-pil-tz 17300000.qcom,lpass: Falling back to syfs fallback for: adsp.b07
02-02 07:15:13.220     0     0 W subsys-pil-tz 17300000.qcom,lpass: Falling back to syfs fallback for: adsp.b08
02-02 07:15:13.220     0     0 W subsys-pil-tz 17300000.qcom,lpass: Falling back to syfs fallback for: adsp.b09
02-02 07:15:13.220     0     0 W subsys-pil-tz 17300000.qcom,lpass: Falling back to syfs fallback for: adsp.b10
02-02 07:15:13.220     0     0 W subsys-pil-tz 17300000.qcom,lpass: Falling back to syfs fallback for: adsp.b11
02-02 07:15:13.220     0     0 W subsys-pil-tz 17300000.qcom,lpass: Falling back to syfs fallback for: adsp.b12
02-02 07:15:13.220     0     0 W subsys-pil-tz 17300000.qcom,lpass: Falling back to syfs fallback for: adsp.b13
02-02 07:15:13.220     0     0 I ueventd : loading /devices/platform/soc/8300000.qcom,turing/firmware/cdsp.mdt took 4ms
02-02 07:15:13.221     0     0 I subsys-pil-tz 8300000.qcom,turing: cdsp: loading from 0x0000000087800000 to 0x0000000088c00000
02-02 07:15:13.221     0     0 W subsys-pil-tz 17300000.qcom,lpass: Falling back to syfs fallback for: adsp.b14
02-02 07:15:13.221     0     0 W subsys-pil-tz 17300000.qcom,lpass: Falling back to syfs fallback for: adsp.b15
02-02 07:15:13.221     0     0 W subsys-pil-tz 17300000.qcom,lpass: Falling back to syfs fallback for: adsp.b16
02-02 07:15:13.222     0     0 I ueventd : firmware: loading 'adsp.b03' for '/devices/platform/soc/17300000.qcom,lpass/firmware/adsp.b03'
02-02 07:15:13.223     0     0 I ueventd : firmware: loading 'adsp.b04' for '/devices/platform/soc/17300000.qcom,lpass/firmware/adsp.b04'
02-02 07:15:13.223     0     0 D cnss    : Assert WLAN_EN GPIO successfully
02-02 07:15:13.223     0     0 D cnss    : Resuming PCI link
02-02 07:15:13.223     0     0 I msm_pcie_enable: PCIe: Assert the reset of endpoint of RC0.
02-02 07:15:13.223     0     0 W subsys-pil-tz 17300000.qcom,lpass: Falling back to syfs fallback for: adsp.b17
02-02 07:15:13.223     0     0 W subsys-pil-tz 17300000.qcom,lpass: Falling back to syfs fallback for: adsp.b18
02-02 07:15:13.224     0     0 W subsys-pil-tz 8300000.qcom,turing: Falling back to syfs fallback for: cdsp.b02
02-02 07:15:13.224     0     0 W subsys-pil-tz 8300000.qcom,turing: Falling back to syfs fallback for: cdsp.b03
02-02 07:15:13.224     0     0 W subsys-pil-tz 8300000.qcom,turing: Falling back to syfs fallback for: cdsp.b04
02-02 07:15:13.224     0     0 W subsys-pil-tz 8300000.qcom,turing: Falling back to syfs fallback for: cdsp.b05
02-02 07:15:13.224     0     0 W subsys-pil-tz 8300000.qcom,turing: Falling back to syfs fallback for: cdsp.b06
02-02 07:15:13.224     0     0 W subsys-pil-tz 8300000.qcom,turing: Falling back to syfs fallback for: cdsp.b08
02-02 07:15:13.224     0     0 W subsys-pil-tz 8300000.qcom,turing: Falling back to syfs fallback for: cdsp.b09
02-02 07:15:13.224     0     0 W subsys-pil-tz 8300000.qcom,turing: Falling back to syfs fallback for: cdsp.b11
02-02 07:15:13.225     0     0 I ueventd : loading /devices/platform/soc/17300000.qcom,lpass/firmware/adsp.b03 took 3ms
02-02 07:15:13.225     0     0 I ueventd : firmware: loading 'adsp.b07' for '/devices/platform/soc/17300000.qcom,lpass/firmware/adsp.b07'
02-02 07:15:13.226     0     0 I ueventd : firmware: loading 'adsp.b06' for '/devices/platform/soc/17300000.qcom,lpass/firmware/adsp.b06'
02-02 07:15:13.226     0     0 I ueventd : loading /devices/platform/soc/17300000.qcom,lpass/firmware/adsp.b04 took 3ms
02-02 07:15:13.226     0     0 I ueventd : firmware: loading 'adsp.b02' for '/devices/platform/soc/17300000.qcom,lpass/firmware/adsp.b02'
02-02 07:15:13.227     0     0 I ueventd : loading /devices/platform/soc/17300000.qcom,lpass/firmware/adsp.b07 took 1ms
02-02 07:15:13.227     0     0 I ueventd : firmware: loading 'adsp.b05' for '/devices/platform/soc/17300000.qcom,lpass/firmware/adsp.b05'
02-02 07:15:13.227     0     0 I ueventd : loading /devices/platform/soc/17300000.qcom,lpass/firmware/adsp.b06 took 0ms
02-02 07:15:13.227     0     0 I ueventd : loading /devices/platform/soc/17300000.qcom,lpass/firmware/adsp.b02 took 0ms
02-02 07:15:13.228     0     0 I ueventd : firmware: loading 'adsp.b11' for '/devices/platform/soc/17300000.qcom,lpass/firmware/adsp.b11'
02-02 07:15:13.229     0     0 I msm_pcie_enable: PCIe: RC0: PCIE20_PARF_INT_ALL_MASK: 0x7f80d202
