02-02 07:15:11.534     0     0 I init    : wait for '/dev/qseecom' took 0ms
02-02 07:15:11.534     0     0 I init    : starting service 'vendor.qseecomd'...
02-02 07:15:11.535     0     0 I init    : processing action (init) from (/vendor/etc/init/vendor.qti.hardware.qseecom@1.0-service.rc:8)
02-02 07:15:11.536     0     0 I init    : starting service 'qseecom-service'...
02-02 07:15:11.536     0     0 I init    : processing action (late-init) from (/system/etc/init/hw/init.rc:539)
02-02 07:15:11.536     0     0 I init    : processing action (late-init) from (/system/etc/init/atrace.rc:3)
02-02 07:15:11.538     0     0 I init    : processing action (late-init) from (/vendor/etc/init/android.hardware.atrace@1.0-service.rc:1)
02-02 07:15:11.539     0     0 I init    : processing action (queue_property_triggers) from (<Builtin Action>:0)
02-02 07:15:11.539     0     0 I init    : processing action (early-fs) from (/system/etc/init/hw/init.rc:577)
02-02 07:15:11.539     0     0 I init    : starting service 'vold'...
02-02 07:15:11.540     0     0 I init    : processing action (early-fs) from (/vendor/etc/init/hw/init.target.rc:52)
02-02 07:15:11.540     0     0 I init    : processing action (fs) from (/vendor/etc/init/hw/init.target.rc:55)
02-02 07:15:11.550     0     0 I init    : [libfs_mgr]superblock s_max_mnt_count:65535,/dev/block/bootdevice/by-name/persist
02-02 07:15:11.550     0     0 I init    : [libfs_mgr]Filesystem on /dev/block/bootdevice/by-name/persist was not cleanly shutdown; state flags: 0x1, incompat feature flags: 0x46
02-02 07:15:11.551     0     0 W EXT4-fs (sda2): Ignoring removed nomblk_io_submit option
02-02 07:15:11.555     0     0 I EXT4-fs (sda2): recovery complete
02-02 07:15:11.558     0     0 I EXT4-fs (sda2): mounted filesystem with ordered data mode. Opts: errors=remount-ro,nomblk_io_submit
02-02 07:15:11.560     0     0 I init    : [libfs_mgr]check_fs(): mount(/dev/block/bootdevice/by-name/persist,/mnt/vendor/persist,ext4)=0: Success
02-02 07:15:11.561     0     0 I init    : [libfs_mgr]umount_retry(): unmount(/mnt/vendor/persist) succeeded
02-02 07:15:11.561     0     0 I init    : [libfs_mgr]Running /system/bin/e2fsck on /dev/block/sda2
02-02 07:15:11.562     0     0 I binder  : 624:624 ioctl 40046210 7fd62e6fb4 returned -22
02-02 07:15:11.574     0     0 I e2fsck  : e2fsck 1.45.4 (23-Sep-2019)
02-02 07:15:11.576     0     0 I e2fsck  : Pass 1: Checking inodes, blocks, and sizes
02-02 07:15:11.580     0     0 I e2fsck  : Pass 2: Checking directory structure
02-02 07:15:11.584     0     0 I e2fsck  : Pass 3: Checking directory connectivity
02-02 07:15:11.584     0     0 I e2fsck  : Pass 4: Checking reference counts
02-02 07:15:11.584     0     0 I e2fsck  : Pass 5: Checking group summary information
02-02 07:15:11.586     0     0 I e2fsck  : /dev/block/bootdevice/by-name/persist: 509/8192 files (1.6% non-contiguous), 6848/8192 blocks
02-02 07:15:11.588     0     0 I EXT4-fs (sda2): mounted filesystem with ordered data mode. Opts: barrier=1
02-02 07:15:11.588     0     0 I init    : [libfs_mgr]__mount(source=/dev/block/bootdevice/by-name/persist,target=/mnt/vendor/persist,type=ext4)=0: Success
--------- beginning of system
02-02 07:15:11.586   643   643 I vold    : Vold 3.0 (the awakening) firing up
02-02 07:15:11.586   643   643 D vold    : Detected support for: ext4 f2fs vfat
02-02 07:15:11.588   643   643 D vold    : Found unmanaged dm device named system_ext_a
02-02 07:15:11.588   643   643 D vold    : Found unmanaged dm device named odm_a
02-02 07:15:11.588   643   643 D vold    : Found unmanaged dm device named system_a
02-02 07:15:11.588   643   643 D vold    : Found unmanaged dm device named vendor-verity
02-02 07:15:11.588   643   643 D vold    : Found unmanaged dm device named vendor_a
02-02 07:15:11.588   643   643 D vold    : Found unmanaged dm device named system_ext-verity
02-02 07:15:11.588   643   643 D vold    : Found unmanaged dm device named odm-verity
02-02 07:15:11.588   643   643 D vold    : Found unmanaged dm device named product-verity
02-02 07:15:11.588   643   643 D vold    : Found unmanaged dm device named system-verity
02-02 07:15:11.588   643   643 D vold    : Found unmanaged dm device named product_a
02-02 07:15:11.588   643   643 I vold    : [libfs_mgr]dt_fstab: Skip disabled entry for partition vendor
02-02 07:15:11.589     0     0 W FAT-fs (sde51): Volume was not properly unmounted. Some data may be corrupt. Please run fsck.
02-02 07:15:11.589     0     0 I init    : [libfs_mgr]__mount(source=/dev/block/bootdevice/by-name/spunvm,target=/mnt/vendor/spunvm,type=vfat)=0: Success
02-02 07:15:11.590     0     0 I binder  : 643:643 ioctl 40046210 7ff34e04f4 returned -22
02-02 07:15:11.590     0     0 I binder  : 643:643 ioctl 40046210 7ff34e0494 returned -22
02-02 07:15:11.590   643   643 D vold    : VoldNativeService::start() completed OK
02-02 07:15:11.590     0     0 I init    : [libfs_mgr]__mount(source=/dev/block/bootdevice/by-name/modem_a,target=/vendor/firmware_mnt,type=vfat)=0: Success
02-02 07:15:11.591     0     0 I init    : [libfs_mgr]superblock s_max_mnt_count:65535,/dev/block/bootdevice/by-name/dsp_a
02-02 07:15:11.592     0     0 I EXT4-fs (sde9): mounted filesystem with ordered data mode. Opts: barrier=1
02-02 07:15:11.592     0     0 I init    : [libfs_mgr]__mount(source=/dev/block/bootdevice/by-name/dsp_a,target=/vendor/dsp,type=ext4)=0: Success
02-02 07:15:11.595     0     0 I init    : [libfs_mgr]__mount(source=/dev/block/bootdevice/by-name/bluetooth_a,target=/vendor/bt_firmware,type=vfat)=0: Success
02-02 07:15:11.595   641   687 I QISL    : QSEE Interrupt Service Listener Thread is started
02-02 07:15:11.595     0     0 I init    : Command 'mount_all /vendor/etc/fstab.qcom --early' action=fs (/vendor/etc/init/hw/init.target.rc:58) took 54ms and succeeded
02-02 07:15:11.596   641   687 I QISL    : QSEE Interrupt Service Listener was activated successfully
02-02 07:15:11.596     0     0 E init    : Control message: Could not find 'vendor.qti.hardware.perf@2.2::IPerf/default' for ctl.interface_start from pid: 626 (/system/bin/hwservicemanager)
02-02 07:15:11.596     0     0 E init    : Control message: Could not find 'vendor.qti.hardware.perf@2.2::IPerf/default' for ctl.interface_start from pid: 626 (/system/bin/hwservicemanager)
02-02 07:15:11.596     0     0 E init    : Control message: Could not find 'vendor.qti.hardware.perf@2.2::IPerf/default' for ctl.interface_start from pid: 626 (/system/bin/hwservicemanager)
02-02 07:15:11.598   641   641 D SPL     : Call QSEECom_register_listener()
02-02 07:15:11.599   641   641 D SPL     : Registered listener sucessfully!
02-02 07:15:11.599   641   641 D SPL     : pipe read-fd [32] write-fd [33]
02-02 07:15:11.599   641   641 D SPL     : Create thread
02-02 07:15:11.599   641   641 D SPL     : Thread created sucessfully.
02-02 07:15:11.599   641   688 D SPL     : spl_dispatch() started
02-02 07:15:11.599   641   688 D SPL     : ==== Wait For Request ======
02-02 07:15:11.599     0     0 E init    : Control message: Could not find 'vendor.qti.hardware.perf@2.2::IPerf/default' for ctl.interface_start from pid: 626 (/system/bin/hwservicemanager)
02-02 07:15:11.601     0     0 E init    : Control message: Could not find 'vendor.qti.hardware.perf@2.2::IPerf/default' for ctl.interface_start from pid: 626 (/system/bin/hwservicemanager)
02-02 07:15:11.601     0     0 I init    : processing action (fs) from (/system/etc/init/logd.rc:28)
02-02 07:15:11.601     0     0 E init    : Control message: Could not find 'vendor.qti.hardware.perf@2.2::IPerf/default' for ctl.interface_start from pid: 626 (/system/bin/hwservicemanager)
02-02 07:15:11.601     0     0 E init    : Control message: Could not find 'vendor.qti.hardware.perf@2.2::IPerf/default' for ctl.interface_start from pid: 626 (/system/bin/hwservicemanager)
02-02 07:15:11.601     0     0 E init    : Control message: Could not find 'vendor.qti.hardware.perf@2.2::IPerf/default' for ctl.interface_start from pid: 626 (/system/bin/hwservicemanager)
02-02 07:15:11.601     0     0 I init    : processing action (fs) from (/system/etc/init/wifi.rc:25)
02-02 07:15:11.601     0     0 E init    : Control message: Could not find 'vendor.qti.hardware.perf@2.2::IPerf/default' for ctl.interface_start from pid: 626 (/system/bin/hwservicemanager)
02-02 07:15:11.601     0     0 I init    : processing action (post-fs) from (/system/etc/init/hw/init.rc:581)
02-02 07:15:11.601     0     0 I init    : starting service 'exec 6 (/system/bin/vdc checkpoint markBootAttempt)'...
02-02 07:15:11.602     0     0 I init    : SVC_EXEC service 'exec 6 (/system/bin/vdc checkpoint markBootAttempt)' pid 689 (uid 1000 gid 1000+0 context default) started; waiting...
02-02 07:15:11.603     0     0 E init    : Control message: Could not find 'vendor.qti.hardware.perf@2.2::IPerf/default' for ctl.interface_start from pid: 626 (/system/bin/hwservicemanager)
02-02 07:15:11.603     0     0 E init    : Control message: Could not find 'vendor.qti.hardware.perf@2.2::IPerf/default' for ctl.interface_start from pid: 626 (/system/bin/hwservicemanager)
02-02 07:15:11.603     0     0 E init    : Control message: Could not find 'vendor.qti.hardware.perf@2.2::IPerf/default' for ctl.interface_start from pid: 626 (/system/bin/hwservicemanager)
02-02 07:15:11.603     0     0 E init    : Control message: Could not find 'vendor.qti.hardware.perf@2.2::IPerf/default' for ctl.interface_start from pid: 626 (/system/bin/hwservicemanager)
02-02 07:15:11.603     0     0 E init    : Control message: Could not find 'vendor.qti.hardware.perf@2.2::IPerf/default' for ctl.interface_start from pid: 626 (/system/bin/hwservicemanager)
02-02 07:15:11.603     0     0 E init    : Control message: Could not find 'vendor.qti.hardware.perf@2.2::IPerf/default' for ctl.interface_start from pid: 626 (/system/bin/hwservicemanager)
02-02 07:15:11.603     0     0 E init    : Control message: Could not find 'vendor.qti.hardware.perf@2.2::IPerf/default' for ctl.interface_start from pid: 626 (/system/bin/hwservicemanager)
02-02 07:15:11.603     0     0 E init    : Control message: Could not find 'vendor.qti.hardware.perf@2.2::IPerf/default' for ctl.interface_start from pid: 626 (/system/bin/hwservicemanager)
02-02 07:15:11.603     0     0 E init    : Control message: Could not find 'vendor.qti.hardware.perf@2.2::IPerf/default' for ctl.interface_start from pid: 626 (/system/bin/hwservicemanager)
02-02 07:15:11.604     0     0 E init    : Control message: Could not find 'vendor.qti.hardware.perf@2.2::IPerf/default' for ctl.interface_start from pid: 626 (/system/bin/hwservicemanager)
02-02 07:15:11.604     0     0 E init    : Control message: Could not find 'vendor.qti.hardware.perf@2.2::IPerf/default' for ctl.interface_start from pid: 626 (/system/bin/hwservicemanager)
02-02 07:15:11.604     0     0 E init    : Control message: Could not find 'vendor.qti.hardware.perf@2.2::IPerf/default' for ctl.interface_start from pid: 626 (/system/bin/hwservicemanager)
02-02 07:15:11.604     0     0 E init    : Control message: Could not find 'vendor.qti.hardware.perf@2.2::IPerf/default' for ctl.interface_start from pid: 626 (/system/bin/hwservicemanager)
02-02 07:15:11.604     0     0 E init    : Control message: Could not find 'vendor.qti.hardware.perf@2.2::IPerf/default' for ctl.interface_start from pid: 626 (/system/bin/hwservicemanager)
02-02 07:15:11.618     0     0 I binder  : 689:689 ioctl 40046210 7ffce97af4 returned -22
02-02 07:15:11.618     0     0 D ProcessState: Binder ioctl to enable oneway spam detection failed: Invalid argument
02-02 07:15:11.618     0     0 D vdc     : Waited 0ms for vold
02-02 07:15:11.620     0     0 I init    : Service 'exec 6 (/system/bin/vdc checkpoint markBootAttempt)' (pid 689) exited with status 0 waiting took 0.017000 seconds
02-02 07:15:11.620     0     0 I init    : Sending signal 9 to service 'exec 6 (/system/bin/vdc checkpoint markBootAttempt)' (pid 689) process group...
02-02 07:15:11.620     0     0 I libprocessgroup: Successfully killed process cgroup uid 1000 pid 689 in 0ms
02-02 07:15:11.621     0     0 E selinux : SELinux:  Could not stat /sys/kernel/debug: No such file or directory.
02-02 07:15:11.621     0     0 E selinux :
02-02 07:15:11.621     0     0 I init    : Command 'chown system cache /cache' action=post-fs (/system/etc/init/hw/init.rc:597) took 0ms and failed: lchown() failed: Read-only file system
02-02 07:15:11.621     0     0 I init    : Command 'chmod 0770 /cache' action=post-fs (/system/etc/init/hw/init.rc:598) took 0ms and failed: fchmodat() failed: Read-only file system
02-02 07:15:11.624     0     0 I selinux : SELinux: Skipping restorecon on directory(/metadata)
02-02 07:15:11.624     0     0 I selinux :
02-02 07:15:11.626     0     0 I selinux : SELinux: Skipping restorecon on directory(/metadata/apex)
02-02 07:15:11.626     0     0 I selinux :
02-02 07:15:11.627     0     0 I init    : processing action (post-fs) from (/vendor/etc/init/hw/init.qcom.rc:84)
02-02 07:15:11.627     0     0 I init    : processing action (post-fs) from (/vendor/etc/init/hw/init.target.rc:64)
02-02 07:15:11.627     0     0 I init    : processing action (post-fs) from (/system/etc/init/gsid.rc:8)
02-02 07:15:11.627     0     0 I init    : processing action (post-fs) from (/system/etc/init/recovery-refresh.rc:1)
02-02 07:15:11.627     0     0 I init    : starting service 'exec 7 (/system/bin/recovery-refresh)'...
02-02 07:15:11.627     0     0 W subsys-pil-tz soc: qcom,ipa_fws: Falling back to syfs fallback for: ipa_fws.mdt
02-02 07:15:11.628     0     0 I init    : processing action (post-fs) from (/vendor/etc/init/init.spdaemon_wait_spunvm.rc:1)
02-02 07:15:11.628     0     0 I init    : wait for '/mnt/vendor/spunvm' took 0ms
02-02 07:15:11.628     0     0 I init    : starting service 'vendor.spdaemon'...
02-02 07:15:11.629     0     0 I init    : starting service 'vendor.sec_nvm'...
02-02 07:15:11.630     0     0 I init    : processing action (late-fs) from (/system/etc/init/hw/init.rc:654)
02-02 07:15:11.631     0     0 I init    : starting service 'system_suspend'...
02-02 07:15:11.632     0     0 I init    : starting service 'keystore2'...
02-02 07:15:11.634     0     0 I init    : starting service 'vendor.atrace-hal-1-0'...
02-02 07:15:11.635     0     0 I init    : starting service 'vendor.boot-hal-1-1'...
02-02 07:15:11.636     0     0 I init    : starting service 'gatekeeper-1-0'...
02-02 07:15:11.637     0     0 I init    : starting service 'qti_esepowermanager_service_1_1'...
02-02 07:15:11.639     0     0 I init    : starting service 'qteeconnector-hal-1-0'...
02-02 07:15:11.641   694   694 E secnvm  : No channel names file.
02-02 07:15:11.641   694   694 E secnvm  : App name in the list is : sp_nvm index: 0
02-02 07:15:11.641   694   694 E secnvm  : App name in the list is : sp_keymaster index: 1
02-02 07:15:11.641   694   694 E secnvm  : App name in the list is : sampleapp index: 2
02-02 07:15:11.641   694   694 E secnvm  : App name in the list is : iuicc index: 3
02-02 07:15:11.641   694   694 D secnvm  : Suppors [4] threads
02-02 07:15:11.641   694   694 D secnvm  : successfully created thread #[0] [sp_nvm]
02-02 07:15:11.641   694   694 D secnvm  : successfully created thread #[1] [sp_keymaster]
02-02 07:15:11.641   694   694 D secnvm  : successfully created thread #[2] [sampleapp]
02-02 07:15:11.641   694   694 D secnvm  : successfully created thread #[3] [iuicc]
02-02 07:15:11.641   694   705 D secnvm  : start routine of appName [iuicc]
02-02 07:15:11.641   694   705 D secnvm  : ch [sec_nvm_iuicc] Wait for link UP...
02-02 07:15:11.641   694   704 D secnvm  : start routine of appName [sampleapp]
02-02 07:15:11.641   694   704 D secnvm  : ch [sec_nvm_sampleapp] Wait for link UP...
02-02 07:15:11.642   694   703 D secnvm  : start routine of appName [sp_keymaster]
02-02 07:15:11.642   694   703 D secnvm  : ch [sec_nvm_sp_keymaster] Wait for link UP...
02-02 07:15:11.642   694   702 D secnvm  : start routine of appName [sp_nvm]
02-02 07:15:11.642   694   702 D secnvm  : ch [sec_nvm_sp_nvm] Wait for link UP...
02-02 07:15:11.645   693   693 D spdaemon: Firmware Name [spss2p].
02-02 07:15:11.642     0     0 I init    : starting service 'secureelement-hal_1_2'...
02-02 07:15:11.645   693   693 D spdaemon: Prod FW.
02-02 07:15:11.645   693   693 D spdaemon: firmware_type [p].
02-02 07:15:11.645   693   693 D spdaemon: machine_name [KONA]
02-02 07:15:11.649   693   693 E iardb   : [iar_db_get_iar_state] failed to open file /mnt/vendor/spunvm/iar_db/iar_state.bin [2] [No such file or directory]
02-02 07:15:11.649   693   693 D iarlib  : [iar_get_state] Can't get iar_state, return DISABLED
02-02 07:15:11.649   693   693 I spdaemon: IAR is not activated
02-02 07:15:11.649   693   693 D spdaemon: ------ going to start SP From kernel ------
02-02 07:15:11.649   693   693 I spcomlib: [spcom_restart_sp_subsystem] restart_sp starts
02-02 07:15:11.648     0     0 I init    : starting service 'vendor.sensors'...
02-02 07:15:11.650   693   693 D spcomlib: [spcom_restart_sp_subsystem] restart_sp - Send PIL request [1]
02-02 07:15:11.649     0     0 I binder  : 695:695 ioctl 40046210 7fc424eb64 returned -22
02-02 07:15:11.649     0     0 I binder  : 695:695 ioctl 40046210 7fc424eaa4 returned -22
02-02 07:15:11.650     0     0 I         : SW_INIT_DONE - 2nd phase loading [spss] completed ok
02-02 07:15:11.650     0     0 I         : PBL_DONE - 1st phase loading [spss] completed ok
02-02 07:15:11.650     0     0 I init    : Service 'exec 7 (/system/bin/recovery-refresh)' (pid 692) exited with status 254 oneshot service took 0.022000 seconds in background
02-02 07:15:11.650     0     0 I init    : Sending signal 9 to service 'exec 7 (/system/bin/recovery-refresh)' (pid 692) process group...
02-02 07:15:11.650     0     0 I libprocessgroup: Successfully killed process cgroup uid 1000 pid 692 in 0ms
02-02 07:15:11.650     0     0 I init    : starting service 'exec 8 (/system/bin/fsverity_init --load-verified-keys)'...
02-02 07:15:11.652   693   693 D spcomlib: [spcom_restart_sp_subsystem] restart_sp - Restart SP command ok.
02-02 07:15:11.652   693   693 D spcomlib: [spcom_signal_event] event [0] [pil_called] EVENT_STATUS_SIGNALED
02-02 07:15:11.652   693   693 I spcomlib: [spcom_reset_all_app_loaded_prop] start reset all spcomlib apploaded props.
02-02 07:15:11.652     0     0 I init    : SVC_EXEC service 'exec 8 (/system/bin/fsverity_init --load-verified-keys)' pid 710 (uid 0 gid 0+0 context default) started; waiting...
02-02 07:15:11.655     0     0 I         : SW_INIT_DONE - 2nd phase loading [spss] completed ok
02-02 07:15:11.656     0     0 I spcom   : spcom_rpdev_probe: Signal link up
02-02 07:15:11.670     0     0 I init    : Service 'exec 8 (/system/bin/fsverity_init --load-verified-keys)' (pid 710) exited with status 0 waiting took 0.017000 seconds
02-02 07:15:11.670     0     0 I init    : Sending signal 9 to service 'exec 8 (/system/bin/fsverity_init --load-verified-keys)' (pid 710) process group...
02-02 07:15:11.670     0     0 I libprocessgroup: Successfully killed process cgroup uid 0 pid 710 in 0ms
02-02 07:15:11.670     0     0 I init    : processing action (ro.kernel.version=4.19 && late-fs) from (/system/etc/init/hw/init.rc:671)
02-02 07:15:11.670     0     0 I init    : processing action (late-fs) from (/system/etc/init/hw/init.rc:675)
02-02 07:15:11.670     0     0 I init    : processing action (late-fs) from (/vendor/etc/init/hw/init.target.rc:69)
02-02 07:15:11.670     0     0 I init    : start_waiting_for_property("hwservicemanager.ready", "true"): already set
02-02 07:15:11.671     0     0 I init    : starting service 'wait_for_keymaster'...
02-02 07:15:11.672     0     0 I init    : SVC_EXEC service 'wait_for_keymaster' pid 714 (uid 0 gid 0+1 context default) started; waiting...
02-02 07:15:11.682     0     0 I wait_for_keymaster: Waiting for Keymaster device
02-02 07:15:11.682     0     0 I binder  : 714:714 ioctl 40046210 7febf9be34 returned -22
02-02 07:15:11.682     0     0 D ProcessState: Binder ioctl to enable oneway spam detection failed: Invalid argument
02-02 07:15:11.682     0     0 E init    : Control message: Could not find 'aidl/android.system.keystore2.IKeystoreService/default' for ctl.interface_start from pid: 625 (/system/bin/servicemanager)
02-02 07:15:11.702   694   705 D secnvm  : ch [sec_nvm_iuicc] SP LINK is UP
02-02 07:15:11.702   694   705 D secnvm  : ch [sec_nvm_iuicc] register spcom service, channel:sec_nvm_iuicc
02-02 07:15:11.702   694   703 D secnvm  : ch [sec_nvm_sp_keymaster] SP LINK is UP
02-02 07:15:11.702   694   704 D secnvm  : ch [sec_nvm_sampleapp] SP LINK is UP
02-02 07:15:11.702   694   703 D secnvm  : ch [sec_nvm_sp_keymaster] register spcom service, channel:sec_nvm_sp_keymaster
02-02 07:15:11.702   694   704 D secnvm  : ch [sec_nvm_sampleapp] register spcom service, channel:sec_nvm_sampleapp
02-02 07:15:11.702   694   702 D secnvm  : ch [sec_nvm_sp_nvm] SP LINK is UP
02-02 07:15:11.702   694   702 D secnvm  : ch [sec_nvm_sp_nvm] register spcom service, channel:sec_nvm_sp_nvm
02-02 07:15:11.702   694   702 D spcomlib: [spcom_register_service] spcom_register_service() name [sec_nvm_sp_nvm] pid [489754012848]
02-02 07:15:11.702   694   702 D spcomlib: [spcom_open] ch [sec_nvm_sp_nvm] doesn't exist, create it.
02-02 07:15:11.702   694   702 D spcomlib: [spcom_create_channel] Create Channel [sec_nvm_sp_nvm].
02-02 07:15:11.726     0     0 I ueventd : firmware: loading 'ipa_fws.mdt' for '/devices/platform/soc/soc:qcom,ipa_fws/firmware/ipa_fws.mdt'
02-02 07:15:11.726     0     0 I ueventd : loading /devices/platform/soc/soc:qcom,ipa_fws/firmware/ipa_fws.mdt took 0ms
02-02 07:15:11.726     0     0 I subsys-pil-tz soc: qcom,ipa_fws: ipa_fws: loading from 0x0000000086810000 to 0x0000000086819000
02-02 07:15:11.728     0     0 W subsys-pil-tz soc: qcom,ipa_fws: Falling back to syfs fallback for: ipa_fws.b02
02-02 07:15:11.729     0     0 W subsys-pil-tz soc: qcom,ipa_fws: Falling back to syfs fallback for: ipa_fws.b03
02-02 07:15:11.729     0     0 W subsys-pil-tz soc: qcom,ipa_fws: Falling back to syfs fallback for: ipa_fws.b04
02-02 07:15:11.731     0     0 I ueventd : firmware: loading 'ipa_fws.b02' for '/devices/platform/soc/soc:qcom,ipa_fws/firmware/ipa_fws.b02'
02-02 07:15:11.732     0     0 I ueventd : firmware: loading 'ipa_fws.b03' for '/devices/platform/soc/soc:qcom,ipa_fws/firmware/ipa_fws.b03'
02-02 07:15:11.733     0     0 I ueventd : loading /devices/platform/soc/soc:qcom,ipa_fws/firmware/ipa_fws.b03 took 0ms
02-02 07:15:11.733     0     0 I ueventd : loading /devices/platform/soc/soc:qcom,ipa_fws/firmware/ipa_fws.b02 took 1ms
02-02 07:15:11.733     0     0 I ueventd : firmware: loading 'ipa_fws.b04' for '/devices/platform/soc/soc:qcom,ipa_fws/firmware/ipa_fws.b04'
02-02 07:15:11.733     0     0 I ueventd : loading /devices/platform/soc/soc:qcom,ipa_fws/firmware/ipa_fws.b04 took 0ms
02-02 07:15:11.734     0     0 I binder  : 696:696 ioctl 40046210 7fdf948374 returned -22
02-02 07:15:11.736     0     0 I subsys-pil-tz soc: qcom,ipa_fws: ipa_fws: Brought out of reset
02-02 07:15:11.736     0     0 I         : IPA FW loaded successfully
02-02 07:15:11.736     0     0 E gsi soc : qcom,msm_gsi: gsi_register_device:1203 GSI irq is wake enabled 34
02-02 07:15:11.737     0     0 I binder  : 696:696 ioctl 40046210 7fdf9478d4 returned -22
02-02 07:15:11.738     0     0 I         : IPA driver initialization was successful.
02-02 07:15:11.738     0     0 W subsys-pil-tz soc: qcom,ipa_uc: Falling back to syfs fallback for: ipa_uc.mdt
02-02 07:15:11.738     0     0 I         : rmnet_ipa3 started initialization
02-02 07:15:11.738     0     0 I         : IPA SSR support = True
02-02 07:15:11.738     0     0 I         : IPA SG support = True
02-02 07:15:11.738     0     0 I         : IPA Napi Enable = True
02-02 07:15:11.738     0     0 I         : using default for wan-rx-desc-size = 256
02-02 07:15:11.738     0     0 E ipa-wan ipa3_wwan_probe: 2530 rmnet_ipa completed initialization
02-02 07:15:11.742     0     0 I ueventd : firmware: loading 'ipa_uc.mdt' for '/devices/platform/soc/soc:qcom,ipa_uc/firmware/ipa_uc.mdt'
02-02 07:15:11.743     0     0 I ueventd : loading /devices/platform/soc/soc:qcom,ipa_uc/firmware/ipa_uc.mdt took 1ms
02-02 07:15:11.743     0     0 I subsys-pil-tz soc: qcom,ipa_uc: ipa_uc: loading from 0x0000000086800000 to 0x0000000086810000
02-02 07:15:11.746   694   702 D spcomlib: [add_ssr_cb] ssr cb added!
02-02 07:15:11.747   694   702 D spcomlib: [start_ssr_thread] ch [spcom] ready!
02-02 07:15:11.747   694   702 D spcomlib: [start_ssr_thread] main pthread self_id [0x79d2cb0].
02-02 07:15:11.747   694   702 D spcomlib: [start_ssr_thread] pthread_create() ret [0] thread-id [0x35dacb0].
02-02 07:15:11.747   694   702 D spcomlib: [start_ssr_thread] Wait for SSR thread to run.
02-02 07:15:11.747   694   743 D spcomlib: [notify_ssr_thread] SSR pthread self_id [0x35dacb0].
02-02 07:15:11.747   694   702 D spcomlib: [start_ssr_thread] pthread_cond_wait() ret [0].
02-02 07:15:11.747   694   702 D spcomlib: [start_ssr_thread] done.
02-02 07:15:11.747   694   702 D spcomlib: [add_ch] add ch [sec_nvm_sp_nvm].
02-02 07:15:11.747   694   702 D spcomlib: [spcom_register_service] spcom_register_service() name [sec_nvm_sp_nvm] pid [489754012848] done
02-02 07:15:11.747   694   702 D spcomlib: [spcom_server_get_next_request_size] Rx (read) ok ch [sec_nvm_sp_nvm] , next_req_size = 2.
02-02 07:15:11.747   694   702 D spcomlib: [spcom_server_wait_for_request] Rx (read) ok ch [sec_nvm_sp_nvm], actual buf size = 2.
02-02 07:15:11.747   694   702 D secnvm  : ch [sec_nvm_sp_nvm] create new request: reqId = 5
02-02 07:15:11.747   694   702 D secnvm  : IsCommitOp
02-02 07:15:11.747   694   702 D secnvm  : NVM version is supported: 3
02-02 07:15:11.747   694   702 D spcomlib: [spcom_server_send_response] size [21].
02-02 07:15:11.747   694   702 D spcomlib: [spcom_server_send_response] Write tx_size [33].
02-02 07:15:11.747   694   702 D secnvm  : setNvmManagerState: is_skp:0, reqId:5, m_state=0
02-02 07:15:11.747   694   705 D spcomlib: [spcom_register_service] spcom_register_service() name [sec_nvm_iuicc] pid [489750891696]
02-02 07:15:11.747   694   705 D spcomlib: [spcom_open] ch [sec_nvm_iuicc] doesn't exist, create it.
02-02 07:15:11.747   694   705 D spcomlib: [spcom_create_channel] Create Channel [sec_nvm_iuicc].
02-02 07:15:11.747     0     0 W subsys-pil-tz soc: qcom,ipa_uc: Falling back to syfs fallback for: ipa_uc.b02
02-02 07:15:11.747   694   702 D spcomlib: [spcom_server_get_next_request_size] Rx (read) ok ch [sec_nvm_sp_nvm] , next_req_size = 150.
02-02 07:15:11.747   694   702 D spcomlib: [spcom_server_wait_for_request] Rx (read) ok ch [sec_nvm_sp_nvm], actual buf size = 150.
02-02 07:15:11.747   694   702 D secnvm  : ch [sec_nvm_sp_nvm] create new request: reqId = 12
02-02 07:15:11.747   694   702 D secnvm  : OpenPartitionOp
02-02 07:15:11.747   694   702 D secnvm  : ch [sec_nvm_sp_nvm] allocate segment#0 out of 1
02-02 07:15:11.747   694   702 D spcomlib: [spcom_ion_alloc] ion_fd = [6], round up ion size = [36864].
02-02 07:15:11.748   694   702 D spcomlib: [spcom_ion_alloc] ion buf fd = [7].
02-02 07:15:11.748   694   702 D secnvm  : ch [sec_nvm_sp_nvm] ari, skp: marker points to req ARC
02-02 07:15:11.749   694   702 D secnvm  : found marker for file
02-02 07:15:11.748     0     0 I ueventd : firmware: loading 'ipa_uc.b02' for '/devices/platform/soc/soc:qcom,ipa_uc/firmware/ipa_uc.b02'
02-02 07:15:11.750   694   702 D secnvm  : found marker for file
02-02 07:15:11.750   694   702 D secnvm  : m_is_ari: 1, m_is_ari_bypass: 1
02-02 07:15:11.750   694   702 D secnvm  : ari bypass: check counters
02-02 07:15:11.750   694   702 D secnvm  : counters: cnt0: 242, cnt1: 241
02-02 07:15:11.750   694   702 D secnvm  : match counter 242 of /mnt/vendor/persist/secnvm/552412310573718226167662182032189844128_0_0
02-02 07:15:11.750   694   702 D secnvm  : load 32 blocks starting from 0
02-02 07:15:11.749     0     0 I ueventd : loading /devices/platform/soc/soc:qcom,ipa_uc/firmware/ipa_uc.b02 took 1ms
02-02 07:15:11.750   694   702 D secnvm  : load 32 hash blocks starting from 32768
02-02 07:15:11.750   694   702 D secnvm  : actual transaction counter: 242
02-02 07:15:11.750   694   702 D secnvm  : successfully uploaded segment to DDR
02-02 07:15:11.750   694   702 D spcomlib: [find_ch] found ch [sec_nvm_sp_nvm].
02-02 07:15:11.750   694   702 D spcomlib: [spcom_lock_ion_buffer] Write() lock ION buf.
02-02 07:15:11.750   694   702 D spcomlib: [spcom_is_ch_connected] channel connection state:1
02-02 07:15:11.751     0     0 I subsys-pil-tz soc: qcom,ipa_uc: ipa_uc: Brought out of reset
02-02 07:15:11.752     0     0 E ipa3_uc_wdi_event_log_info_handler: 351 WDI protocol missing 0x21
02-02 07:15:11.752     0     0 E ipa3_uc_ntn_event_log_info_handler: 34 NTN stats ofst=0x500e0
02-02 07:15:11.765   694   702 D spcomlib: [spcom_server_get_next_request_size] Rx (read) ok ch [sec_nvm_sp_nvm] , next_req_size = 135.
02-02 07:15:11.765   694   702 D spcomlib: [spcom_server_wait_for_request] Rx (read) ok ch [sec_nvm_sp_nvm], actual buf size = 135.
02-02 07:15:11.765   694   702 D secnvm  : ch [sec_nvm_sp_nvm] create new request: reqId = 8
02-02 07:15:11.765   694   702 D secnvm  : CommitOp::execute() start, m_is_skp [1]
02-02 07:15:11.765   694   702 D secnvm  : ch [sec_nvm_sp_nvm] update segment#0 out of 1
02-02 07:15:11.765   694   702 D secnvm  : ch [sec_nvm_sp_nvm] ari, skp: marker points to req ARC
02-02 07:15:11.765   694   702 D secnvm  : found marker for file
02-02 07:15:11.765   694   702 D secnvm  : found marker for file
02-02 07:15:11.765   694   702 D secnvm  : m_is_ari: 1, m_is_ari_bypass: 1
02-02 07:15:11.765   694   702 D secnvm  : ari bypass: check counters
02-02 07:15:11.765   694   702 D secnvm  : counters: cnt0: 242, cnt1: 241
02-02 07:15:11.765   694   702 D secnvm  : match counter 242 of /mnt/vendor/persist/secnvm/552412310573718226167662182032189844128_0_0
02-02 07:15:11.767   694   702 D secnvm  : commit 2 blocks starting from 0
02-02 07:15:11.767   694   702 D secnvm  : commit 2 hash blocks starting from 32768
02-02 07:15:11.767   694   705 D spcomlib: [add_ssr_cb] ssr cb already exist!
02-02 07:15:11.767   694   705 D spcomlib: [start_ssr_thread] SSR thread already started
02-02 07:15:11.767   694   705 D spcomlib: [add_ch] add ch [sec_nvm_iuicc].
02-02 07:15:11.767   694   705 D spcomlib: [spcom_register_service] spcom_register_service() name [sec_nvm_iuicc] pid [489750891696] done
02-02 07:15:11.767   694   703 D spcomlib: [spcom_register_service] spcom_register_service() name [sec_nvm_sp_keymaster] pid [489752972464]
02-02 07:15:11.767   694   703 D spcomlib: [spcom_open] ch [sec_nvm_sp_keymaster] doesn't exist, create it.
02-02 07:15:11.767   694   703 D spcomlib: [spcom_create_channel] Create Channel [sec_nvm_sp_keymaster].
02-02 07:15:11.767   694   702 D secnvm  : updated active file with transaction counter: 243, m_is_ari_bypass: 1
02-02 07:15:11.767   694   702 D secnvm  : successfully updated DDR->flash (transaction counter: 243)
02-02 07:15:11.767   694   702 D secnvm  : successfully commited to the backup file, save bytemap for the next time
02-02 07:15:11.767   694   702 D secnvm  : CommitOp::execute: m_is_skp [1] t_avg usec [2390] t_min [2390] t_max [2390] count [1]
02-02 07:15:11.767   694   702 D secnvm  : CommitOp::execute: sync [2] write [0] read [0]
02-02 07:15:11.767   694   702 D spcomlib: [spcom_server_send_response] size [18].
02-02 07:15:11.767   694   702 D spcomlib: [spcom_server_send_response] Write tx_size [30].
02-02 07:15:11.767   694   702 D secnvm  : SKP's segment opened/create success
02-02 07:15:11.767   694   702 D spcomlib: [spcom_signal_event] event [1] [nvm_ready] EVENT_STATUS_SIGNALED
02-02 07:15:11.767   693   693 D spcomlib: [spcom_wait_for_event] event [1] [nvm_ready] EVENT_STATUS_SIGNALED
02-02 07:15:11.768   694   702 D spcomlib: [spcom_server_get_next_request_size] Rx (read) ok ch [sec_nvm_sp_nvm] , next_req_size = 32.
02-02 07:15:11.768   694   702 D spcomlib: [spcom_server_wait_for_request] Rx (read) ok ch [sec_nvm_sp_nvm], actual buf size = 32.
02-02 07:15:11.768   694   702 D secnvm  : ch [sec_nvm_sp_nvm] create new request: reqId = 13
02-02 07:15:11.768   694   702 D spcomlib: [spcom_ion_alloc] ion_fd = [6], round up ion size = [4096].
02-02 07:15:11.768   694   702 D spcomlib: [spcom_ion_alloc] ion buf fd = [8].
02-02 07:15:11.768   694   702 D spcomlib: [find_ch] found ch [sec_nvm_sp_nvm].
02-02 07:15:11.768   694   702 D spcomlib: [spcom_lock_ion_buffer] Write() lock ION buf.
02-02 07:15:11.768   694   702 D spcomlib: [spcom_is_ch_connected] channel connection state:1
02-02 07:15:11.768   694   702 D secnvm  : setNvmManagerState: is_skp:0, reqId:13, m_state=4
02-02 07:15:11.773   694   702 D spcomlib: [spcom_server_get_next_request_size] Rx (read) ok ch [sec_nvm_sp_nvm] , next_req_size = 135.
02-02 07:15:11.773   694   702 D spcomlib: [spcom_server_wait_for_request] Rx (read) ok ch [sec_nvm_sp_nvm], actual buf size = 135.
02-02 07:15:11.773   694   702 D secnvm  : ch [sec_nvm_sp_nvm] create new request: reqId = 8
02-02 07:15:11.773   694   702 D secnvm  : CommitOp::execute() start, m_is_skp [1]
02-02 07:15:11.773   694   702 D secnvm  : ch [sec_nvm_sp_nvm] update segment#0 out of 1
02-02 07:15:11.773   694   702 D secnvm  : ch [sec_nvm_sp_nvm] ari, skp: marker points to req ARC
02-02 07:15:11.773   694   702 D secnvm  : found marker for file
02-02 07:15:11.773   694   702 D secnvm  : found marker for file
02-02 07:15:11.773   694   702 D secnvm  : m_is_ari: 1, m_is_ari_bypass: 1
02-02 07:15:11.773   694   702 D secnvm  : ari bypass: check counters
02-02 07:15:11.773   694   702 D secnvm  : counters: cnt0: 242, cnt1: 243
02-02 07:15:11.773   694   702 D secnvm  : match counter 243 of /mnt/vendor/persist/secnvm/552412310573718226167662182032189844128_0_1
02-02 07:15:11.774   694   702 D secnvm  : commit 2 blocks starting from 0
02-02 07:15:11.774   694   702 D secnvm  : commit 2 hash blocks starting from 32768
02-02 07:15:11.774   694   702 D secnvm  : updated active file with transaction counter: 244, m_is_ari_bypass: 1
02-02 07:15:11.774   694   702 D secnvm  : successfully updated DDR->flash (transaction counter: 244)
02-02 07:15:11.774   694   702 D secnvm  : successfully commited to the backup file, save bytemap for the next time
02-02 07:15:11.774   694   702 D secnvm  : CommitOp::execute: m_is_skp [1] t_avg usec [2014] t_min [1638] t_max [2390] count [2]
02-02 07:15:11.774   694   702 D secnvm  : CommitOp::execute: sync [2] write [0] read [0]
02-02 07:15:11.774   694   702 D spcomlib: [spcom_server_send_response] size [18].
02-02 07:15:11.774   694   702 D spcomlib: [spcom_server_send_response] Write tx_size [30].
02-02 07:15:11.774   694   702 D secnvm  : setNvmManagerState: is_skp:1, reqId:8, m_state=4
02-02 07:15:11.787   694   703 D spcomlib: [add_ssr_cb] ssr cb already exist!
02-02 07:15:11.787   694   703 D spcomlib: [start_ssr_thread] SSR thread already started
02-02 07:15:11.787   694   703 D spcomlib: [add_ch] add ch [sec_nvm_sp_keymaster].
02-02 07:15:11.787   694   703 D spcomlib: [spcom_register_service] spcom_register_service() name [sec_nvm_sp_keymaster] pid [489752972464] done
02-02 07:15:11.787   694   704 D spcomlib: [spcom_register_service] spcom_register_service() name [sec_nvm_sampleapp] pid [489751932080]
02-02 07:15:11.787   694   704 D spcomlib: [spcom_open] ch [sec_nvm_sampleapp] doesn't exist, create it.
02-02 07:15:11.787   694   704 D spcomlib: [spcom_create_channel] Create Channel [sec_nvm_sampleapp].
02-02 07:15:11.787   693   693 D spcomlib: [spcom_register_client_with_max_retry] spcom_register_client() name [spdaemon_ssr] pid [545211499768]
02-02 07:15:11.788   693   693 D spcomlib: [spcom_open] ch [spdaemon_ssr] doesn't exist, create it.
02-02 07:15:11.788   693   693 D spcomlib: [spcom_create_channel] Create Channel [spdaemon_ssr].
02-02 07:15:11.807   694   704 D spcomlib: [add_ssr_cb] ssr cb already exist!
02-02 07:15:11.807   694   704 D spcomlib: [start_ssr_thread] SSR thread already started
02-02 07:15:11.807   694   704 D spcomlib: [add_ch] add ch [sec_nvm_sampleapp].
02-02 07:15:11.807   694   704 D spcomlib: [spcom_register_service] spcom_register_service() name [sec_nvm_sampleapp] pid [489751932080] done
02-02 07:15:11.808   693   693 D spcomlib: [add_ssr_cb] ssr cb added!
02-02 07:15:11.808   693   693 D spcomlib: [start_ssr_thread] ch [spcom] ready!
02-02 07:15:11.808   693   693 D spcomlib: [start_ssr_thread] main pthread self_id [0xf12344f8].
02-02 07:15:11.808   693   693 D spcomlib: [start_ssr_thread] pthread_create() ret [0] thread-id [0xd977ecb0].
02-02 07:15:11.808   693   693 D spcomlib: [start_ssr_thread] Wait for SSR thread to run.
02-02 07:15:11.808   693   745 D spcomlib: [notify_ssr_thread] SSR pthread self_id [0xd977ecb0].
02-02 07:15:11.808   693   693 D spcomlib: [start_ssr_thread] pthread_cond_wait() ret [0].
02-02 07:15:11.808   693   693 D spcomlib: [start_ssr_thread] done.
02-02 07:15:11.808   693   693 D spcomlib: [add_ch] add ch [spdaemon_ssr].
02-02 07:15:11.808   693   693 D spcomlib: [spcom_register_client_with_max_retry] spcom_register_client() name [spdaemon_ssr] fd [6] pid [545211499768] done.
02-02 07:15:11.808   693   693 D spdaemon: SSR callback registered ok.
02-02 07:15:11.808   693   693 D spdaemon: Wait for sp link up.
02-02 07:15:11.818   693   693 D spdaemon: SP LINK is UP in [10] msec.
02-02 07:15:11.818   693   693 D spcomlib: [spcom_register_client_with_max_retry] spcom_register_client() name [cryptoapp] pid [545211499768]
02-02 07:15:11.818   693   693 D spcomlib: [spcom_open] ch [cryptoapp] doesn't exist, create it.
02-02 07:15:11.818   693   693 D spcomlib: [spcom_create_channel] Create Channel [cryptoapp].
02-02 07:15:11.842   693   693 D spcomlib: [add_ssr_cb] ssr cb added!
02-02 07:15:11.842   693   693 D spcomlib: [start_ssr_thread] SSR thread already started
02-02 07:15:11.842   693   693 D spcomlib: [add_ch] add ch [cryptoapp].
02-02 07:15:11.842   693   693 D spcomlib: [spcom_register_client_with_max_retry] spcom_register_client() name [cryptoapp] fd [8] pid [545211499768] done.
02-02 07:15:11.842   693   693 D spcomlib: [spcom_is_ch_connected] channel connection state:1
02-02 07:15:11.842   693   693 D spcomlib: [spcom_sp_sysparam_read_ext] Issue SP_CMD_ID_SYSPARAM_READ (3).
02-02 07:15:11.842   693   693 D spcomlib: [spcom_client_send_message_sync] name [cryptoapp] req_size [16] resp_size [8] pid [545211499768].
02-02 07:15:11.847   693   693 D spcomlib: [spcom_client_send_message_sync] name [cryptoapp] resp_size [8] pid [545211499768] done.
02-02 07:15:11.847   693   693 D spcomlib: [spcom_sp_sysparam_read_ext] SP_CMD_ID_SYSPARAM_READ returned value (0x00150000).
02-02 07:15:11.847   693   693 D spcomlib: [spcom_sp_sysparam_read_ext] Issue SP_CMD_ID_SYSPARAM_READ (4).
02-02 07:15:11.847   693   693 D spcomlib: [spcom_client_send_message_sync] name [cryptoapp] req_size [16] resp_size [8] pid [545211499768].
02-02 07:15:11.848   693   693 D spcomlib: [spcom_client_send_message_sync] name [cryptoapp] resp_size [8] pid [545211499768] done.
02-02 07:15:11.848   693   693 D spcomlib: [spcom_sp_sysparam_read_ext] SP_CMD_ID_SYSPARAM_READ returned value (0x09F77928).
02-02 07:15:11.848   693   693 D spcomlib: [spcom_sp_sysparam_read_ext] Issue SP_CMD_ID_SYSPARAM_READ (3).
02-02 07:15:11.849   693   693 D spcomlib: [spcom_client_send_message_sync] name [cryptoapp] req_size [16] resp_size [8] pid [545211499768].
02-02 07:15:11.852   693   693 D spcomlib: [spcom_client_send_message_sync] name [cryptoapp] resp_size [8] pid [545211499768] done.
02-02 07:15:11.852   693   693 D spcomlib: [spcom_sp_sysparam_read_ext] SP_CMD_ID_SYSPARAM_READ returned value (0x00150000).
02-02 07:15:11.852   693   693 D spcomlib: [spcom_sp_sysparam_read_ext] Issue SP_CMD_ID_SYSPARAM_READ (4).
02-02 07:15:11.852   693   693 D spcomlib: [spcom_client_send_message_sync] name [cryptoapp] req_size [16] resp_size [8] pid [545211499768].
02-02 07:15:11.853   693   693 D spcomlib: [spcom_client_send_message_sync] name [cryptoapp] resp_size [8] pid [545211499768] done.
02-02 07:15:11.853   693   693 D spcomlib: [spcom_sp_sysparam_read_ext] SP_CMD_ID_SYSPARAM_READ returned value (0x09F77928).
02-02 07:15:11.853   693   693 I spdaemon: cryptoapp, v21.0.09F77928
02-02 07:15:11.853   693   693 D spcomlib: [spcom_sp_sysparam_read_ext] Issue SP_CMD_ID_SYSPARAM_READ (3).
02-02 07:15:11.853   693   693 D spcomlib: [spcom_client_send_message_sync] name [cryptoapp] req_size [16] resp_size [8] pid [545211499768].
02-02 07:15:11.857   693   693 D spcomlib: [spcom_client_send_message_sync] name [cryptoapp] resp_size [8] pid [545211499768] done.
02-02 07:15:11.857   693   693 D spcomlib: [spcom_sp_sysparam_read_ext] SP_CMD_ID_SYSPARAM_READ returned value (0x00150000).
02-02 07:15:11.857   693   693 D spcomlib: [spcom_sp_sysparam_read_ext] Issue SP_CMD_ID_SYSPARAM_READ (4).
02-02 07:15:11.857   693   693 D spcomlib: [spcom_client_send_message_sync] name [cryptoapp] req_size [16] resp_size [8] pid [545211499768].
02-02 07:15:11.858   693   693 D spcomlib: [spcom_client_send_message_sync] name [cryptoapp] resp_size [8] pid [545211499768] done.
02-02 07:15:11.858   693   693 D spcomlib: [spcom_sp_sysparam_read_ext] SP_CMD_ID_SYSPARAM_READ returned value (0x09F77928).
02-02 07:15:11.858   693   693 I spdaemon: sp_keymaster, v21.0.09F77928
02-02 07:15:11.858   693   693 D spdaemon: Load SP App [macchiato].
02-02 07:15:11.858   693   693 E iardb   : [iar_db_get_iar_state] failed to open file /mnt/vendor/spunvm/iar_db/iar_state.bin [2] [No such file or directory]
02-02 07:15:11.858   693   693 D iarlib  : [iar_get_state] Can't get iar_state, return DISABLED
02-02 07:15:11.858   693   693 D spdaemon: Load SP App [/vendor/firmware_mnt/image/macch2p.sig].
02-02 07:15:11.858   693   693 D spcomlib: [spcom_load_app] Version 4.0.
02-02 07:15:11.860   693   693 D spcomlib: [spcom_load_app] file [/vendor/firmware_mnt/image/macch2p.sig] size [34160] st_nlink #1.
02-02 07:15:11.861   693   693 D spcomlib: [spcom_load_app] file [/vendor/firmware_mnt/image/macch2p.sig] read size [34160].
02-02 07:15:11.861   693   693 D spcomlib: [get_file_name_from_path] file_name [macch2p]
02-02 07:15:11.861   693   693 D spcomlib: [spcom_load_app_from_buffer] load app from buffer: [macch2p]
02-02 07:15:11.861   693   693 D spcomlib: [spcom_ion_alloc] ion_fd = [9], round up ion size = [524288].
02-02 07:15:11.861   693   693 D spcomlib: [spcom_ion_alloc] ion buf fd = [10].
02-02 07:15:11.861   693   693 D spcomlib: [spcom_load_app_from_buffer] app buf successfully created for [macchiato].
02-02 07:15:11.861   693   693 D iarlib  : [iar_handle_pre_app_load] pre load app.
02-02 07:15:11.861   693   693 E iardb   : [iar_db_get_iar_state] failed to open file /mnt/vendor/spunvm/iar_db/iar_state.bin [2] [No such file or directory]
02-02 07:15:11.861   693   693 D iarlib  : [iar_get_state] Can't get iar_state, return DISABLED
02-02 07:15:11.861   693   693 I iarlib  : [iar_handle_pre_app_load] IAR is NOT Activated.
02-02 07:15:11.861   693   693 D spcomlib: [spcom_load_app_from_buffer] IAR handle pre-app load: 0
02-02 07:15:11.861   693   693 D spcomlib: [spcom_register_client_with_max_retry] spcom_register_client() name [sp_kernel] pid [545211499768]
02-02 07:15:11.861   693   693 D spcomlib: [add_ch] add ch [sp_kernel].
02-02 07:15:11.861   693   693 D spcomlib: [spcom_register_client_with_max_retry] spcom_register_client() name [sp_kernel] fd [9] pid [545211499768] done.
02-02 07:15:11.861   693   693 D spcomlib: [spcom_is_ch_connected] channel connection state:1
02-02 07:15:11.861   693   693 D spcomlib: [find_ch] found ch [sp_kernel].
02-02 07:15:11.861   693   693 D spcomlib: [spcom_lock_ion_buffer] Write() lock ION buf.
02-02 07:15:11.861   693   693 D spcomlib: [spcom_is_ch_connected] channel connection state:1
02-02 07:15:11.861   693   693 D spcomlib: [spcom_client_send_modified_command] timeout_msec [9000].
02-02 07:15:11.896   693   693 D spcomlib: [spcom_load_app_from_buffer] Load App [macchiato] ret [20]
02-02 07:15:11.896   693   693 E iardb   : [iar_db_get_iar_state] failed to open file /mnt/vendor/spunvm/iar_db/iar_state.bin [2] [No such file or directory]
02-02 07:15:11.896   693   693 D iarlib  : [iar_get_state] Can't get iar_state, return DISABLED
02-02 07:15:11.896   693   693 I iarlib  : [iar_handle_post_app_load] IAR not activated
02-02 07:15:11.896   693   693 D spcomlib: [spcom_load_app_from_buffer] IAR handle post-app load: 0
02-02 07:15:11.896   693   693 D spcomlib: [spcom_unregister_client] spcom_unregister_client() name [sp_kernel] fd [9] pid [545211499768].
02-02 07:15:11.896   693   693 D spcomlib: [del_ch] del ch [sp_kernel].
02-02 07:15:11.896   693   693 D spcomlib: [spcom_unregister_client] spcom_unregister_client() pid [545211499768] done.
02-02 07:15:11.896   693   693 D spcomlib: [spcom_load_app_from_buffer] Load App resp->error_code: [0].
02-02 07:15:11.896   693   693 D spcomlib: [spcom_load_app_from_buffer] Load App [macchiato] completed ok.
02-02 07:15:11.906   693   693 D spdaemon: SP App [macchiato] is loaded successfully.
02-02 07:15:11.906   693   693 D spcomlib: [spcom_sp_sysparam_read_ext] Issue SP_CMD_ID_SYSPARAM_READ (3).
02-02 07:15:11.906   693   693 D spcomlib: [spcom_client_send_message_sync] name [cryptoapp] req_size [16] resp_size [8] pid [545211499768].
02-02 07:15:11.912   693   693 D spcomlib: [spcom_client_send_message_sync] name [cryptoapp] resp_size [8] pid [545211499768] done.
02-02 07:15:11.912   693   693 D spcomlib: [spcom_sp_sysparam_read_ext] SP_CMD_ID_SYSPARAM_READ returned value (0x00150000).
02-02 07:15:11.912   693   693 D spcomlib: [spcom_sp_sysparam_read_ext] Issue SP_CMD_ID_SYSPARAM_READ (4).
02-02 07:15:11.912   693   693 D spcomlib: [spcom_client_send_message_sync] name [cryptoapp] req_size [16] resp_size [8] pid [545211499768].
02-02 07:15:11.913   693   693 D spcomlib: [spcom_client_send_message_sync] name [cryptoapp] resp_size [8] pid [545211499768] done.
02-02 07:15:11.913   693   693 D spcomlib: [spcom_sp_sysparam_read_ext] SP_CMD_ID_SYSPARAM_READ returned value (0x09F77928).
02-02 07:15:11.913   693   693 I spdaemon: macchiato, v21.0.09F77928
02-02 07:15:11.913   693   693 D spdaemon: SP Apps were loaded successfully.
02-02 07:15:11.913   693   693 D spcomlib: [spcom_client_send_message_sync] name [cryptoapp] req_size [8] resp_size [56] pid [545211499768].
02-02 07:15:11.934   693   693 D spcomlib: [spcom_client_send_message_sync] name [cryptoapp] resp_size [56] pid [545211499768] done.
02-02 07:15:11.934   693   693 E iardb   : [iar_db_get_iar_state] failed to open file /mnt/vendor/spunvm/iar_db/iar_state.bin [2] [No such file or directory]
02-02 07:15:11.934   693   693 D iarlib  : [iar_get_state] Can't get iar_state, return DISABLED
02-02 07:15:11.934   693   693 E iardb   : [iar_db_get_iar_state] failed to open file /mnt/vendor/spunvm/iar_db/iar_state.bin [2] [No such file or directory]
02-02 07:15:11.934   693   693 D iarlib  : [iar_get_state] Can't get iar_state, return DISABLED
02-02 07:15:11.934   693   693 D spcomlib: [spcom_sp_sysparam_read_ext] Issue SP_CMD_ID_SYSPARAM_READ (0).
02-02 07:15:11.934   693   693 D spcomlib: [spcom_client_send_message_sync] name [cryptoapp] req_size [16] resp_size [8] pid [545211499768].
02-02 07:15:11.935   693   693 D spcomlib: [spcom_client_send_message_sync] name [cryptoapp] resp_size [8] pid [545211499768] done.
02-02 07:15:11.935   693   693 D spcomlib: [spcom_sp_sysparam_read_ext] SP_CMD_ID_SYSPARAM_READ returned value (0x00150000).
02-02 07:15:11.935   693   693 D spcomlib: [spcom_sp_sysparam_read_ext] Issue SP_CMD_ID_SYSPARAM_READ (1).
02-02 07:15:11.935   693   693 D spcomlib: [spcom_client_send_message_sync] name [cryptoapp] req_size [16] resp_size [8] pid [545211499768].
02-02 07:15:11.936   693   693 D spcomlib: [spcom_client_send_message_sync] name [cryptoapp] resp_size [8] pid [545211499768] done.
02-02 07:15:11.936   693   693 D spcomlib: [spcom_sp_sysparam_read_ext] SP_CMD_ID_SYSPARAM_READ returned value (0x09F77928).
02-02 07:15:11.936   693   693 D spcomlib: [spcom_sp_sysparam_read_ext] Issue SP_CMD_ID_SYSPARAM_READ (5).
02-02 07:15:11.936   693   693 D spcomlib: [spcom_client_send_message_sync] name [cryptoapp] req_size [16] resp_size [8] pid [545211499768].
02-02 07:15:11.937   693   693 D spcomlib: [spcom_client_send_message_sync] name [cryptoapp] resp_size [8] pid [545211499768] done.
02-02 07:15:11.937   693   693 D spcomlib: [spcom_sp_sysparam_read_ext] SP_CMD_ID_SYSPARAM_READ returned value (0x04000000).
02-02 07:15:11.937   693   693 I spdaemon: SP Build v21.0.09F77928, HW v04000000
02-02 07:15:11.937   693   693 D spcomlib: [spcom_client_send_message_sync] name [cryptoapp] req_size [8] resp_size [56] pid [545211499768].
02-02 07:15:11.958   693   693 D spcomlib: [spcom_client_send_message_sync] name [cryptoapp] resp_size [56] pid [545211499768] done.
02-02 07:15:11.958   693   693 I spdaemon: Sensors Calibration: Ok, ARI mode: 0, ARI fuse: 0, ARI Gauge: 1095714374
02-02 07:15:11.958   693   693 D spcomlib: [spcom_sp_sysparam_read_ext] Issue SP_CMD_ID_SYSPARAM_READ (6).
02-02 07:15:11.958   693   693 D spcomlib: [spcom_client_send_message_sync] name [cryptoapp] req_size [16] resp_size [8] pid [545211499768].
02-02 07:15:11.961   693   693 D spcomlib: [spcom_client_send_message_sync] name [cryptoapp] resp_size [8] pid [545211499768] done.
02-02 07:15:11.961   693   693 D spcomlib: [spcom_sp_sysparam_read_ext] SP_CMD_ID_SYSPARAM_READ returned value (0x00000000).
02-02 07:15:11.961   693   693 I spdaemon: FIPS: off, FIPS override: off
